Archive member included to satisfy reference by file (symbol)

d:/baidunetdiskdownload/env_released_1.2.4_gcc10_python2/env_released_1.2.3_gcc10_python2/tools/gnu_gcc/arm_gcc/mingw/bin/../lib/gcc/arm-none-eabi/10.2.1/../../../../arm-none-eabi/lib/thumb/v7e-m+fp/hard\libc.a(lib_a-assert.o)
                              build\board\MCUX_Config\clock_config.o (__assert_func)
d:/baidunetdiskdownload/env_released_1.2.4_gcc10_python2/env_released_1.2.3_gcc10_python2/tools/gnu_gcc/arm_gcc/mingw/bin/../lib/gcc/arm-none-eabi/10.2.1/../../../../arm-none-eabi/lib/thumb/v7e-m+fp/hard\libc.a(lib_a-atoi.o)
                              build\kernel\components\drivers\misc\pin.o (atoi)
d:/baidunetdiskdownload/env_released_1.2.4_gcc10_python2/env_released_1.2.3_gcc10_python2/tools/gnu_gcc/arm_gcc/mingw/bin/../lib/gcc/arm-none-eabi/10.2.1/../../../../arm-none-eabi/lib/thumb/v7e-m+fp/hard\libc.a(lib_a-ctype_.o)
                              build\kernel\components\finsh\msh_parse.o (_ctype_)
d:/baidunetdiskdownload/env_released_1.2.4_gcc10_python2/env_released_1.2.3_gcc10_python2/tools/gnu_gcc/arm_gcc/mingw/bin/../lib/gcc/arm-none-eabi/10.2.1/../../../../arm-none-eabi/lib/thumb/v7e-m+fp/hard\libc.a(lib_a-fiprintf.o)
                              d:/baidunetdiskdownload/env_released_1.2.4_gcc10_python2/env_released_1.2.3_gcc10_python2/tools/gnu_gcc/arm_gcc/mingw/bin/../lib/gcc/arm-none-eabi/10.2.1/../../../../arm-none-eabi/lib/thumb/v7e-m+fp/hard\libc.a(lib_a-assert.o) (fiprintf)
d:/baidunetdiskdownload/env_released_1.2.4_gcc10_python2/env_released_1.2.3_gcc10_python2/tools/gnu_gcc/arm_gcc/mingw/bin/../lib/gcc/arm-none-eabi/10.2.1/../../../../arm-none-eabi/lib/thumb/v7e-m+fp/hard\libc.a(lib_a-impure.o)
                              d:/baidunetdiskdownload/env_released_1.2.4_gcc10_python2/env_released_1.2.3_gcc10_python2/tools/gnu_gcc/arm_gcc/mingw/bin/../lib/gcc/arm-none-eabi/10.2.1/../../../../arm-none-eabi/lib/thumb/v7e-m+fp/hard\libc.a(lib_a-assert.o) (_impure_ptr)
d:/baidunetdiskdownload/env_released_1.2.4_gcc10_python2/env_released_1.2.3_gcc10_python2/tools/gnu_gcc/arm_gcc/mingw/bin/../lib/gcc/arm-none-eabi/10.2.1/../../../../arm-none-eabi/lib/thumb/v7e-m+fp/hard\libc.a(lib_a-malloc.o)
                              libraries\MIMXRT1050\MIMXRT1052\drivers\fsl_common.o (malloc)
d:/baidunetdiskdownload/env_released_1.2.4_gcc10_python2/env_released_1.2.3_gcc10_python2/tools/gnu_gcc/arm_gcc/mingw/bin/../lib/gcc/arm-none-eabi/10.2.1/../../../../arm-none-eabi/lib/thumb/v7e-m+fp/hard\libc.a(lib_a-memcmp.o)
                              build\kernel\components\finsh\shell.o (memcmp)
d:/baidunetdiskdownload/env_released_1.2.4_gcc10_python2/env_released_1.2.3_gcc10_python2/tools/gnu_gcc/arm_gcc/mingw/bin/../lib/gcc/arm-none-eabi/10.2.1/../../../../arm-none-eabi/lib/thumb/v7e-m+fp/hard\libc.a(lib_a-memset.o)
                              libraries\MIMXRT1050\MIMXRT1052\drivers\fsl_lpuart.o (memset)
d:/baidunetdiskdownload/env_released_1.2.4_gcc10_python2/env_released_1.2.3_gcc10_python2/tools/gnu_gcc/arm_gcc/mingw/bin/../lib/gcc/arm-none-eabi/10.2.1/../../../../arm-none-eabi/lib/thumb/v7e-m+fp/hard\libc.a(lib_a-strchr.o)
                              build\kernel\components\finsh\msh.o (strchr)
d:/baidunetdiskdownload/env_released_1.2.4_gcc10_python2/env_released_1.2.3_gcc10_python2/tools/gnu_gcc/arm_gcc/mingw/bin/../lib/gcc/arm-none-eabi/10.2.1/../../../../arm-none-eabi/lib/thumb/v7e-m+fp/hard\libc.a(lib_a-strcmp.o)
                              build\kernel\components\finsh\msh.o (strcmp)
d:/baidunetdiskdownload/env_released_1.2.4_gcc10_python2/env_released_1.2.3_gcc10_python2/tools/gnu_gcc/arm_gcc/mingw/bin/../lib/gcc/arm-none-eabi/10.2.1/../../../../arm-none-eabi/lib/thumb/v7e-m+fp/hard\libc.a(lib_a-strcpy.o)
                              build\kernel\components\finsh\shell.o (strcpy)
d:/baidunetdiskdownload/env_released_1.2.4_gcc10_python2/env_released_1.2.3_gcc10_python2/tools/gnu_gcc/arm_gcc/mingw/bin/../lib/gcc/arm-none-eabi/10.2.1/../../../../arm-none-eabi/lib/thumb/v7e-m+fp/hard\libc.a(lib_a-strlen.o)
                              build\kernel\components\finsh\msh.o (strlen)
d:/baidunetdiskdownload/env_released_1.2.4_gcc10_python2/env_released_1.2.3_gcc10_python2/tools/gnu_gcc/arm_gcc/mingw/bin/../lib/gcc/arm-none-eabi/10.2.1/../../../../arm-none-eabi/lib/thumb/v7e-m+fp/hard\libc.a(lib_a-strncmp.o)
                              build\kernel\components\finsh\msh.o (strncmp)
d:/baidunetdiskdownload/env_released_1.2.4_gcc10_python2/env_released_1.2.3_gcc10_python2/tools/gnu_gcc/arm_gcc/mingw/bin/../lib/gcc/arm-none-eabi/10.2.1/../../../../arm-none-eabi/lib/thumb/v7e-m+fp/hard\libc.a(lib_a-strncpy.o)
                              build\kernel\components\finsh\msh.o (strncpy)
d:/baidunetdiskdownload/env_released_1.2.4_gcc10_python2/env_released_1.2.3_gcc10_python2/tools/gnu_gcc/arm_gcc/mingw/bin/../lib/gcc/arm-none-eabi/10.2.1/../../../../arm-none-eabi/lib/thumb/v7e-m+fp/hard\libc.a(lib_a-strrchr.o)
[...]
Memory Configuration

Name             Origin             Length             Attributes
m_flash_config   0x60000000         0x00001000         xr
m_ivt            0x60001000         0x00001000         xr
m_interrupts     0x60002000         0x00000400         xr
m_text           0x60002400         0x01ffdc00         xr
m_data           0x20000000         0x00020000         rw
m_data2          0x20200000         0x00040000         rw
*default*        0x00000000         0xffffffff

Linker script and memory map

LOAD d:/baidunetdiskdownload/env_released_1.2.4_gcc10_python2/env_released_1.2.3_gcc10_python2/tools/gnu_gcc/arm_gcc/mingw/bin/../lib/gcc/arm-none-eabi/10.2.1/../../../../arm-none-eabi/lib/thumb/v7e-m+fp/hard\libm.a
LOAD d:/baidunetdiskdownload/env_released_1.2.4_gcc10_python2/env_released_1.2.3_gcc10_python2/tools/gnu_gcc/arm_gcc/mingw/bin/../lib/gcc/arm-none-eabi/10.2.1/thumb/v7e-m+fp/hard\libgcc.a
LOAD d:/baidunetdiskdownload/env_released_1.2.4_gcc10_python2/env_released_1.2.3_gcc10_python2/tools/gnu_gcc/arm_gcc/mingw/bin/../lib/gcc/arm-none-eabi/10.2.1/../../../../arm-none-eabi/lib/thumb/v7e-m+fp/hard\libc.a
LOAD build\applications\main.o
LOAD build\board\MCUX_Config\clock_config.o
LOAD build\board\MCUX_Config\pin_mux.o
LOAD build\board\board.o
LOAD libraries\MIMXRT1050\MIMXRT1052\drivers\fsl_cache.o
LOAD libraries\MIMXRT1050\MIMXRT1052\drivers\fsl_clock.o
LOAD libraries\MIMXRT1050\MIMXRT1052\drivers\fsl_common.o
LOAD libraries\MIMXRT1050\MIMXRT1052\drivers\fsl_gpio.o
LOAD libraries\MIMXRT1050\MIMXRT1052\drivers\fsl_lpuart.o
LOAD libraries\MIMXRT1050\MIMXRT1052\drivers\fsl_os_abstraction_rtthread.o
LOAD libraries\MIMXRT1050\MIMXRT1052\drivers\fsl_xbara.o
LOAD libraries\MIMXRT1050\MIMXRT1052\drivers\fsl_xbarb.o
LOAD libraries\MIMXRT1050\MIMXRT1052\drivers\generic_list.o
LOAD libraries\MIMXRT1050\MIMXRT1052\gcc\startup_MIMXRT1052.o
LOAD libraries\MIMXRT1050\MIMXRT1052\system_MIMXRT1052.o
LOAD libraries\drivers\drv_common.o
LOAD libraries\drivers\drv_gpio.o
LOAD libraries\drivers\drv_uart.o
LOAD build\kernel\components\drivers\core\device.o
LOAD build\kernel\components\drivers\ipc\completion.o
LOAD build\kernel\components\drivers\ipc\dataqueue.o
LOAD build\kernel\components\drivers\ipc\pipe.o
LOAD build\kernel\components\drivers\ipc\ringblk_buf.o
LOAD build\kernel\components\drivers\ipc\ringbuffer.o
LOAD build\kernel\components\drivers\ipc\waitqueue.o
LOAD build\kernel\components\drivers\ipc\workqueue.o
LOAD build\kernel\components\drivers\misc\pin.o
LOAD build\kernel\components\drivers\serial\serial.o
LOAD build\kernel\components\finsh\cmd.o
LOAD build\kernel\components\finsh\msh.o
LOAD build\kernel\components\finsh\msh_parse.o
LOAD build\kernel\components\finsh\shell.o
LOAD build\kernel\components\libc\compilers\common\cctype.o
LOAD build\kernel\components\libc\compilers\common\cstdlib.o
LOAD build\kernel\components\libc\compilers\common\cstring.o
LOAD build\kernel\components\libc\compilers\common\ctime.o
LOAD build\kernel\components\libc\compilers\common\cunistd.o
LOAD build\kernel\components\libc\compilers\common\cwchar.o
LOAD build\kernel\components\libc\compilers\newlib\syscalls.o
LOAD build\kernel\libcpu\arm\common\div0.o
LOAD build\kernel\libcpu\arm\common\showmem.o
LOAD build\kernel\libcpu\arm\cortex-m7\context_gcc.o
LOAD build\kernel\libcpu\arm\cortex-m7\cpu_cache.o
LOAD build\kernel\libcpu\arm\cortex-m7\cpuport.o
LOAD build\kernel\src\clock.o
LOAD build\kernel\src\components.o
LOAD build\kernel\src\idle.o
LOAD build\kernel\src\ipc.o
LOAD build\kernel\src\irq.o
LOAD build\kernel\src\kservice.o
LOAD build\kernel\src\memheap.o
LOAD build\kernel\src\mempool.o
LOAD build\kernel\src\object.o
LOAD build\kernel\src\scheduler_up.o
LOAD build\kernel\src\thread.o
LOAD build\kernel\src\timer.o
LOAD d:/baidunetdiskdownload/env_released_1.2.4_gcc10_python2/env_released_1.2.3_gcc10_python2/tools/gnu_gcc/arm_gcc/mingw/bin/../lib/gcc/arm-none-eabi/10.2.1/../../../../arm-none-eabi/lib/thumb/v7e-m+fp/hard\libc.a
LOAD d:/baidunetdiskdownload/env_released_1.2.4_gcc10_python2/env_released_1.2.3_gcc10_python2/tools/gnu_gcc/arm_gcc/mingw/bin/../lib/gcc/arm-none-eabi/10.2.1/../../../../arm-none-eabi/lib/thumb/v7e-m+fp/hard\libm.a
START GROUP
LOAD d:/baidunetdiskdownload/env_released_1.2.4_gcc10_python2/env_released_1.2.3_gcc10_python2/tools/gnu_gcc/arm_gcc/mingw/bin/../lib/gcc/arm-none-eabi/10.2.1/thumb/v7e-m+fp/hard\libgcc.a
LOAD d:/baidunetdiskdownload/env_released_1.2.4_gcc10_python2/env_released_1.2.3_gcc10_python2/tools/gnu_gcc/arm_gcc/mingw/bin/../lib/gcc/arm-none-eabi/10.2.1/../../../../arm-none-eabi/lib/thumb/v7e-m+fp/hard\libc.a
END GROUP
                0x00000400                HEAP_SIZE = DEFINED (__heap_size__)?__heap_size__:0x400
                0x00000400                STACK_SIZE = DEFINED (__stack_size__)?__stack_size__:0x400

.flash_config   0x60000000        0x0
                0x60000000                . = ALIGN (0x4)
                0x60000000                __FLASH_BASE = .
 *(.boot_hdr.conf)
                0x60000000                . = ALIGN (0x4)
                0x60001000                ivt_begin = (ORIGIN (m_flash_config) + LENGTH (m_flash_config))

.ivt            0x60001000        0x0
                0x60001000                . = ALIGN (0x4)
 *(.boot_hdr.ivt)
 *(.boot_hdr.boot_data)
 *(.boot_hdr.dcd_data)
                0x60001000                . = ALIGN (0x4)

.interrupts     0x60002000      0x400
                0x60002000                __VECTOR_TABLE = .
                0x60002000                . = ALIGN (0x4)
 *(.isr_vector)
 .isr_vector    0x60002000      0x400 libraries\MIMXRT1050\MIMXRT1052\gcc\startup_MIMXRT1052.o
                0x60002000                __isr_vector
                0x60002400                . = ALIGN (0x4)
                0x60002000                __VECTOR_RAM = __VECTOR_TABLE
                0x00000000                __RAM_VECTOR_TABLE_SIZE_BYTES = 0x0

.text           0x60002400    0x13ab0
                0x60002400                . = ALIGN (0x4)
 *(.text)
 .text          0x60002400      0x204 libraries\MIMXRT1050\MIMXRT1052\gcc\startup_MIMXRT1052.o
                0x60002400                Reset_Handler
                0x60002460                LPI2C4_DriverIRQHandler
                0x60002460                LPSPI2_DriverIRQHandler
                0x60002460                SJC_IRQHandler
                0x60002460                ADC_ETC_IRQ0_IRQHandler
                0x60002460                DebugMon_Handler
                0x60002460                SAI3_RX_DriverIRQHandler
                0x60002460                PXP_IRQHandler
                0x60002460                DMA13_DMA29_DriverIRQHandler
                0x60002460                Reserved86_IRQHandler
                0x60002460                SRC_IRQHandler
                0x60002460                LPSPI4_DriverIRQHandler
                0x60002460                Reserved143_IRQHandler
                0x60002460                SPDIF_DriverIRQHandler
                0x60002460                GPIO1_INT2_IRQHandler
                0x60002460                CSI_IRQHandler
                0x60002460                SNVS_LP_WRAPPER_IRQHandler
                0x60002460                ENC2_IRQHandler
                0x60002460                PWM2_2_IRQHandler
                0x60002460                PWM1_FAULT_IRQHandler
                0x60002460                PWM4_FAULT_IRQHandler
                0x60002460                ENC1_IRQHandler
                0x60002460                GPIO1_INT7_IRQHandler
                0x60002460                CCM_1_IRQHandler
                0x60002460                PWM1_3_IRQHandler
                0x60002460                ADC_ETC_IRQ1_IRQHandler
                0x60002460                XBAR1_IRQ_0_1_IRQHandler
                0x60002460                CTI1_ERROR_IRQHandler
                0x60002460                PWM3_FAULT_IRQHandler
                0x60002460                LCDIF_IRQHandler
                0x60002460                DMA7_DMA23_DriverIRQHandler
                0x60002460                CTI0_ERROR_IRQHandler
                0x60002460                PWM1_0_IRQHandler
                0x60002460                Reserved68_IRQHandler
                0x60002460                LPI2C3_DriverIRQHandler
                0x60002460                TRNG_IRQHandler
                0x60002460                USB_PHY2_IRQHandler
                0x60002460                ACMP3_IRQHandler
                0x60002460                TSC_DIG_IRQHandler
                0x60002460                TMR4_IRQHandler
                0x60002460                DMA3_DMA19_DriverIRQHandler
                0x60002460                TMR1_IRQHandler
                0x60002460                PWM2_0_IRQHandler
                0x60002460                DCP_VMI_IRQHandler
                0x60002460                CAN1_DriverIRQHandler
                0x60002460                DMA14_DMA30_DriverIRQHandler
                0x60002460                ENET_1588_Timer_DriverIRQHandler
                0x60002460                PWM4_0_IRQHandler
                0x60002460                PWM2_1_IRQHandler
                0x60002460                LPSPI1_DriverIRQHandler
                0x60002460                PWM2_FAULT_IRQHandler
                0x60002460                FLEXIO2_DriverIRQHandler
                0x60002460                UsageFault_Handler
                0x60002460                WDOG1_IRQHandler
                0x60002460                DMA_ERROR_DriverIRQHandler
                0x60002460                PMU_EVENT_IRQHandler
                0x60002460                GPT1_IRQHandler
                0x60002460                DMA9_DMA25_DriverIRQHandler
                0x60002460                PWM4_1_IRQHandler
                0x60002460                USB_OTG2_IRQHandler
                0x60002460                ACMP4_IRQHandler
                0x60002460                SEMC_IRQHandler
                0x60002460                DMA0_DMA16_DriverIRQHandler
                0x60002460                DefaultISR
                0x60002460                PWM1_1_IRQHandler
                0x60002460                LPI2C2_DriverIRQHandler
                0x60002460                DMA2_DMA18_DriverIRQHandler
                0x60002460                PWM3_0_IRQHandler
                0x60002460                USDHC1_DriverIRQHandler
                0x60002460                PWM3_3_IRQHandler
                0x60002460                GPIO1_INT0_IRQHandler
                0x60002460                ENC4_IRQHandler
                0x60002460                CSU_IRQHandler
                0x60002460                LPSPI3_DriverIRQHandler
                0x60002460                ADC1_IRQHandler
                0x60002460                FLEXIO1_DriverIRQHandler
                0x60002460                ENET_DriverIRQHandler
                0x60002460                DMA15_DMA31_DriverIRQHandler
                0x60002460                RTWDOG_IRQHandler
                0x60002460                USB_PHY1_IRQHandler
                0x60002460                Reserved78_IRQHandler
                0x60002460                SAI1_DriverIRQHandler
                0x60002460                DMA12_DMA28_DriverIRQHandler
                0x60002460                ENC3_IRQHandler
                0x60002460                EWM_IRQHandler
                0x60002460                TEMP_LOW_HIGH_IRQHandler
                0x60002460                WDOG2_IRQHandler
                0x60002460                GPIO1_INT5_IRQHandler
                0x60002460                FLEXSPI_DriverIRQHandler
                0x60002460                Reserved87_IRQHandler
                0x60002460                PWM3_1_IRQHandler
                0x60002460                PWM2_3_IRQHandler
                0x60002460                GPIO1_INT3_IRQHandler
                0x60002460                CORE_IRQHandler
                0x60002460                DMA4_DMA20_DriverIRQHandler
                0x60002460                BusFault_Handler
                0x60002460                DMA10_DMA26_DriverIRQHandler
                0x60002460                TEMP_PANIC_IRQHandler
                0x60002460                GPIO1_INT6_IRQHandler
                0x60002460                PWM1_2_IRQHandler
                0x60002460                Reserved144_IRQHandler
                0x60002460                GPR_IRQ_IRQHandler
                0x60002460                GPC_IRQHandler
                0x60002460                DCDC_IRQHandler
                0x60002460                PWM4_3_IRQHandler
                0x60002460                ACMP1_IRQHandler
                0x60002460                DMA1_DMA17_DriverIRQHandler
                0x60002460                USB_OTG1_IRQHandler
                0x60002460                CAN2_DriverIRQHandler
                0x60002460                DMA5_DMA21_DriverIRQHandler
                0x60002460                TMR2_IRQHandler
                0x60002460                ADC_ETC_ERROR_IRQ_IRQHandler
                0x60002460                DMA8_DMA24_DriverIRQHandler
                0x60002460                PWM4_2_IRQHandler
                0x60002460                DMA6_DMA22_DriverIRQHandler
                0x60002460                BEE_IRQHandler
                0x60002460                GPIO1_INT1_IRQHandler
                0x60002460                FLEXRAM_IRQHandler
                0x60002460                ADC_ETC_IRQ2_IRQHandler
                0x60002460                GPIO1_INT4_IRQHandler
                0x60002460                CCM_2_IRQHandler
                0x60002460                KPP_IRQHandler
                0x60002460                GPT2_IRQHandler
                0x60002460                ADC2_IRQHandler
                0x60002460                USDHC2_DriverIRQHandler
                0x60002460                MemManage_Handler
                0x60002460                SAI2_DriverIRQHandler
                0x60002460                ACMP2_IRQHandler
                0x60002460                PIT_IRQHandler
                0x60002460                Reserved115_IRQHandler
                0x60002460                SNVS_HP_WRAPPER_IRQHandler
                0x60002460                SNVS_HP_WRAPPER_TZ_IRQHandler
                0x60002460                DMA11_DMA27_DriverIRQHandler
                0x60002460                SAI3_TX_DriverIRQHandler
                0x60002460                XBAR1_IRQ_2_3_IRQHandler
                0x60002460                PWM3_2_IRQHandler
                0x60002460                LPI2C1_DriverIRQHandler
                0x60002460                DCP_IRQHandler
                0x60002460                Reserved123_IRQHandler
                0x60002460                TMR3_IRQHandler
                0x60002464                NMI_Handler
                0x6000246c                SVC_Handler
                0x60002478                DMA0_DMA16_IRQHandler
                0x6000247c                DMA1_DMA17_IRQHandler
                0x60002480                DMA2_DMA18_IRQHandler
                0x60002484                DMA3_DMA19_IRQHandler
                0x60002488                DMA4_DMA20_IRQHandler
                0x6000248c                DMA5_DMA21_IRQHandler
                0x60002490                DMA6_DMA22_IRQHandler
                0x60002494                DMA7_DMA23_IRQHandler
                0x60002498                DMA8_DMA24_IRQHandler
                0x6000249c                DMA9_DMA25_IRQHandler
                0x600024a0                DMA10_DMA26_IRQHandler
                0x600024a4                DMA11_DMA27_IRQHandler
                0x600024a8                DMA12_DMA28_IRQHandler
                0x600024ac                DMA13_DMA29_IRQHandler
                0x600024b0                DMA14_DMA30_IRQHandler
                0x600024b4                DMA15_DMA31_IRQHandler
                0x600024b8                DMA_ERROR_IRQHandler
                0x600024c0                LPUART2_IRQHandler
                0x600024c4                LPUART3_IRQHandler
                0x600024c8                LPUART4_IRQHandler
                0x600024cc                LPUART5_IRQHandler
                0x600024d0                LPUART6_IRQHandler
                0x600024d4                LPUART7_IRQHandler
                0x600024d8                LPUART8_IRQHandler
                0x600024dc                LPI2C1_IRQHandler
                0x600024e0                LPI2C2_IRQHandler
                0x600024e4                LPI2C3_IRQHandler
                0x600024e8                LPI2C4_IRQHandler
                0x600024ec                LPSPI1_IRQHandler
                0x600024f0                LPSPI2_IRQHandler
                0x600024f4                LPSPI3_IRQHandler
                0x600024f8                LPSPI4_IRQHandler
                0x600024fc                CAN1_IRQHandler
                0x60002500                CAN2_IRQHandler
                0x60002504                SAI1_IRQHandler
                0x60002508                SAI2_IRQHandler
                0x6000250c                SAI3_RX_IRQHandler
                0x60002510                SAI3_TX_IRQHandler
                0x60002514                SPDIF_IRQHandler
                0x60002518                FLEXIO1_IRQHandler
                0x6000251c                FLEXIO2_IRQHandler
                0x60002520                FLEXSPI_IRQHandler
                0x60002524                USDHC1_IRQHandler
                0x60002528                USDHC2_IRQHandler
                0x6000252c                ENET_IRQHandler
                0x60002530                ENET_1588_Timer_IRQHandler
 .text          0x60002604      0x144 build\kernel\libcpu\arm\cortex-m7\context_gcc.o
                0x60002604                rt_hw_interrupt_disable
                0x6000260c                rt_hw_interrupt_enable
                0x60002612                rt_hw_context_switch_interrupt
                0x60002612                rt_hw_context_switch
                0x60002632                PendSV_Handler
                0x6000269e                rt_hw_context_switch_to
                0x600026ec                rt_hw_interrupt_thread_switch
                0x600026f0                HardFault_Handler
 *fill*         0x60002748       0x18 
 .text          0x60002760      0x2dc d:/baidunetdiskdownload/env_released_1.2.4_gcc10_python2/env_released_1.2.3_gcc10_python2/tools/gnu_gcc/arm_gcc/mingw/bin/../lib/gcc/arm-none-eabi/10.2.1/../../../../arm-none-eabi/lib/thumb/v7e-m+fp/hard\libc.a(lib_a-strcmp.o)
                0x60002768                strcmp
 *fill*         0x60002a3c        0x4 
 .text          0x60002a40       0xdc d:/baidunetdiskdownload/env_released_1.2.4_gcc10_python2/env_released_1.2.3_gcc10_python2/tools/gnu_gcc/arm_gcc/mingw/bin/../lib/gcc/arm-none-eabi/10.2.1/../../../../arm-none-eabi/lib/thumb/v7e-m+fp/hard\libc.a(lib_a-strlen.o)
                0x60002a40                strlen
 *fill*         0x60002b1c        0x4 
 .text          0x60002b20       0xa0 d:/baidunetdiskdownload/env_released_1.2.4_gcc10_python2/env_released_1.2.3_gcc10_python2/tools/gnu_gcc/arm_gcc/mingw/bin/../lib/gcc/arm-none-eabi/10.2.1/../../../../arm-none-eabi/lib/thumb/v7e-m+fp/hard\libc.a(lib_a-memchr.o)
                0x60002b20                memchr
 .text          0x60002bc0      0x134 d:/baidunetdiskdownload/env_released_1.2.4_gcc10_python2/env_released_1.2.3_gcc10_python2/tools/gnu_gcc/arm_gcc/mingw/bin/../lib/gcc/arm-none-eabi/10.2.1/../../../../arm-none-eabi/lib/thumb/v7e-m+fp/hard\libc.a(lib_a-memcpy.o)
                0x60002bc0                memcpy
 .text          0x60002cf4       0x30 d:/baidunetdiskdownload/env_released_1.2.4_gcc10_python2/env_released_1.2.3_gcc10_python2/tools/gnu_gcc/arm_gcc/mingw/bin/../lib/gcc/arm-none-eabi/10.2.1/thumb/v7e-m+fp/hard\libgcc.a(_aeabi_uldivmod.o)
                0x60002cf4                __aeabi_uldivmod
 .text          0x60002d24      0x2d0 d:/baidunetdiskdownload/env_released_1.2.4_gcc10_python2/env_released_1.2.3_gcc10_python2/tools/gnu_gcc/arm_gcc/mingw/bin/../lib/gcc/arm-none-eabi/10.2.1/thumb/v7e-m+fp/hard\libgcc.a(_udivmoddi4.o)
                0x60002d24                __udivmoddi4
 .text          0x60002ff4        0x4 d:/baidunetdiskdownload/env_released_1.2.4_gcc10_python2/env_released_1.2.3_gcc10_python2/tools/gnu_gcc/arm_gcc/mingw/bin/../lib/gcc/arm-none-eabi/10.2.1/thumb/v7e-m+fp/hard\libgcc.a(_dvmd_tls.o)
                0x60002ff4                __aeabi_idiv0
                0x60002ff4                __aeabi_ldiv0
 *(.text*)
 .text.main     0x60002ff8       0x2e build\applications\main.o
                0x60002ff8                main
 *fill*         0x60003026        0x2 
 .text.CLOCK_SetMux
                0x60003028       0xac build\board\MCUX_Config\clock_config.o
 .text.CLOCK_SetDiv
                0x600030d4       0xac build\board\MCUX_Config\clock_config.o
 .text.CLOCK_ControlGate
                0x60003180       0x74 build\board\MCUX_Config\clock_config.o
 .text.CLOCK_DisableClock
                0x600031f4       0x1e build\board\MCUX_Config\clock_config.o
 *fill*         0x60003212        0x2 
 .text.CLOCK_SetXtalFreq
                0x60003214       0x20 build\board\MCUX_Config\clock_config.o
 .text.CLOCK_SetRtcXtalFreq
                0x60003234       0x20 build\board\MCUX_Config\clock_config.o
 .text.CLOCK_SetPllBypass
                0x60003254       0x4e build\board\MCUX_Config\clock_config.o
 .text.IOMUXC_SetSaiMClkClockSource
                0x600032a2       0x6c build\board\MCUX_Config\clock_config.o
 *fill*         0x6000330e        0x2 
 .text.IOMUXC_MQSConfig
                0x60003310       0x44 build\board\MCUX_Config\clock_config.o
 .text.BOARD_BootClockRUN
                0x60003354      0x620 build\board\MCUX_Config\clock_config.o
                0x60003354                BOARD_BootClockRUN
 .text.CLOCK_ControlGate
                0x60003974       0x74 build\board\MCUX_Config\pin_mux.o
 .text.CLOCK_EnableClock
                0x600039e8       0x1e build\board\MCUX_Config\pin_mux.o
 .text.IOMUXC_SetPinMux
                0x60003a06       0x3a build\board\MCUX_Config\pin_mux.o
 .text.IOMUXC_SetPinConfig
                0x60003a40       0x26 build\board\MCUX_Config\pin_mux.o
 *fill*         0x60003a66        0x2 
 .text.BOARD_InitPins
                0x60003a68      0x244 build\board\MCUX_Config\pin_mux.o
                0x60003a68                BOARD_InitPins
 .text.__NVIC_SetPriorityGrouping
                0x60003cac       0x48 build\board\board.o
 .text.__NVIC_SetPriority
                0x60003cf4       0x54 build\board\board.o
 .text.ARM_MPU_Enable
                0x60003d48       0x40 build\board\board.o
 .text.ARM_MPU_Disable
                0x60003d88       0x3c build\board\board.o
 .text.SCB_EnableICache
                0x60003dc4       0x4c build\board\board.o
 .text.SCB_DisableICache
                0x60003e10       0x40 build\board\board.o
 .text.SCB_EnableDCache
                0x60003e50       0x88 build\board\board.o
 .text.SCB_DisableDCache
                0x60003ed8       0x70 build\board\board.o
 .text.SysTick_Config
                0x60003f48       0x44 build\board\board.o
 .text.BOARD_ConfigMPU
                0x60003f8c      0x19c build\board\board.o
                0x60003f8c                BOARD_ConfigMPU
 .text.SysTick_Handler
                0x60004128       0x14 build\board\board.o
                0x60004128                SysTick_Handler
 .text.rt_hw_board_init
                0x6000413c       0x54 build\board\board.o
                0x6000413c                rt_hw_board_init
 .text.CLOCK_GetOscFreq
                0x60004190       0x30 libraries\MIMXRT1050\MIMXRT1052\drivers\fsl_clock.o
 .text.CLOCK_IsPllBypassed
                0x600041c0       0x32 libraries\MIMXRT1050\MIMXRT1052\drivers\fsl_clock.o
 .text.CLOCK_IsPllEnabled
                0x600041f2       0x3c libraries\MIMXRT1050\MIMXRT1052\drivers\fsl_clock.o
 .text.CLOCK_GetPllBypassRefClk
                0x6000422e       0x34 libraries\MIMXRT1050\MIMXRT1052\drivers\fsl_clock.o
 *fill*         0x60004262        0x2 
 .text.CLOCK_InitExternalClk
                0x60004264       0x78 libraries\MIMXRT1050\MIMXRT1052\drivers\fsl_clock.o
                0x60004264                CLOCK_InitExternalClk
 .text.CLOCK_SwitchOsc
                0x600042dc       0x34 libraries\MIMXRT1050\MIMXRT1052\drivers\fsl_clock.o
                0x600042dc                CLOCK_SwitchOsc
 .text.CLOCK_InitRcOsc24M
                0x60004310       0x24 libraries\MIMXRT1050\MIMXRT1052\drivers\fsl_clock.o
                0x60004310                CLOCK_InitRcOsc24M
 .text.CLOCK_InitArmPll
                0x60004334       0x68 libraries\MIMXRT1050\MIMXRT1052\drivers\fsl_clock.o
                0x60004334                CLOCK_InitArmPll
 .text.CLOCK_DeinitUsb2Pll
                0x6000439c       0x18 libraries\MIMXRT1050\MIMXRT1052\drivers\fsl_clock.o
                0x6000439c                CLOCK_DeinitUsb2Pll
 .text.CLOCK_DeinitAudioPll
                0x600043b4       0x1c libraries\MIMXRT1050\MIMXRT1052\drivers\fsl_clock.o
                0x600043b4                CLOCK_DeinitAudioPll
 .text.CLOCK_DeinitEnetPll
                0x600043d0       0x1c libraries\MIMXRT1050\MIMXRT1052\drivers\fsl_clock.o
                0x600043d0                CLOCK_DeinitEnetPll
 .text.CLOCK_GetPllFreq
                0x600043ec      0x38c libraries\MIMXRT1050\MIMXRT1052\drivers\fsl_clock.o
                0x600043ec                CLOCK_GetPllFreq
 .text.CLOCK_ControlGate
                0x60004778       0x74 libraries\MIMXRT1050\MIMXRT1052\drivers\fsl_gpio.o
 .text.CLOCK_EnableClock
                0x600047ec       0x1e libraries\MIMXRT1050\MIMXRT1052\drivers\fsl_gpio.o
 .text.GPIO_SetPinInterruptConfig
                0x6000480a       0x22 libraries\MIMXRT1050\MIMXRT1052\drivers\fsl_gpio.o
 .text.GPIO_GetInstance
                0x6000482c       0x58 libraries\MIMXRT1050\MIMXRT1052\drivers\fsl_gpio.o
 .text.GPIO_PinInit
                0x60004884       0x8c libraries\MIMXRT1050\MIMXRT1052\drivers\fsl_gpio.o
                0x60004884                GPIO_PinInit
 .text.GPIO_PinWrite
                0x60004910       0x64 libraries\MIMXRT1050\MIMXRT1052\drivers\fsl_gpio.o
                0x60004910                GPIO_PinWrite
 .text.GPIO_PinSetInterruptConfig
                0x60004974       0xfc libraries\MIMXRT1050\MIMXRT1052\drivers\fsl_gpio.o
                0x60004974                GPIO_PinSetInterruptConfig
 .text.CLOCK_ControlGate
                0x60004a70       0x74 libraries\MIMXRT1050\MIMXRT1052\drivers\fsl_lpuart.o
 .text.CLOCK_EnableClock
                0x60004ae4       0x1e libraries\MIMXRT1050\MIMXRT1052\drivers\fsl_lpuart.o
 .text.LPUART_SoftwareReset
                0x60004b02       0x2c libraries\MIMXRT1050\MIMXRT1052\drivers\fsl_lpuart.o
 *fill*         0x60004b2e        0x2 
 .text.LPUART_GetInstance
                0x60004b30       0x58 libraries\MIMXRT1050\MIMXRT1052\drivers\fsl_lpuart.o
                0x60004b30                LPUART_GetInstance
 .text.LPUART_Init
                0x60004b88      0x324 libraries\MIMXRT1050\MIMXRT1052\drivers\fsl_lpuart.o
                0x60004b88                LPUART_Init
 .text.LPUART_GetDefaultConfig
                0x60004eac       0x98 libraries\MIMXRT1050\MIMXRT1052\drivers\fsl_lpuart.o
                0x60004eac                LPUART_GetDefaultConfig
 .text.LPUART_EnableInterrupts
                0x60004f44       0x52 libraries\MIMXRT1050\MIMXRT1052\drivers\fsl_lpuart.o
                0x60004f44                LPUART_EnableInterrupts
 .text.LPUART_GetStatusFlags
                0x60004f96       0x2c libraries\MIMXRT1050\MIMXRT1052\drivers\fsl_lpuart.o
                0x60004f96                LPUART_GetStatusFlags
 *fill*         0x60004fc2        0x2 
 .text.LPUART_ClearStatusFlags
                0x60004fc4       0xa4 libraries\MIMXRT1050\MIMXRT1052\drivers\fsl_lpuart.o
                0x60004fc4                LPUART_ClearStatusFlags
 .text.LPUART1_DriverIRQHandler
                0x60005068       0x24 libraries\MIMXRT1050\MIMXRT1052\drivers\fsl_lpuart.o
                0x60005068                LPUART1_DriverIRQHandler
 .text.LPUART2_DriverIRQHandler
                0x6000508c       0x24 libraries\MIMXRT1050\MIMXRT1052\drivers\fsl_lpuart.o
                0x6000508c                LPUART2_DriverIRQHandler
 .text.LPUART3_DriverIRQHandler
                0x600050b0       0x24 libraries\MIMXRT1050\MIMXRT1052\drivers\fsl_lpuart.o
                0x600050b0                LPUART3_DriverIRQHandler
 .text.LPUART4_DriverIRQHandler
                0x600050d4       0x24 libraries\MIMXRT1050\MIMXRT1052\drivers\fsl_lpuart.o
                0x600050d4                LPUART4_DriverIRQHandler
 .text.LPUART5_DriverIRQHandler
                0x600050f8       0x24 libraries\MIMXRT1050\MIMXRT1052\drivers\fsl_lpuart.o
                0x600050f8                LPUART5_DriverIRQHandler
 .text.LPUART6_DriverIRQHandler
                0x6000511c       0x24 libraries\MIMXRT1050\MIMXRT1052\drivers\fsl_lpuart.o
                0x6000511c                LPUART6_DriverIRQHandler
 .text.LPUART7_DriverIRQHandler
                0x60005140       0x24 libraries\MIMXRT1050\MIMXRT1052\drivers\fsl_lpuart.o
                0x60005140                LPUART7_DriverIRQHandler
 .text.LPUART8_DriverIRQHandler
                0x60005164       0x24 libraries\MIMXRT1050\MIMXRT1052\drivers\fsl_lpuart.o
                0x60005164                LPUART8_DriverIRQHandler
 .text.SCB_EnableICache
                0x60005188       0x4c libraries\MIMXRT1050\MIMXRT1052\system_MIMXRT1052.o
 .text.SCB_EnableDCache
                0x600051d4       0x88 libraries\MIMXRT1050\MIMXRT1052\system_MIMXRT1052.o
 .text.SystemInit
                0x6000525c       0xec libraries\MIMXRT1050\MIMXRT1052\system_MIMXRT1052.o
                0x6000525c                SystemInit
 .text.SystemInitHook
                0x60005348        0xe libraries\MIMXRT1050\MIMXRT1052\system_MIMXRT1052.o
                0x60005348                SystemInitHook
 *fill*         0x60005356        0x2 
 .text.__NVIC_GetPriorityGrouping
                0x60005358       0x1c libraries\drivers\drv_gpio.o
 .text.__NVIC_EnableIRQ
                0x60005374       0x3c libraries\drivers\drv_gpio.o
 .text.__NVIC_SetPriority
                0x600053b0       0x54 libraries\drivers\drv_gpio.o
 .text.NVIC_EncodePriority
                0x60005404       0x66 libraries\drivers\drv_gpio.o
 *fill*         0x6000546a        0x2 
 .text.CLOCK_ControlGate
                0x6000546c       0x74 libraries\drivers\drv_gpio.o
 .text.CLOCK_EnableClock
                0x600054e0       0x1e libraries\drivers\drv_gpio.o
 .text.EnableIRQ
                0x600054fe       0x2c libraries\drivers\drv_gpio.o
 *fill*         0x6000552a        0x2 
 .text.GPIO_PinReadPadStatus
                0x6000552c       0x44 libraries\drivers\drv_gpio.o
 .text.GPIO_PortEnableInterrupts
                0x60005570       0x22 libraries\drivers\drv_gpio.o
 .text.GPIO_PortDisableInterrupts
                0x60005592       0x24 libraries\drivers\drv_gpio.o
 .text.GPIO_PortGetInterruptFlags
                0x600055b6       0x18 libraries\drivers\drv_gpio.o
 .text.GPIO_PortClearInterruptFlags
                0x600055ce       0x1c libraries\drivers\drv_gpio.o
 .text.IOMUXC_SetPinMux
                0x600055ea       0x3a libraries\drivers\drv_gpio.o
 .text.IOMUXC_SetPinConfig
                0x60005624       0x26 libraries\drivers\drv_gpio.o
 *fill*         0x6000564a        0x2 
 .text.imxrt_isr
                0x6000564c       0xb0 libraries\drivers\drv_gpio.o
 .text.GPIO1_Combined_0_15_IRQHandler
                0x600056fc       0x20 libraries\drivers\drv_gpio.o
                0x600056fc                GPIO1_Combined_0_15_IRQHandler
 .text.GPIO1_Combined_16_31_IRQHandler
                0x6000571c       0x20 libraries\drivers\drv_gpio.o
                0x6000571c                GPIO1_Combined_16_31_IRQHandler
 .text.GPIO2_Combined_0_15_IRQHandler
                0x6000573c       0x20 libraries\drivers\drv_gpio.o
                0x6000573c                GPIO2_Combined_0_15_IRQHandler
 .text.GPIO2_Combined_16_31_IRQHandler
                0x6000575c       0x20 libraries\drivers\drv_gpio.o
                0x6000575c                GPIO2_Combined_16_31_IRQHandler
 .text.GPIO3_Combined_0_15_IRQHandler
                0x6000577c       0x20 libraries\drivers\drv_gpio.o
                0x6000577c                GPIO3_Combined_0_15_IRQHandler
 .text.GPIO3_Combined_16_31_IRQHandler
                0x6000579c       0x20 libraries\drivers\drv_gpio.o
                0x6000579c                GPIO3_Combined_16_31_IRQHandler
 .text.GPIO4_Combined_0_15_IRQHandler
                0x600057bc       0x20 libraries\drivers\drv_gpio.o
                0x600057bc                GPIO4_Combined_0_15_IRQHandler
 .text.GPIO4_Combined_16_31_IRQHandler
                0x600057dc       0x20 libraries\drivers\drv_gpio.o
                0x600057dc                GPIO4_Combined_16_31_IRQHandler
 .text.GPIO5_Combined_0_15_IRQHandler
                0x600057fc       0x20 libraries\drivers\drv_gpio.o
                0x600057fc                GPIO5_Combined_0_15_IRQHandler
 .text.GPIO5_Combined_16_31_IRQHandler
                0x6000581c       0x20 libraries\drivers\drv_gpio.o
                0x6000581c                GPIO5_Combined_16_31_IRQHandler
 .text.imxrt_pin_mode
                0x6000583c      0x1c0 libraries\drivers\drv_gpio.o
 .text.imxrt_pin_read
                0x600059fc       0x70 libraries\drivers\drv_gpio.o
 .text.imxrt_pin_write
                0x60005a6c       0x68 libraries\drivers\drv_gpio.o
 .text.imxrt_pin_attach_irq
                0x60005ad4       0xf0 libraries\drivers\drv_gpio.o
 .text.imxrt_pin_detach_irq
                0x60005bc4       0xb4 libraries\drivers\drv_gpio.o
 .text.imxrt_pin_irq_enable
                0x60005c78      0x174 libraries\drivers\drv_gpio.o
 .text.imxrt_pin_get
                0x60005dec       0xb4 libraries\drivers\drv_gpio.o
 .text.rt_hw_pin_init
                0x60005ea0       0x28 libraries\drivers\drv_gpio.o
                0x60005ea0                rt_hw_pin_init
 .text.__NVIC_GetPriorityGrouping
                0x60005ec8       0x1c libraries\drivers\drv_uart.o
 .text.__NVIC_EnableIRQ
                0x60005ee4       0x3c libraries\drivers\drv_uart.o
 .text.__NVIC_DisableIRQ
                0x60005f20       0x48 libraries\drivers\drv_uart.o
 .text.__NVIC_SetPriority
                0x60005f68       0x54 libraries\drivers\drv_uart.o
 .text.NVIC_EncodePriority
                0x60005fbc       0x66 libraries\drivers\drv_uart.o
 *fill*         0x60006022        0x2 
 .text.CLOCK_GetMux
                0x60006024       0x44 libraries\drivers\drv_uart.o
 .text.CLOCK_GetDiv
                0x60006068       0x44 libraries\drivers\drv_uart.o
 .text.CLOCK_GetOscFreq
                0x600060ac       0x30 libraries\drivers\drv_uart.o
 .text.EnableIRQ
                0x600060dc       0x2c libraries\drivers\drv_uart.o
 .text.DisableIRQ
                0x60006108       0x2c libraries\drivers\drv_uart.o
 .text.LPUART_WriteByte
                0x60006134       0x1e libraries\drivers\drv_uart.o
 .text.LPUART_ReadByte
                0x60006152       0x6c libraries\drivers\drv_uart.o
 .text.uart_get_dma_config
                0x600061be        0xe libraries\drivers\drv_uart.o
 .text.LPUART1_IRQHandler
                0x600061cc       0x1c libraries\drivers\drv_uart.o
                0x600061cc                LPUART1_IRQHandler
 .text.uart_isr
                0x600061e8       0x6c libraries\drivers\drv_uart.o
 .text.GetUartSrcFreq
                0x60006254       0x68 libraries\drivers\drv_uart.o
                0x60006254                GetUartSrcFreq
 .text.imxrt_configure
                0x600062bc       0xd8 libraries\drivers\drv_uart.o
 .text.imxrt_control
                0x60006394       0x8c libraries\drivers\drv_uart.o
 .text.imxrt_putc
                0x60006420       0x5c libraries\drivers\drv_uart.o
 .text.imxrt_getc
                0x6000647c       0x5c libraries\drivers\drv_uart.o
 .text.rt_hw_uart_init
                0x600064d8       0xb0 libraries\drivers\drv_uart.o
                0x600064d8                rt_hw_uart_init
 .text.rt_device_register
                0x60006588       0x54 build\kernel\components\drivers\core\device.o
                0x60006588                rt_device_register
 .text.rt_device_find
                0x600065dc       0x1a build\kernel\components\drivers\core\device.o
                0x600065dc                rt_device_find
 *fill*         0x600065f6        0x2 
 .text.rt_device_open
                0x600065f8      0x150 build\kernel\components\drivers\core\device.o
                0x600065f8                rt_device_open
 .text.rt_device_close
                0x60006748       0x9c build\kernel\components\drivers\core\device.o
                0x60006748                rt_device_close
 .text.rt_device_read
                0x600067e4       0x88 build\kernel\components\drivers\core\device.o
                0x600067e4                rt_device_read
 .text.rt_device_write
                0x6000686c       0x88 build\kernel\components\drivers\core\device.o
                0x6000686c                rt_device_write
 .text.rt_device_set_rx_indicate
                0x600068f4       0x54 build\kernel\components\drivers\core\device.o
                0x600068f4                rt_device_set_rx_indicate
 .text.rt_list_init
                0x60006948       0x22 build\kernel\components\drivers\ipc\completion.o
 .text.rt_list_insert_before
                0x6000696a       0x32 build\kernel\components\drivers\ipc\completion.o
 .text.rt_list_isempty
                0x6000699c       0x24 build\kernel\components\drivers\ipc\completion.o
 .text.rt_spin_lock_irqsave
                0x600069c0       0x16 build\kernel\components\drivers\ipc\completion.o
 *fill*         0x600069d6        0x2 
 .text.rt_completion_init
                0x600069d8       0x4c build\kernel\components\drivers\ipc\completion.o
                0x600069d8                rt_completion_init
 .text.rt_completion_wait
                0x60006a24      0x184 build\kernel\components\drivers\ipc\completion.o
                0x60006a24                rt_completion_wait
 .text.rt_completion_done
                0x60006ba8       0x74 build\kernel\components\drivers\ipc\completion.o
                0x60006ba8                rt_completion_done
 .text.rt_list_init
                0x60006c1c       0x22 build\kernel\components\drivers\ipc\dataqueue.o
 .text.rt_list_insert_before
                0x60006c3e       0x32 build\kernel\components\drivers\ipc\dataqueue.o
 .text.rt_list_isempty
                0x60006c70       0x24 build\kernel\components\drivers\ipc\dataqueue.o
 .text.rt_spin_lock_irqsave
                0x60006c94       0x16 build\kernel\components\drivers\ipc\dataqueue.o
 *fill*         0x60006caa        0x2 
 .text.rt_data_queue_init
                0x60006cac       0xc0 build\kernel\components\drivers\ipc\dataqueue.o
                0x60006cac                rt_data_queue_init
 .text.rt_data_queue_push
                0x60006d6c      0x250 build\kernel\components\drivers\ipc\dataqueue.o
                0x60006d6c                rt_data_queue_push
 .text.rt_data_queue_pop
                0x60006fbc      0x2a8 build\kernel\components\drivers\ipc\dataqueue.o
                0x60006fbc                rt_data_queue_pop
 .text.rt_data_queue_peek
                0x60007264       0xa4 build\kernel\components\drivers\ipc\dataqueue.o
                0x60007264                rt_data_queue_peek
 .text.rt_data_queue_reset
                0x60007308      0x104 build\kernel\components\drivers\ipc\dataqueue.o
                0x60007308                rt_data_queue_reset
 .text.rt_data_queue_deinit
                0x6000740c       0x74 build\kernel\components\drivers\ipc\dataqueue.o
                0x6000740c                rt_data_queue_deinit
 .text.rt_data_queue_len
                0x60007480       0xc8 build\kernel\components\drivers\ipc\dataqueue.o
                0x60007480                rt_data_queue_len
 .text._pin_read
                0x60007548       0x60 build\kernel\components\drivers\misc\pin.o
 .text._pin_write
                0x600075a8       0x5c build\kernel\components\drivers\misc\pin.o
 .text._pin_control
                0x60007604       0x54 build\kernel\components\drivers\misc\pin.o
 .text.rt_device_pin_register
                0x60007658       0x74 build\kernel\components\drivers\misc\pin.o
                0x60007658                rt_device_pin_register
 .text.rt_pin_mode
                0x600076cc       0x40 build\kernel\components\drivers\misc\pin.o
                0x600076cc                rt_pin_mode
 .text.rt_pin_write
                0x6000770c       0x40 build\kernel\components\drivers\misc\pin.o
                0x6000770c                rt_pin_write
 .text.rt_pin_read
                0x6000774c       0x3c build\kernel\components\drivers\misc\pin.o
                0x6000774c                rt_pin_read
 .text.rt_pin_get
                0x60007788       0x4c build\kernel\components\drivers\misc\pin.o
                0x60007788                rt_pin_get
 .text._pin_cmd_conv
                0x600077d4       0x18 build\kernel\components\drivers\misc\pin.o
 .text._pin_cmd_print_usage
                0x600077ec       0x78 build\kernel\components\drivers\misc\pin.o
 .text._pin_cmd_get
                0x60007864       0x5c build\kernel\components\drivers\misc\pin.o
 .text._pin_cmd_mode
                0x600078c0      0x110 build\kernel\components\drivers\misc\pin.o
 .text._pin_cmd_read
                0x600079d0       0x94 build\kernel\components\drivers\misc\pin.o
 .text._pin_cmd_write
                0x60007a64       0xe4 build\kernel\components\drivers\misc\pin.o
 .text._pin_cmd
                0x60007b48       0xac build\kernel\components\drivers\misc\pin.o
 .text.rt_spin_lock_irqsave
                0x60007bf4       0x16 build\kernel\components\drivers\serial\serial.o
 *fill*         0x60007c0a        0x2 
 .text._serial_poll_rx
                0x60007c0c       0x80 build\kernel\components\drivers\serial\serial.o
 .text._serial_poll_tx
                0x60007c8c       0x7c build\kernel\components\drivers\serial\serial.o
 .text._serial_int_rx
                0x60007d08       0xe0 build\kernel\components\drivers\serial\serial.o
 .text._serial_int_tx
                0x60007de8       0xc4 build\kernel\components\drivers\serial\serial.o
 .text._serial_check_buffer_size
                0x60007eac       0x38 build\kernel\components\drivers\serial\serial.o
 .text._serial_fifo_calc_recved_len
                0x60007ee4       0x88 build\kernel\components\drivers\serial\serial.o
 .text.rt_dma_calc_recved_len
                0x60007f6c       0x18 build\kernel\components\drivers\serial\serial.o
 .text.rt_dma_recv_update_get_index
                0x60007f84       0xa8 build\kernel\components\drivers\serial\serial.o
 .text.rt_dma_recv_update_put_index
                0x6000802c       0xf8 build\kernel\components\drivers\serial\serial.o
 .text._serial_dma_rx
                0x60008124      0x1a0 build\kernel\components\drivers\serial\serial.o
 .text._serial_dma_tx
                0x600082c4       0x76 build\kernel\components\drivers\serial\serial.o
 *fill*         0x6000833a        0x2 
 .text.rt_serial_init
                0x6000833c       0x6c build\kernel\components\drivers\serial\serial.o
 .text.rt_serial_open
                0x600083a8      0x370 build\kernel\components\drivers\serial\serial.o
 .text.rt_serial_close
                0x60008718      0x1e0 build\kernel\components\drivers\serial\serial.o
 .text.rt_serial_read
                0x600088f8       0x84 build\kernel\components\drivers\serial\serial.o
 .text.rt_serial_write
                0x6000897c       0x84 build\kernel\components\drivers\serial\serial.o
 .text.rt_serial_control
                0x60008a00      0x120 build\kernel\components\drivers\serial\serial.o
 .text.rt_hw_serial_register
                0x60008b20       0x9c build\kernel\components\drivers\serial\serial.o
                0x60008b20                rt_hw_serial_register
 .text.rt_hw_serial_isr
                0x60008bbc      0x284 build\kernel\components\drivers\serial\serial.o
                0x60008bbc                rt_hw_serial_isr
 .text.rt_list_isempty
                0x60008e40       0x24 build\kernel\components\finsh\cmd.o
 .text.rt_list_len
                0x60008e64       0x36 build\kernel\components\finsh\cmd.o
 .text.rt_spin_lock_irqsave
                0x60008e9a       0x16 build\kernel\components\finsh\cmd.o
 .text.clear    0x60008eb0       0x14 build\kernel\components\finsh\cmd.o
 .text.version  0x60008ec4        0xe build\kernel\components\finsh\cmd.o
                0x60008ec4                version
 *fill*         0x60008ed2        0x2 
 .text.object_split
                0x60008ed4       0x28 build\kernel\components\finsh\cmd.o
 .text.list_find_init
                0x60008efc       0x46 build\kernel\components\finsh\cmd.o
 .text.list_get_next
                0x60008f42       0xcc build\kernel\components\finsh\cmd.o
 *fill*         0x6000900e        0x2 
 .text.list_thread
                0x60009010      0x258 build\kernel\components\finsh\cmd.o
                0x60009010                list_thread
 .text.show_wait_queue
                0x60009268       0x54 build\kernel\components\finsh\cmd.o
 .text.list_sem
                0x600092bc      0x134 build\kernel\components\finsh\cmd.o
                0x600092bc                list_sem
 .text.list_event
                0x600093f0      0x120 build\kernel\components\finsh\cmd.o
                0x600093f0                list_event
 .text.list_mutex
                0x60009510      0x160 build\kernel\components\finsh\cmd.o
                0x60009510                list_mutex
 .text.list_mailbox
                0x60009670      0x144 build\kernel\components\finsh\cmd.o
                0x60009670                list_mailbox
 .text.list_msgqueue
                0x600097b4      0x134 build\kernel\components\finsh\cmd.o
                0x600097b4                list_msgqueue
 .text.list_memheap
                0x600098e8       0xe0 build\kernel\components\finsh\cmd.o
                0x600098e8                list_memheap
 .text.list_mempool
                0x600099c8      0x14c build\kernel\components\finsh\cmd.o
                0x600099c8                list_mempool
 .text.list_timer
                0x60009b14      0x130 build\kernel\components\finsh\cmd.o
                0x60009b14                list_timer
 .text.list_device
                0x60009c44      0x10c build\kernel\components\finsh\cmd.o
                0x60009c44                list_device
 .text.cmd_list
                0x60009d50       0xc0 build\kernel\components\finsh\cmd.o
                0x60009d50                cmd_list
 .text.msh_help
                0x60009e10       0x5c build\kernel\components\finsh\msh.o
                0x60009e10                msh_help
 .text.cmd_ps   0x60009e6c       0x18 build\kernel\components\finsh\msh.o
                0x60009e6c                cmd_ps
 .text.cmd_free
                0x60009e84       0x18 build\kernel\components\finsh\msh.o
                0x60009e84                cmd_free
 .text.msh_split
                0x60009e9c      0x170 build\kernel\components\finsh\msh.o
 .text.msh_get_cmd
                0x6000a00c       0x64 build\kernel\components\finsh\msh.o
 .text._msh_exec_cmd
                0x6000a070       0xd4 build\kernel\components\finsh\msh.o
 .text.msh_exec
                0x6000a144       0x90 build\kernel\components\finsh\msh.o
                0x6000a144                msh_exec
 .text.str_common
                0x6000a1d4       0x4a build\kernel\components\finsh\msh.o
 *fill*         0x6000a21e        0x2 
 .text.msh_auto_complete
                0x6000a220       0xb0 build\kernel\components\finsh\msh.o
                0x6000a220                msh_auto_complete
 .text.msh_get_cmd_opt
                0x6000a2d0       0x84 build\kernel\components\finsh\msh.o
 .text.msh_get_argc
                0x6000a354       0x5a build\kernel\components\finsh\msh.o
 *fill*         0x6000a3ae        0x2 
 .text.msh_opt_complete
                0x6000a3b0       0xac build\kernel\components\finsh\msh.o
 .text.msh_opt_help
                0x6000a45c       0x44 build\kernel\components\finsh\msh.o
 .text.msh_opt_auto_complete
                0x6000a4a0       0x9a build\kernel\components\finsh\msh.o
                0x6000a4a0                msh_opt_auto_complete
 .text.msh_cmd_opt_id_get
                0x6000a53a       0x5a build\kernel\components\finsh\msh.o
                0x6000a53a                msh_cmd_opt_id_get
 .text.msh_opt_list_dump
                0x6000a594       0x40 build\kernel\components\finsh\msh.o
                0x6000a594                msh_opt_list_dump
 .text.msh_isint
                0x6000a5d4       0x6c build\kernel\components\finsh\msh_parse.o
                0x6000a5d4                msh_isint
 .text.finsh_get_prompt
                0x6000a640       0x78 build\kernel\components\finsh\shell.o
                0x6000a640                finsh_get_prompt
 .text.finsh_set_prompt_mode
                0x6000a6b8       0x48 build\kernel\components\finsh\shell.o
                0x6000a6b8                finsh_set_prompt_mode
 .text.finsh_getchar
                0x6000a700       0x90 build\kernel\components\finsh\shell.o
                0x6000a700                finsh_getchar
 .text.finsh_rx_ind
                0x6000a790       0x3c build\kernel\components\finsh\shell.o
 .text.finsh_set_device
                0x6000a7cc       0xd8 build\kernel\components\finsh\shell.o
                0x6000a7cc                finsh_set_device
 .text.shell_auto_complete
                0x6000a8a4       0x3c build\kernel\components\finsh\shell.o
 .text.shell_handle_history
                0x6000a8e0       0x34 build\kernel\components\finsh\shell.o
 .text.shell_push_history
                0x6000a914      0x15e build\kernel\components\finsh\shell.o
 *fill*         0x6000aa72        0x2 
 .text.finsh_thread_entry
                0x6000aa74      0x5cc build\kernel\components\finsh\shell.o
                0x6000aa74                finsh_thread_entry
 .text.finsh_system_function_init
                0x6000b040       0x2c build\kernel\components\finsh\shell.o
                0x6000b040                finsh_system_function_init
 .text.finsh_system_init
                0x6000b06c       0x9c build\kernel\components\finsh\shell.o
                0x6000b06c                finsh_system_init
 .text.__rt_libc_exit
                0x6000b108       0x4c build\kernel\components\libc\compilers\common\cstdlib.o
                0x6000b108                __rt_libc_exit
 .text._malloc_r
                0x6000b154       0x28 build\kernel\components\libc\compilers\newlib\syscalls.o
                0x6000b154                _malloc_r
 .text._realloc_r
                0x6000b17c       0x2c build\kernel\components\libc\compilers\newlib\syscalls.o
                0x6000b17c                _realloc_r
 .text._free_r  0x6000b1a8       0x18 build\kernel\components\libc\compilers\newlib\syscalls.o
                0x6000b1a8                _free_r
 .text.__errno  0x6000b1c0        0xe build\kernel\components\libc\compilers\newlib\syscalls.o
                0x6000b1c0                __errno
 .text._getpid_r
                0x6000b1ce       0x16 build\kernel\components\libc\compilers\newlib\syscalls.o
                0x6000b1ce                _getpid_r
 .text._close_r
                0x6000b1e4       0x48 build\kernel\components\libc\compilers\newlib\syscalls.o
                0x6000b1e4                _close_r
 .text._fstat_r
                0x6000b22c       0x22 build\kernel\components\libc\compilers\newlib\syscalls.o
                0x6000b22c                _fstat_r
 .text._isatty_r
                0x6000b24e       0x28 build\kernel\components\libc\compilers\newlib\syscalls.o
                0x6000b24e                _isatty_r
 .text._kill_r  0x6000b276       0x22 build\kernel\components\libc\compilers\newlib\syscalls.o
                0x6000b276                _kill_r
 .text._lseek_r
                0x6000b298       0x4c build\kernel\components\libc\compilers\newlib\syscalls.o
                0x6000b298                _lseek_r
 .text._read_r  0x6000b2e4       0x4c build\kernel\components\libc\compilers\newlib\syscalls.o
                0x6000b2e4                _read_r
 .text._write_r
                0x6000b330       0x88 build\kernel\components\libc\compilers\newlib\syscalls.o
                0x6000b330                _write_r
 .text._exit    0x6000b3b8       0x10 build\kernel\components\libc\compilers\newlib\syscalls.o
                0x6000b3b8                _exit
 .text.rt_hw_stack_init
                0x6000b3c8       0x90 build\kernel\libcpu\arm\cortex-m7\cpuport.o
                0x6000b3c8                rt_hw_stack_init
 .text.usage_fault_track
                0x6000b458       0xc4 build\kernel\libcpu\arm\cortex-m7\cpuport.o
 .text.bus_fault_track
                0x6000b51c       0xcc build\kernel\libcpu\arm\cortex-m7\cpuport.o
 .text.mem_manage_fault_track
                0x6000b5e8       0xb4 build\kernel\libcpu\arm\cortex-m7\cpuport.o
 .text.hard_fault_track
                0x6000b69c       0x78 build\kernel\libcpu\arm\cortex-m7\cpuport.o
 .text.rt_hw_hard_fault_exception
                0x6000b714      0x184 build\kernel\libcpu\arm\cortex-m7\cpuport.o
                0x6000b714                rt_hw_hard_fault_exception
 .text.__rt_ffs
                0x6000b898       0x2a build\kernel\libcpu\arm\cortex-m7\cpuport.o
                0x6000b898                __rt_ffs
 .text.rt_soft_atomic_add
                0x6000b8c2       0x32 build\kernel\src\clock.o
 .text.rt_soft_atomic_sub
                0x6000b8f4       0x32 build\kernel\src\clock.o
 .text.rt_soft_atomic_load
                0x6000b926       0x24 build\kernel\src\clock.o
 .text.rt_soft_atomic_compare_exchange_strong
                0x6000b94a       0x46 build\kernel\src\clock.o
 .text.rt_spin_lock_irqsave
                0x6000b990       0x16 build\kernel\src\clock.o
 *fill*         0x6000b9a6        0x2 
 .text.rt_tick_get
                0x6000b9a8       0x14 build\kernel\src\clock.o
                0x6000b9a8                rt_tick_get
 .text.rt_tick_increase
                0x6000b9bc       0xb4 build\kernel\src\clock.o
                0x6000b9bc                rt_tick_increase
 .text.rt_tick_from_millisecond
                0x6000ba70       0x74 build\kernel\src\clock.o
                0x6000ba70                rt_tick_from_millisecond
 .text.rti_start
                0x6000bae4       0x10 build\kernel\src\components.o
 .text.rti_board_start
                0x6000baf4       0x10 build\kernel\src\components.o
 .text.rti_board_end
                0x6000bb04       0x10 build\kernel\src\components.o
 .text.rti_end  0x6000bb14       0x10 build\kernel\src\components.o
 .text.rt_components_board_init
                0x6000bb24       0x34 build\kernel\src\components.o
                0x6000bb24                rt_components_board_init
 .text.rt_components_init
                0x6000bb58       0x34 build\kernel\src\components.o
                0x6000bb58                rt_components_init
 .text.entry    0x6000bb8c        0xe build\kernel\src\components.o
                0x6000bb8c                entry
 .text.main_thread_entry
                0x6000bb9a       0x18 build\kernel\src\components.o
                0x6000bb9a                main_thread_entry
 *fill*         0x6000bbb2        0x2 
 .text.rt_application_init
                0x6000bbb4       0x4c build\kernel\src\components.o
                0x6000bbb4                rt_application_init
 .text.rtthread_startup
                0x6000bc00       0x2e build\kernel\src\components.o
                0x6000bc00                rtthread_startup
 .text.rt_list_insert_after
                0x6000bc2e       0x32 build\kernel\src\idle.o
 .text.rt_list_remove
                0x6000bc60       0x36 build\kernel\src\idle.o
 .text.rt_soft_atomic_load
                0x6000bc96       0x24 build\kernel\src\idle.o
 .text.rt_soft_atomic_store
                0x6000bcba       0x24 build\kernel\src\idle.o
 .text.rt_spin_lock_irqsave
                0x6000bcde       0x16 build\kernel\src\idle.o
 .text.rt_thread_defunct_enqueue
                0x6000bcf4       0x44 build\kernel\src\idle.o
                0x6000bcf4                rt_thread_defunct_enqueue
 .text.rt_thread_defunct_dequeue
                0x6000bd38       0x44 build\kernel\src\idle.o
                0x6000bd38                rt_thread_defunct_dequeue
 .text.rt_defunct_execute
                0x6000bd7c       0x74 build\kernel\src\idle.o
 .text.idle_thread_entry
                0x6000bdf0       0x38 build\kernel\src\idle.o
 .text.rt_thread_idle_init
                0x6000be28       0x88 build\kernel\src\idle.o
                0x6000be28                rt_thread_idle_init
 .text.rt_list_init
                0x6000beb0       0x22 build\kernel\src\ipc.o
 .text.rt_list_insert_after
                0x6000bed2       0x32 build\kernel\src\ipc.o
 .text.rt_list_insert_before
                0x6000bf04       0x32 build\kernel\src\ipc.o
 .text.rt_list_remove
                0x6000bf36       0x36 build\kernel\src\ipc.o
 .text.rt_list_isempty
                0x6000bf6c       0x24 build\kernel\src\ipc.o
 .text.rt_spin_lock_irqsave
                0x6000bf90       0x16 build\kernel\src\ipc.o
 .text._ipc_object_init
                0x6000bfa6       0x1c build\kernel\src\ipc.o
 *fill*         0x6000bfc2        0x2 
 .text._ipc_list_suspend
                0x6000bfc4       0xd4 build\kernel\src\ipc.o
 .text._ipc_list_resume
                0x6000c098       0x26 build\kernel\src\ipc.o
 *fill*         0x6000c0be        0x2 
 .text.rt_sem_init
                0x6000c0c0       0x88 build\kernel\src\ipc.o
                0x6000c0c0                rt_sem_init
 .text._rt_sem_take
                0x6000c148      0x1bc build\kernel\src\ipc.o
 .text.rt_sem_take
                0x6000c304       0x1e build\kernel\src\ipc.o
                0x6000c304                rt_sem_take
 *fill*         0x6000c322        0x2 
 .text.rt_sem_release
                0x6000c324       0xc8 build\kernel\src\ipc.o
                0x6000c324                rt_sem_release
 .text._mutex_update_priority
                0x6000c3ec       0x3e build\kernel\src\ipc.o
 .text._thread_get_mutex_priority
                0x6000c42a       0x64 build\kernel\src\ipc.o
 .text._thread_update_priority
                0x6000c48e       0xd2 build\kernel\src\ipc.o
 .text.rt_mutex_init
                0x6000c560       0x70 build\kernel\src\ipc.o
                0x6000c560                rt_mutex_init
 .text.rt_mutex_drop_thread
                0x6000c5d0       0xe0 build\kernel\src\ipc.o
                0x6000c5d0                rt_mutex_drop_thread
 .text._rt_mutex_take
                0x6000c6b0      0x2fc build\kernel\src\ipc.o
 .text.rt_mutex_take
                0x6000c9ac       0x1e build\kernel\src\ipc.o
                0x6000c9ac                rt_mutex_take
 *fill*         0x6000c9ca        0x2 
 .text.rt_mutex_release
                0x6000c9cc      0x1c8 build\kernel\src\ipc.o
                0x6000c9cc                rt_mutex_release
 .text.rt_soft_atomic_add
                0x6000cb94       0x32 build\kernel\src\irq.o
 .text.rt_soft_atomic_sub
                0x6000cbc6       0x32 build\kernel\src\irq.o
 .text.rt_soft_atomic_load
                0x6000cbf8       0x24 build\kernel\src\irq.o
 .text.rt_interrupt_enter
                0x6000cc1c       0x28 build\kernel\src\irq.o
                0x6000cc1c                rt_interrupt_enter
 .text.rt_interrupt_leave
                0x6000cc44       0x28 build\kernel\src\irq.o
                0x6000cc44                rt_interrupt_leave
 .text.rt_interrupt_get_nest
                0x6000cc6c       0x18 build\kernel\src\irq.o
                0x6000cc6c                rt_interrupt_get_nest
 .text.rt_hw_interrupt_is_disabled
                0x6000cc84       0x10 build\kernel\src\irq.o
                0x6000cc84                rt_hw_interrupt_is_disabled
 .text.rt_hw_backtrace_frame_get
                0x6000cc94       0x3c build\kernel\src\kservice.o
                0x6000cc94                rt_hw_backtrace_frame_get
 .text.rt_hw_backtrace_frame_unwind
                0x6000ccd0       0x3c build\kernel\src\kservice.o
                0x6000ccd0                rt_hw_backtrace_frame_unwind
 .text.rt_strerror
                0x6000cd0c       0x5c build\kernel\src\kservice.o
                0x6000cd0c                rt_strerror
 .text.rt_set_errno
                0x6000cd68       0x44 build\kernel\src\kservice.o
                0x6000cd68                rt_set_errno
 .text._rt_errno
                0x6000cdac       0x38 build\kernel\src\kservice.o
                0x6000cdac                _rt_errno
 .text.rt_memset
                0x6000cde4       0xc8 build\kernel\src\kservice.o
                0x6000cde4                rt_memset
 .text.rt_memcpy
                0x6000ceac       0xda build\kernel\src\kservice.o
                0x6000ceac                rt_memcpy
 .text.rt_memmove
                0x6000cf86       0x82 build\kernel\src\kservice.o
                0x6000cf86                rt_memmove
 .text.rt_strncpy
                0x6000d008       0x64 build\kernel\src\kservice.o
                0x6000d008                rt_strncpy
 .text.rt_strncmp
                0x6000d06c       0x54 build\kernel\src\kservice.o
                0x6000d06c                rt_strncmp
 .text.rt_strcmp
                0x6000d0c0       0x44 build\kernel\src\kservice.o
                0x6000d0c0                rt_strcmp
 .text.rt_strlen
                0x6000d104       0x32 build\kernel\src\kservice.o
                0x6000d104                rt_strlen
 *fill*         0x6000d136        0x2 
 .text.rt_show_version
                0x6000d138       0x4c build\kernel\src\kservice.o
                0x6000d138                rt_show_version
 .text.divide   0x6000d184       0x38 build\kernel\src\kservice.o
 .text.skip_atoi
                0x6000d1bc       0x46 build\kernel\src\kservice.o
 *fill*         0x6000d202        0x2 
 .text.print_number
                0x6000d204      0x348 build\kernel\src\kservice.o
 .text.rt_vsnprintf
                0x6000d54c      0x59c build\kernel\src\kservice.o
                0x6000d54c                rt_vsnprintf
 .text.rt_snprintf
                0x6000dae8       0x34 build\kernel\src\kservice.o
                0x6000dae8                rt_snprintf
 .text.rt_console_get_device
                0x6000db1c       0x18 build\kernel\src\kservice.o
                0x6000db1c                rt_console_get_device
 .text.rt_console_set_device
                0x6000db34       0x58 build\kernel\src\kservice.o
                0x6000db34                rt_console_set_device
 .text.rt_hw_console_output
                0x6000db8c       0x14 build\kernel\src\kservice.o
                0x6000db8c                rt_hw_console_output
 .text.rt_kprintf
                0x6000dba0       0x64 build\kernel\src\kservice.o
                0x6000dba0                rt_kprintf
 .text.rt_backtrace
                0x6000dc04       0x34 build\kernel\src\kservice.o
                0x6000dc04                rt_backtrace
 .text.rt_backtrace_frame
                0x6000dc38       0x60 build\kernel\src\kservice.o
                0x6000dc38                rt_backtrace_frame
 .text.rt_backtrace_thread
                0x6000dc98       0x40 build\kernel\src\kservice.o
                0x6000dc98                rt_backtrace_thread
 .text.cmd_backtrace
                0x6000dcd8       0xb4 build\kernel\src\kservice.o
 .text._heap_lock_init
                0x6000dd8c       0x1c build\kernel\src\kservice.o
 .text._heap_lock
                0x6000dda8       0x28 build\kernel\src\kservice.o
 .text._heap_unlock
                0x6000ddd0       0x40 build\kernel\src\kservice.o
 .text.rt_system_heap_init
                0x6000de10       0x60 build\kernel\src\kservice.o
                0x6000de10                rt_system_heap_init
 .text.rt_malloc
                0x6000de70       0x44 build\kernel\src\kservice.o
                0x6000de70                rt_malloc
 .text.rt_realloc
                0x6000deb4       0x30 build\kernel\src\kservice.o
                0x6000deb4                rt_realloc
 .text.rt_calloc
                0x6000dee4       0x3c build\kernel\src\kservice.o
                0x6000dee4                rt_calloc
 .text.rt_free  0x6000df20       0x40 build\kernel\src\kservice.o
                0x6000df20                rt_free
 .text.rt_assert_handler
                0x6000df60       0x50 build\kernel\src\kservice.o
                0x6000df60                rt_assert_handler
 .text._remove_next_ptr
                0x6000dfb0       0x3c build\kernel\src\memheap.o
 .text.rt_memheap_init
                0x6000dfec      0x148 build\kernel\src\memheap.o
                0x6000dfec                rt_memheap_init
 .text.rt_memheap_alloc
                0x6000e134      0x20c build\kernel\src\memheap.o
                0x6000e134                rt_memheap_alloc
 .text.rt_memheap_realloc
                0x6000e340      0x314 build\kernel\src\memheap.o
                0x6000e340                rt_memheap_realloc
 .text.rt_memheap_free
                0x6000e654      0x1c0 build\kernel\src\memheap.o
                0x6000e654                rt_memheap_free
 .text._memheap_alloc
                0x6000e814       0x88 build\kernel\src\memheap.o
                0x6000e814                _memheap_alloc
 .text._memheap_free
                0x6000e89c       0x16 build\kernel\src\memheap.o
                0x6000e89c                _memheap_free
 .text._memheap_realloc
                0x6000e8b2       0xa2 build\kernel\src\memheap.o
                0x6000e8b2                _memheap_realloc
 .text.rt_list_insert_after
                0x6000e954       0x32 build\kernel\src\object.o
 .text.rt_list_remove
                0x6000e986       0x36 build\kernel\src\object.o
 .text.rt_spin_lock_irqsave
                0x6000e9bc       0x16 build\kernel\src\object.o
 *fill*         0x6000e9d2        0x2 
 .text.rt_object_get_information
                0x6000e9d4       0x5c build\kernel\src\object.o
                0x6000e9d4                rt_object_get_information
 .text.rt_object_init
                0x6000ea30       0xd4 build\kernel\src\object.o
                0x6000ea30                rt_object_init
 .text.rt_object_detach
                0x6000eb04       0x84 build\kernel\src\object.o
                0x6000eb04                rt_object_detach
 .text.rt_object_allocate
                0x6000eb88       0xd4 build\kernel\src\object.o
                0x6000eb88                rt_object_allocate
 .text.rt_object_delete
                0x6000ec5c       0xa4 build\kernel\src\object.o
                0x6000ec5c                rt_object_delete
 .text.rt_object_is_systemobject
                0x6000ed00       0x3c build\kernel\src\object.o
                0x6000ed00                rt_object_is_systemobject
 .text.rt_object_get_type
                0x6000ed3c       0x34 build\kernel\src\object.o
                0x6000ed3c                rt_object_get_type
 .text.rt_object_find
                0x6000ed70       0xb4 build\kernel\src\object.o
                0x6000ed70                rt_object_find
 .text.rt_list_init
                0x6000ee24       0x22 build\kernel\src\scheduler_up.o
 .text.rt_list_insert_after
                0x6000ee46       0x32 build\kernel\src\scheduler_up.o
 .text.rt_list_insert_before
                0x6000ee78       0x32 build\kernel\src\scheduler_up.o
 .text.rt_list_remove
                0x6000eeaa       0x36 build\kernel\src\scheduler_up.o
 .text.rt_list_isempty
                0x6000eee0       0x24 build\kernel\src\scheduler_up.o
 .text._scheduler_stack_check
                0x6000ef04       0x94 build\kernel\src\scheduler_up.o
 .text._scheduler_get_highest_priority_thread
                0x6000ef98       0x3c build\kernel\src\scheduler_up.o
 .text.rt_system_scheduler_init
                0x6000efd4       0x48 build\kernel\src\scheduler_up.o
                0x6000efd4                rt_system_scheduler_init
 .text.rt_system_scheduler_start
                0x6000f01c       0x3c build\kernel\src\scheduler_up.o
                0x6000f01c                rt_system_scheduler_start
 .text.rt_schedule
                0x6000f058      0x1a8 build\kernel\src\scheduler_up.o
                0x6000f058                rt_schedule
 .text.rt_schedule_insert_thread
                0x6000f200       0xd4 build\kernel\src\scheduler_up.o
                0x6000f200                rt_schedule_insert_thread
 .text.rt_schedule_remove_thread
                0x6000f2d4       0x70 build\kernel\src\scheduler_up.o
                0x6000f2d4                rt_schedule_remove_thread
 .text.rt_enter_critical
                0x6000f344       0x30 build\kernel\src\scheduler_up.o
                0x6000f344                rt_enter_critical
 .text.rt_exit_critical
                0x6000f374       0x58 build\kernel\src\scheduler_up.o
                0x6000f374                rt_exit_critical
 .text.rt_critical_level
                0x6000f3cc       0x1c build\kernel\src\scheduler_up.o
                0x6000f3cc                rt_critical_level
 .text.rt_list_init
                0x6000f3e8       0x22 build\kernel\src\thread.o
 .text.rt_list_remove
                0x6000f40a       0x36 build\kernel\src\thread.o
 .text.rt_soft_atomic_add
                0x6000f440       0x32 build\kernel\src\thread.o
 .text.rt_soft_atomic_sub
                0x6000f472       0x32 build\kernel\src\thread.o
 .text.rt_soft_atomic_store
                0x6000f4a4       0x24 build\kernel\src\thread.o
 .text.rt_spin_lock_irqsave
                0x6000f4c8       0x16 build\kernel\src\thread.o
 .text._thread_exit
                0x6000f4de       0x5a build\kernel\src\thread.o
 .text._thread_timeout
                0x6000f538       0x90 build\kernel\src\thread.o
 .text._thread_init
                0x6000f5c8      0x140 build\kernel\src\thread.o
 .text.rt_thread_init
                0x6000f708       0x70 build\kernel\src\thread.o
                0x6000f708                rt_thread_init
 .text.rt_thread_self
                0x6000f778       0x18 build\kernel\src\thread.o
                0x6000f778                rt_thread_self
 .text.rt_thread_startup
                0x6000f790       0x94 build\kernel\src\thread.o
                0x6000f790                rt_thread_startup
 .text.rt_thread_detach
                0x6000f824       0xe0 build\kernel\src\thread.o
                0x6000f824                rt_thread_detach
 .text.rt_thread_create
                0x6000f904       0x62 build\kernel\src\thread.o
                0x6000f904                rt_thread_create
 *fill*         0x6000f966        0x2 
 .text.rt_thread_delete
                0x6000f968       0xe0 build\kernel\src\thread.o
                0x6000f968                rt_thread_delete
 .text.rt_thread_sleep
                0x6000fa48      0x160 build\kernel\src\thread.o
                0x6000fa48                rt_thread_sleep
 .text.rt_thread_delay
                0x6000fba8       0x18 build\kernel\src\thread.o
                0x6000fba8                rt_thread_delay
 .text.rt_thread_mdelay
                0x6000fbc0       0x20 build\kernel\src\thread.o
                0x6000fbc0                rt_thread_mdelay
 .text.rt_thread_control
                0x6000fbe0      0x120 build\kernel\src\thread.o
                0x6000fbe0                rt_thread_control
 .text.rt_thread_set_suspend_state
                0x6000fd00       0x8c build\kernel\src\thread.o
 .text.rt_thread_suspend_with_flag
                0x6000fd8c       0xf8 build\kernel\src\thread.o
                0x6000fd8c                rt_thread_suspend_with_flag
 .text.rt_thread_resume
                0x6000fe84       0x9c build\kernel\src\thread.o
                0x6000fe84                rt_thread_resume
 .text.rt_list_init
                0x6000ff20       0x22 build\kernel\src\timer.o
 .text.rt_list_insert_after
                0x6000ff42       0x32 build\kernel\src\timer.o
 .text.rt_list_remove
                0x6000ff74       0x36 build\kernel\src\timer.o
 .text.rt_list_isempty
                0x6000ffaa       0x24 build\kernel\src\timer.o
 .text.rt_spin_lock_irqsave
                0x6000ffce       0x16 build\kernel\src\timer.o
 .text._timer_init
                0x6000ffe4       0x6a build\kernel\src\timer.o
 .text._timer_remove
                0x6001004e       0x36 build\kernel\src\timer.o
 .text.rt_timer_init
                0x60010084       0x7c build\kernel\src\timer.o
                0x60010084                rt_timer_init
 .text.rt_timer_detach
                0x60010100       0x9c build\kernel\src\timer.o
                0x60010100                rt_timer_detach
 .text.rt_timer_start
                0x6001019c      0x1dc build\kernel\src\timer.o
                0x6001019c                rt_timer_start
 .text.rt_timer_stop
                0x60010378       0xa4 build\kernel\src\timer.o
                0x60010378                rt_timer_stop
 .text.rt_timer_control
                0x6001041c      0x120 build\kernel\src\timer.o
                0x6001041c                rt_timer_control
 .text.rt_timer_check
                0x6001053c      0x11c build\kernel\src\timer.o
                0x6001053c                rt_timer_check
 .text.rt_system_timer_init
                0x60010658       0x34 build\kernel\src\timer.o
                0x60010658                rt_system_timer_init
 .text.rt_system_timer_thread_init
                0x6001068c        0xe build\kernel\src\timer.o
                0x6001068c                rt_system_timer_thread_init
 *fill*         0x6001069a        0x2 
 .text.__assert_func
                0x6001069c       0x40 d:/baidunetdiskdownload/env_released_1.2.4_gcc10_python2/env_released_1.2.3_gcc10_python2/tools/gnu_gcc/arm_gcc/mingw/bin/../lib/gcc/arm-none-eabi/10.2.1/../../../../arm-none-eabi/lib/thumb/v7e-m+fp/hard\libc.a(lib_a-assert.o)
                0x6001069c                __assert_func
 .text.atoi     0x600106dc        0x8 d:/baidunetdiskdownload/env_released_1.2.4_gcc10_python2/env_released_1.2.3_gcc10_python2/tools/gnu_gcc/arm_gcc/mingw/bin/../lib/gcc/arm-none-eabi/10.2.1/../../../../arm-none-eabi/lib/thumb/v7e-m+fp/hard\libc.a(lib_a-atoi.o)
                0x600106dc                atoi
 .text.fiprintf
                0x600106e4       0x28 d:/baidunetdiskdownload/env_released_1.2.4_gcc10_python2/env_released_1.2.3_gcc10_python2/tools/gnu_gcc/arm_gcc/mingw/bin/../lib/gcc/arm-none-eabi/10.2.1/../../../../arm-none-eabi/lib/thumb/v7e-m+fp/hard\libc.a(lib_a-fiprintf.o)
                0x600106e4                fiprintf
 .text.memcmp   0x6001070c       0x64 d:/baidunetdiskdownload/env_released_1.2.4_gcc10_python2/env_released_1.2.3_gcc10_python2/tools/gnu_gcc/arm_gcc/mingw/bin/../lib/gcc/arm-none-eabi/10.2.1/../../../../arm-none-eabi/lib/thumb/v7e-m+fp/hard\libc.a(lib_a-memcmp.o)
                0x6001070c                memcmp
 .text.memset   0x60010770       0xa4 d:/baidunetdiskdownload/env_released_1.2.4_gcc10_python2/env_released_1.2.3_gcc10_python2/tools/gnu_gcc/arm_gcc/mingw/bin/../lib/gcc/arm-none-eabi/10.2.1/../../../../arm-none-eabi/lib/thumb/v7e-m+fp/hard\libc.a(lib_a-memset.o)
                0x60010770                memset
 .text.strchr   0x60010814       0xcc d:/baidunetdiskdownload/env_released_1.2.4_gcc10_python2/env_released_1.2.3_gcc10_python2/tools/gnu_gcc/arm_gcc/mingw/bin/../lib/gcc/arm-none-eabi/10.2.1/../../../../arm-none-eabi/lib/thumb/v7e-m+fp/hard\libc.a(lib_a-strchr.o)
                0x60010814                strchr
 .text.strncmp  0x600108e0       0x80 d:/baidunetdiskdownload/env_released_1.2.4_gcc10_python2/env_released_1.2.3_gcc10_python2/tools/gnu_gcc/arm_gcc/mingw/bin/../lib/gcc/arm-none-eabi/10.2.1/../../../../arm-none-eabi/lib/thumb/v7e-m+fp/hard\libc.a(lib_a-strncmp.o)
                0x600108e0                strncmp
 .text.strncpy  0x60010960       0x64 d:/baidunetdiskdownload/env_released_1.2.4_gcc10_python2/env_released_1.2.3_gcc10_python2/tools/gnu_gcc/arm_gcc/mingw/bin/../lib/gcc/arm-none-eabi/10.2.1/../../../../arm-none-eabi/lib/thumb/v7e-m+fp/hard\libc.a(lib_a-strncpy.o)
                0x60010960                strncpy
 .text._strtol_l.part.0
                0x600109c4      0x120 d:/baidunetdiskdownload/env_released_1.2.4_gcc10_python2/env_released_1.2.3_gcc10_python2/tools/gnu_gcc/arm_gcc/mingw/bin/../lib/gcc/arm-none-eabi/10.2.1/../../../../arm-none-eabi/lib/thumb/v7e-m+fp/hard\libc.a(lib_a-strtol.o)
 .text.strtol   0x60010ae4       0x2c d:/baidunetdiskdownload/env_released_1.2.4_gcc10_python2/env_released_1.2.3_gcc10_python2/tools/gnu_gcc/arm_gcc/mingw/bin/../lib/gcc/arm-none-eabi/10.2.1/../../../../arm-none-eabi/lib/thumb/v7e-m+fp/hard\libc.a(lib_a-strtol.o)
                0x60010ae4                strtol
 .text._strtoul_l.constprop.0
                0x60010b10      0x13c d:/baidunetdiskdownload/env_released_1.2.4_gcc10_python2/env_released_1.2.3_gcc10_python2/tools/gnu_gcc/arm_gcc/mingw/bin/../lib/gcc/arm-none-eabi/10.2.1/../../../../arm-none-eabi/lib/thumb/v7e-m+fp/hard\libc.a(lib_a-strtoul.o)
 .text.strtoul  0x60010c4c       0x1c d:/baidunetdiskdownload/env_released_1.2.4_gcc10_python2/env_released_1.2.3_gcc10_python2/tools/gnu_gcc/arm_gcc/mingw/bin/../lib/gcc/arm-none-eabi/10.2.1/../../../../arm-none-eabi/lib/thumb/v7e-m+fp/hard\libc.a(lib_a-strtoul.o)
                0x60010c4c                strtoul
 .text.__sprint_r.part.0
                0x60010c68       0x78 d:/baidunetdiskdownload/env_released_1.2.4_gcc10_python2/env_released_1.2.3_gcc10_python2/tools/gnu_gcc/arm_gcc/mingw/bin/../lib/gcc/arm-none-eabi/10.2.1/../../../../arm-none-eabi/lib/thumb/v7e-m+fp/hard\libc.a(lib_a-vfiprintf.o)
 .text._vfiprintf_r
                0x60010ce0      0xdf4 d:/baidunetdiskdownload/env_released_1.2.4_gcc10_python2/env_released_1.2.3_gcc10_python2/tools/gnu_gcc/arm_gcc/mingw/bin/../lib/gcc/arm-none-eabi/10.2.1/../../../../arm-none-eabi/lib/thumb/v7e-m+fp/hard\libc.a(lib_a-vfiprintf.o)
                0x60010ce0                _vfiprintf_r
 .text.__sbprintf
                0x60011ad4       0x80 d:/baidunetdiskdownload/env_released_1.2.4_gcc10_python2/env_released_1.2.3_gcc10_python2/tools/gnu_gcc/arm_gcc/mingw/bin/../lib/gcc/arm-none-eabi/10.2.1/../../../../arm-none-eabi/lib/thumb/v7e-m+fp/hard\libc.a(lib_a-vfiprintf.o)
 .text.__swsetup_r
                0x60011b54       0xd4 d:/baidunetdiskdownload/env_released_1.2.4_gcc10_python2/env_released_1.2.3_gcc10_python2/tools/gnu_gcc/arm_gcc/mingw/bin/../lib/gcc/arm-none-eabi/10.2.1/../../../../arm-none-eabi/lib/thumb/v7e-m+fp/hard\libc.a(lib_a-wsetup.o)
                0x60011b54                __swsetup_r
 .text.abort    0x60011c28       0x10 d:/baidunetdiskdownload/env_released_1.2.4_gcc10_python2/env_released_1.2.3_gcc10_python2/tools/gnu_gcc/arm_gcc/mingw/bin/../lib/gcc/arm-none-eabi/10.2.1/../../../../arm-none-eabi/lib/thumb/v7e-m+fp/hard\libc.a(lib_a-abort.o)
                0x60011c28                abort
 .text.__sflush_r
                0x60011c38      0x130 d:/baidunetdiskdownload/env_released_1.2.4_gcc10_python2/env_released_1.2.3_gcc10_python2/tools/gnu_gcc/arm_gcc/mingw/bin/../lib/gcc/arm-none-eabi/10.2.1/../../../../arm-none-eabi/lib/thumb/v7e-m+fp/hard\libc.a(lib_a-fflush.o)
                0x60011c38                __sflush_r
 .text._fflush_r
                0x60011d68       0x5c d:/baidunetdiskdownload/env_released_1.2.4_gcc10_python2/env_released_1.2.3_gcc10_python2/tools/gnu_gcc/arm_gcc/mingw/bin/../lib/gcc/arm-none-eabi/10.2.1/../../../../arm-none-eabi/lib/thumb/v7e-m+fp/hard\libc.a(lib_a-fflush.o)
                0x60011d68                _fflush_r
 .text._cleanup_r
                0x60011dc4        0xc d:/baidunetdiskdownload/env_released_1.2.4_gcc10_python2/env_released_1.2.3_gcc10_python2/tools/gnu_gcc/arm_gcc/mingw/bin/../lib/gcc/arm-none-eabi/10.2.1/../../../../arm-none-eabi/lib/thumb/v7e-m+fp/hard\libc.a(lib_a-findfp.o)
                0x60011dc4                _cleanup_r
 .text.__sinit  0x60011dd0      0x10c d:/baidunetdiskdownload/env_released_1.2.4_gcc10_python2/env_released_1.2.3_gcc10_python2/tools/gnu_gcc/arm_gcc/mingw/bin/../lib/gcc/arm-none-eabi/10.2.1/../../../../arm-none-eabi/lib/thumb/v7e-m+fp/hard\libc.a(lib_a-findfp.o)
                0x60011dd0                __sinit
 .text.__sfp_lock_acquire
                0x60011edc        0xc d:/baidunetdiskdownload/env_released_1.2.4_gcc10_python2/env_released_1.2.3_gcc10_python2/tools/gnu_gcc/arm_gcc/mingw/bin/../lib/gcc/arm-none-eabi/10.2.1/../../../../arm-none-eabi/lib/thumb/v7e-m+fp/hard\libc.a(lib_a-findfp.o)
                0x60011edc                __sfp_lock_acquire
 .text.__sfp_lock_release
                0x60011ee8        0xc d:/baidunetdiskdownload/env_released_1.2.4_gcc10_python2/env_released_1.2.3_gcc10_python2/tools/gnu_gcc/arm_gcc/mingw/bin/../lib/gcc/arm-none-eabi/10.2.1/../../../../arm-none-eabi/lib/thumb/v7e-m+fp/hard\libc.a(lib_a-findfp.o)
                0x60011ee8                __sfp_lock_release
 .text.__fputwc
                0x60011ef4       0xa8 d:/baidunetdiskdownload/env_released_1.2.4_gcc10_python2/env_released_1.2.3_gcc10_python2/tools/gnu_gcc/arm_gcc/mingw/bin/../lib/gcc/arm-none-eabi/10.2.1/../../../../arm-none-eabi/lib/thumb/v7e-m+fp/hard\libc.a(lib_a-fputwc.o)
                0x60011ef4                __fputwc
 .text._fputwc_r
                0x60011f9c       0x68 d:/baidunetdiskdownload/env_released_1.2.4_gcc10_python2/env_released_1.2.3_gcc10_python2/tools/gnu_gcc/arm_gcc/mingw/bin/../lib/gcc/arm-none-eabi/10.2.1/../../../../arm-none-eabi/lib/thumb/v7e-m+fp/hard\libc.a(lib_a-fputwc.o)
                0x60011f9c                _fputwc_r
 .text.__sfvwrite_r
                0x60012004      0x2f0 d:/baidunetdiskdownload/env_released_1.2.4_gcc10_python2/env_released_1.2.3_gcc10_python2/tools/gnu_gcc/arm_gcc/mingw/bin/../lib/gcc/arm-none-eabi/10.2.1/../../../../arm-none-eabi/lib/thumb/v7e-m+fp/hard\libc.a(lib_a-fvwrite.o)
                0x60012004                __sfvwrite_r
 .text._fwalk_reent
                0x600122f4       0x48 d:/baidunetdiskdownload/env_released_1.2.4_gcc10_python2/env_released_1.2.3_gcc10_python2/tools/gnu_gcc/arm_gcc/mingw/bin/../lib/gcc/arm-none-eabi/10.2.1/../../../../arm-none-eabi/lib/thumb/v7e-m+fp/hard\libc.a(lib_a-fwalk.o)
                0x600122f4                _fwalk_reent
 .text.__locale_mb_cur_max
                0x6001233c        0xc d:/baidunetdiskdownload/env_released_1.2.4_gcc10_python2/env_released_1.2.3_gcc10_python2/tools/gnu_gcc/arm_gcc/mingw/bin/../lib/gcc/arm-none-eabi/10.2.1/../../../../arm-none-eabi/lib/thumb/v7e-m+fp/hard\libc.a(lib_a-locale.o)
                0x6001233c                __locale_mb_cur_max
 .text._localeconv_r
                0x60012348        0x8 d:/baidunetdiskdownload/env_released_1.2.4_gcc10_python2/env_released_1.2.3_gcc10_python2/tools/gnu_gcc/arm_gcc/mingw/bin/../lib/gcc/arm-none-eabi/10.2.1/../../../../arm-none-eabi/lib/thumb/v7e-m+fp/hard\libc.a(lib_a-localeconv.o)
                0x60012348                _localeconv_r
 .text.__retarget_lock_init_recursive
                0x60012350        0x4 d:/baidunetdiskdownload/env_released_1.2.4_gcc10_python2/env_released_1.2.3_gcc10_python2/tools/gnu_gcc/arm_gcc/mingw/bin/../lib/gcc/arm-none-eabi/10.2.1/../../../../arm-none-eabi/lib/thumb/v7e-m+fp/hard\libc.a(lib_a-lock.o)
                0x60012350                __retarget_lock_init_recursive
 .text.__retarget_lock_close_recursive
                0x60012354        0x4 d:/baidunetdiskdownload/env_released_1.2.4_gcc10_python2/env_released_1.2.3_gcc10_python2/tools/gnu_gcc/arm_gcc/mingw/bin/../lib/gcc/arm-none-eabi/10.2.1/../../../../arm-none-eabi/lib/thumb/v7e-m+fp/hard\libc.a(lib_a-lock.o)
                0x60012354                __retarget_lock_close_recursive
 .text.__retarget_lock_acquire_recursive
                0x60012358        0x4 d:/baidunetdiskdownload/env_released_1.2.4_gcc10_python2/env_released_1.2.3_gcc10_python2/tools/gnu_gcc/arm_gcc/mingw/bin/../lib/gcc/arm-none-eabi/10.2.1/../../../../arm-none-eabi/lib/thumb/v7e-m+fp/hard\libc.a(lib_a-lock.o)
                0x60012358                __retarget_lock_acquire_recursive
 .text.__retarget_lock_release_recursive
                0x6001235c        0x4 d:/baidunetdiskdownload/env_released_1.2.4_gcc10_python2/env_released_1.2.3_gcc10_python2/tools/gnu_gcc/arm_gcc/mingw/bin/../lib/gcc/arm-none-eabi/10.2.1/../../../../arm-none-eabi/lib/thumb/v7e-m+fp/hard\libc.a(lib_a-lock.o)
                0x6001235c                __retarget_lock_release_recursive
 .text.__smakebuf_r
                0x60012360       0xe0 d:/baidunetdiskdownload/env_released_1.2.4_gcc10_python2/env_released_1.2.3_gcc10_python2/tools/gnu_gcc/arm_gcc/mingw/bin/../lib/gcc/arm-none-eabi/10.2.1/../../../../arm-none-eabi/lib/thumb/v7e-m+fp/hard\libc.a(lib_a-makebuf.o)
                0x60012360                __smakebuf_r
 .text.__ascii_mbtowc
                0x60012440       0x2c d:/baidunetdiskdownload/env_released_1.2.4_gcc10_python2/env_released_1.2.3_gcc10_python2/tools/gnu_gcc/arm_gcc/mingw/bin/../lib/gcc/arm-none-eabi/10.2.1/../../../../arm-none-eabi/lib/thumb/v7e-m+fp/hard\libc.a(lib_a-mbtowc_r.o)
                0x60012440                __ascii_mbtowc
 .text.memmove  0x6001246c       0xf8 d:/baidunetdiskdownload/env_released_1.2.4_gcc10_python2/env_released_1.2.3_gcc10_python2/tools/gnu_gcc/arm_gcc/mingw/bin/../lib/gcc/arm-none-eabi/10.2.1/../../../../arm-none-eabi/lib/thumb/v7e-m+fp/hard\libc.a(lib_a-memmove.o)
                0x6001246c                memmove
 .text.raise    0x60012564       0x5c d:/baidunetdiskdownload/env_released_1.2.4_gcc10_python2/env_released_1.2.3_gcc10_python2/tools/gnu_gcc/arm_gcc/mingw/bin/../lib/gcc/arm-none-eabi/10.2.1/../../../../arm-none-eabi/lib/thumb/v7e-m+fp/hard\libc.a(lib_a-signal.o)
                0x60012564                raise
 .text.__sread  0x600125c0       0x24 d:/baidunetdiskdownload/env_released_1.2.4_gcc10_python2/env_released_1.2.3_gcc10_python2/tools/gnu_gcc/arm_gcc/mingw/bin/../lib/gcc/arm-none-eabi/10.2.1/../../../../arm-none-eabi/lib/thumb/v7e-m+fp/hard\libc.a(lib_a-stdio.o)
                0x600125c0                __sread
 .text.__swrite
                0x600125e4       0x40 d:/baidunetdiskdownload/env_released_1.2.4_gcc10_python2/env_released_1.2.3_gcc10_python2/tools/gnu_gcc/arm_gcc/mingw/bin/../lib/gcc/arm-none-eabi/10.2.1/../../../../arm-none-eabi/lib/thumb/v7e-m+fp/hard\libc.a(lib_a-stdio.o)
                0x600125e4                __swrite
 .text.__sseek  0x60012624       0x20 d:/baidunetdiskdownload/env_released_1.2.4_gcc10_python2/env_released_1.2.3_gcc10_python2/tools/gnu_gcc/arm_gcc/mingw/bin/../lib/gcc/arm-none-eabi/10.2.1/../../../../arm-none-eabi/lib/thumb/v7e-m+fp/hard\libc.a(lib_a-stdio.o)
                0x60012624                __sseek
 .text.__sclose
                0x60012644        0x8 d:/baidunetdiskdownload/env_released_1.2.4_gcc10_python2/env_released_1.2.3_gcc10_python2/tools/gnu_gcc/arm_gcc/mingw/bin/../lib/gcc/arm-none-eabi/10.2.1/../../../../arm-none-eabi/lib/thumb/v7e-m+fp/hard\libc.a(lib_a-stdio.o)
                0x60012644                __sclose
 .text.__swbuf_r
                0x6001264c       0xb0 d:/baidunetdiskdownload/env_released_1.2.4_gcc10_python2/env_released_1.2.3_gcc10_python2/tools/gnu_gcc/arm_gcc/mingw/bin/../lib/gcc/arm-none-eabi/10.2.1/../../../../arm-none-eabi/lib/thumb/v7e-m+fp/hard\libc.a(lib_a-wbuf.o)
                0x6001264c                __swbuf_r
 .text._wcrtomb_r
                0x600126fc       0x3c d:/baidunetdiskdownload/env_released_1.2.4_gcc10_python2/env_released_1.2.3_gcc10_python2/tools/gnu_gcc/arm_gcc/mingw/bin/../lib/gcc/arm-none-eabi/10.2.1/../../../../arm-none-eabi/lib/thumb/v7e-m+fp/hard\libc.a(lib_a-wcrtomb.o)
                0x600126fc                _wcrtomb_r
 .text.__ascii_wctomb
                0x60012738       0x1c d:/baidunetdiskdownload/env_released_1.2.4_gcc10_python2/env_released_1.2.3_gcc10_python2/tools/gnu_gcc/arm_gcc/mingw/bin/../lib/gcc/arm-none-eabi/10.2.1/../../../../arm-none-eabi/lib/thumb/v7e-m+fp/hard\libc.a(lib_a-wctomb_r.o)
                0x60012738                __ascii_wctomb
 .text._fclose_r
                0x60012754       0xcc d:/baidunetdiskdownload/env_released_1.2.4_gcc10_python2/env_released_1.2.3_gcc10_python2/tools/gnu_gcc/arm_gcc/mingw/bin/../lib/gcc/arm-none-eabi/10.2.1/../../../../arm-none-eabi/lib/thumb/v7e-m+fp/hard\libc.a(lib_a-fclose.o)
                0x60012754                _fclose_r
 *(.rodata)
 .rodata        0x60012820       0x5f build\board\MCUX_Config\clock_config.o
 *fill*         0x6001287f        0x1 
 .rodata        0x60012880       0x40 build\board\MCUX_Config\pin_mux.o
 .rodata        0x600128c0       0x52 build\board\board.o
 *fill*         0x60012912        0x2 
 .rodata        0x60012914       0x54 libraries\MIMXRT1050\MIMXRT1052\drivers\fsl_clock.o
 .rodata        0x60012968       0xa1 libraries\MIMXRT1050\MIMXRT1052\drivers\fsl_gpio.o
 *fill*         0x60012a09        0x3 
 .rodata        0x60012a0c      0x196 libraries\MIMXRT1050\MIMXRT1052\drivers\fsl_lpuart.o
 *fill*         0x60012ba2        0x2 
 .rodata        0x60012ba4       0x84 libraries\drivers\drv_gpio.o
 .rodata        0x60012c28       0x44 libraries\drivers\drv_uart.o
 .rodata        0x60012c6c      0x114 build\kernel\components\drivers\core\device.o
 .rodata        0x60012d80       0xff build\kernel\components\drivers\ipc\completion.o
 *fill*         0x60012e7f        0x1 
 .rodata        0x60012e80      0x11c build\kernel\components\drivers\ipc\dataqueue.o
 .rodata        0x60012f9c      0x2a2 build\kernel\components\drivers\misc\pin.o
 *fill*         0x6001323e        0x2 
 .rodata        0x60013240      0x1a2 build\kernel\components\drivers\serial\serial.o
 *fill*         0x600133e2        0x2 
 .rodata        0x600133e4      0x854 build\kernel\components\finsh\cmd.o
 .rodata        0x60013c38       0x88 build\kernel\components\finsh\msh.o
 .rodata        0x60013cc0       0x91 build\kernel\components\finsh\shell.o
 *fill*         0x60013d51        0x3 
 .rodata        0x60013d54       0x2e build\kernel\components\libc\compilers\common\cstdlib.o
 *fill*         0x60013d82        0x2 
 .rodata        0x60013d84       0x4a build\kernel\components\libc\compilers\newlib\syscalls.o
 *fill*         0x60013dce        0x2 
 .rodata        0x60013dd0      0x2ba build\kernel\libcpu\arm\cortex-m7\cpuport.o
 *fill*         0x6001408a        0x2 
 .rodata        0x6001408c       0x17 build\kernel\src\components.o
 *fill*         0x600140a3        0x1 
 .rodata        0x600140a4        0x8 build\kernel\src\idle.o
 .rodata        0x600140ac      0x51a build\kernel\src\ipc.o
 *fill*         0x600145c6        0x2 
 .rodata        0x600145c8      0x43b build\kernel\src\kservice.o
 *fill*         0x60014a03        0x1 
 .rodata        0x60014a04      0x153 build\kernel\src\memheap.o
 *fill*         0x60014b57        0x1 
 .rodata        0x60014b58       0x91 build\kernel\src\object.o
 *fill*         0x60014be9        0x3 
 .rodata        0x60014bec       0x65 build\kernel\src\scheduler_up.o
 *fill*         0x60014c51        0x3 
 .rodata        0x60014c54      0x25f build\kernel\src\thread.o
 *fill*         0x60014eb3        0x1 
 .rodata        0x60014eb4      0x106 build\kernel\src\timer.o
 *(.rodata*)
 *fill*         0x60014fba        0x2 
 .rodata.armPllConfig_BOARD_BootClockRUN
                0x60014fbc        0x8 build\board\MCUX_Config\clock_config.o
                0x60014fbc                armPllConfig_BOARD_BootClockRUN
 .rodata.__func__.2
                0x60014fc4       0x12 build\board\MCUX_Config\clock_config.o
 *fill*         0x60014fd6        0x2 
 .rodata.__func__.1
                0x60014fd8        0xd build\board\MCUX_Config\clock_config.o
 *fill*         0x60014fe5        0x3 
 .rodata.__func__.0
                0x60014fe8        0xd build\board\MCUX_Config\clock_config.o
 *fill*         0x60014ff5        0x3 
 .rodata.__func__.0
                0x60014ff8       0x12 build\board\MCUX_Config\pin_mux.o
 *fill*         0x6001500a        0x2 
 .rodata.__func__.0
                0x6001500c       0x10 build\board\board.o
 .rodata.__func__.0
                0x6001501c       0x16 libraries\MIMXRT1050\MIMXRT1052\drivers\fsl_clock.o
 *fill*         0x60015032        0x2 
 .rodata.s_gpioBases
                0x60015034       0x18 libraries\MIMXRT1050\MIMXRT1052\drivers\fsl_gpio.o
 .rodata.s_gpioClock
                0x6001504c        0xc libraries\MIMXRT1050\MIMXRT1052\drivers\fsl_gpio.o
 .rodata.__func__.2
                0x60015058       0x11 libraries\MIMXRT1050\MIMXRT1052\drivers\fsl_gpio.o
 *fill*         0x60015069        0x3 
 .rodata.__func__.1
                0x6001506c       0x12 libraries\MIMXRT1050\MIMXRT1052\drivers\fsl_gpio.o
 *fill*         0x6001507e        0x2 
 .rodata.__func__.0
                0x60015080        0xe libraries\MIMXRT1050\MIMXRT1052\drivers\fsl_gpio.o
 *fill*         0x6001508e        0x2 
 .rodata.s_lpuartBases
                0x60015090       0x24 libraries\MIMXRT1050\MIMXRT1052\drivers\fsl_lpuart.o
 .rodata.s_lpuartClock
                0x600150b4       0x12 libraries\MIMXRT1050\MIMXRT1052\drivers\fsl_lpuart.o
 *fill*         0x600150c6        0x2 
 .rodata.__func__.20
                0x600150c8       0x13 libraries\MIMXRT1050\MIMXRT1052\drivers\fsl_lpuart.o
 *fill*         0x600150db        0x1 
 .rodata.__func__.15
                0x600150dc        0xc libraries\MIMXRT1050\MIMXRT1052\drivers\fsl_lpuart.o
 .rodata.__func__.14
                0x600150e8       0x12 libraries\MIMXRT1050\MIMXRT1052\drivers\fsl_lpuart.o
 *fill*         0x600150fa        0x2 
 .rodata.__func__.13
                0x600150fc       0x18 libraries\MIMXRT1050\MIMXRT1052\drivers\fsl_lpuart.o
 .rodata.mask_tab
                0x60015114       0x38 libraries\drivers\drv_gpio.o
                0x60015114                mask_tab
 .rodata.reg_offset