Component: Arm Compiler for Embedded 6.19 Tool: armlink [5e73cb00]

==============================================================================

Section Cross References

    main.o(.text.main) refers to pin.o(.text.rt_pin_mode) for rt_pin_mode
    main.o(.text.main) refers to pin.o(.text.rt_pin_write) for rt_pin_write
    main.o(.text.main) refers to thread.o(.text.rt_thread_mdelay) for rt_thread_mdelay
    main.o(.ARM.exidx.text.main) refers to main.o(.text.main) for [Anonymous Symbol]
    syscall_mem.o(.text.malloc) refers to kservice.o(.text.rt_malloc) for rt_malloc
    syscall_mem.o(.ARM.exidx.text.malloc) refers to syscall_mem.o(.text.malloc) for [Anonymous Symbol]
    syscall_mem.o(.text.realloc) refers to kservice.o(.text.rt_realloc) for rt_realloc
    syscall_mem.o(.ARM.exidx.text.realloc) refers to syscall_mem.o(.text.realloc) for [Anonymous Symbol]
    syscall_mem.o(.text.calloc) refers to kservice.o(.text.rt_calloc) for rt_calloc
    syscall_mem.o(.ARM.exidx.text.calloc) refers to syscall_mem.o(.text.calloc) for [Anonymous Symbol]
    syscall_mem.o(.text.free) refers to kservice.o(.text.rt_free) for rt_free
    syscall_mem.o(.ARM.exidx.text.free) refers to syscall_mem.o(.text.free) for [Anonymous Symbol]
    syscalls.o(.text) refers (Special) to use_no_semi_2.o(.text) for __use_no_semihosting
    syscalls.o(.text._sys_open) refers (Special) to use_no_semi_2.o(.text) for __use_no_semihosting
    syscalls.o(.text._sys_open) refers to syscalls.o(.rodata.__stdin_name) for __stdin_name
    syscalls.o(.text._sys_open) refers to strcmpv7m_pel.o(.text) for strcmp
    syscalls.o(.text._sys_open) refers to syscalls.o(.rodata.__stdout_name) for __stdout_name
    syscalls.o(.text._sys_open) refers to syscalls.o(.rodata.__stderr_name) for __stderr_name
    syscalls.o(.text._sys_open) refers to syscalls.o(.rodata.str1.1) for .L.str
    syscalls.o(.text._sys_open) refers to kservice.o(.text.rt_kprintf) for rt_kprintf
    syscalls.o(.ARM.exidx.text._sys_open) refers (Special) to use_no_semi_2.o(.text) for __use_no_semihosting
    syscalls.o(.ARM.exidx.text._sys_open) refers to syscalls.o(.text._sys_open) for [Anonymous Symbol]
    syscalls.o(.text._sys_close) refers (Special) to use_no_semi_2.o(.text) for __use_no_semihosting
    syscalls.o(.text._sys_close) refers to syscalls.o(.rodata.str1.1) for .L.str
    syscalls.o(.text._sys_close) refers to kservice.o(.text.rt_kprintf) for rt_kprintf
    syscalls.o(.ARM.exidx.text._sys_close) refers (Special) to use_no_semi_2.o(.text) for __use_no_semihosting
    syscalls.o(.ARM.exidx.text._sys_close) refers to syscalls.o(.text._sys_close) for [Anonymous Symbol]
    syscalls.o(.text._sys_read) refers (Special) to use_no_semi_2.o(.text) for __use_no_semihosting
    syscalls.o(.text._sys_read) refers to syscalls.o(.rodata.str1.1) for .L.str
    syscalls.o(.text._sys_read) refers to kservice.o(.text.rt_kprintf) for rt_kprintf
    syscalls.o(.ARM.exidx.text._sys_read) refers (Special) to use_no_semi_2.o(.text) for __use_no_semihosting
    syscalls.o(.ARM.exidx.text._sys_read) refers to syscalls.o(.text._sys_read) for [Anonymous Symbol]
    syscalls.o(.text._sys_write) refers (Special) to use_no_semi_2.o(.text) for __use_no_semihosting
    syscalls.o(.text._sys_write) refers to kservice.o(.text.rt_console_get_device) for rt_console_get_device
    syscalls.o(.text._sys_write) refers to device.o(.text.rt_device_write) for rt_device_write
    syscalls.o(.text._sys_write) refers to syscalls.o(.rodata.str1.1) for .L.str
    syscalls.o(.text._sys_write) refers to kservice.o(.text.rt_kprintf) for rt_kprintf
    syscalls.o(.ARM.exidx.text._sys_write) refers (Special) to use_no_semi_2.o(.text) for __use_no_semihosting
    syscalls.o(.ARM.exidx.text._sys_write) refers to syscalls.o(.text._sys_write) for [Anonymous Symbol]
    syscalls.o(.text._sys_ensure) refers (Special) to use_no_semi_2.o(.text) for __use_no_semihosting
    syscalls.o(.text._sys_ensure) refers to syscalls.o(.rodata.str1.1) for .L.str
    syscalls.o(.text._sys_ensure) refers to kservice.o(.text.rt_kprintf) for rt_kprintf
    syscalls.o(.ARM.exidx.text._sys_ensure) refers (Special) to use_no_semi_2.o(.text) for __use_no_semihosting
    syscalls.o(.ARM.exidx.text._sys_ensure) refers to syscalls.o(.text._sys_ensure) for [Anonymous Symbol]
    syscalls.o(.text._sys_seek) refers (Special) to use_no_semi_2.o(.text) for __use_no_semihosting
    syscalls.o(.text._sys_seek) refers to syscalls.o(.rodata.str1.1) for .L.str
    syscalls.o(.text._sys_seek) refers to kservice.o(.text.rt_kprintf) for rt_kprintf
    syscalls.o(.ARM.exidx.text._sys_seek) refers (Special) to use_no_semi_2.o(.text) for __use_no_semihosting
    syscalls.o(.ARM.exidx.text._sys_seek) refers to syscalls.o(.text._sys_seek) for [Anonymous Symbol]
    syscalls.o(.text._sys_tmpnam) refers (Special) to use_no_semi_2.o(.text) for __use_no_semihosting
    syscalls.o(.text._sys_tmpnam) refers to syscalls.o(.rodata.str1.1) for .L.str.4
[...]
    rt_tick_get                              0x6000f729   Thumb Code    16  clock.o(.text.rt_tick_get)
    rt_tick_increase                         0x6000f739   Thumb Code   190  clock.o(.text.rt_tick_increase)
    rt_timer_check                           0x6000f7f9   Thumb Code   314  timer.o(.text.rt_timer_check)
    rt_timer_control                         0x6000f939   Thumb Code   270  timer.o(.text.rt_timer_control)
    rt_timer_detach                          0x6000fa49   Thumb Code   168  timer.o(.text.rt_timer_detach)
    rt_timer_init                            0x6000faf1   Thumb Code   164  timer.o(.text.rt_timer_init)
    rt_timer_start                           0x6000fb99   Thumb Code   450  timer.o(.text.rt_timer_start)
    rt_timer_stop                            0x6000fd61   Thumb Code   194  timer.o(.text.rt_timer_stop)
    rt_vsnprintf                             0x6000fe29   Thumb Code  1556  kservice.o(.text.rt_vsnprintf)
    rtthread_startup                         0x60010461   Thumb Code    42  components.o(.text.rtthread_startup)
    version                                  0x60010861   Thumb Code    10  cmd.o(.text.version)
    _get_lc_ctype                            0x6001086d   Thumb Code    44  lc_ctype_c.o(locale$$code)
    _fp_init                                 0x60010899   Thumb Code    26  fpinit.o(x$fpl$fpinit)
    __fplib_config_fpu_vfp                   0x600108b1   Thumb Code     0  fpinit.o(x$fpl$fpinit)
    __fplib_config_pureend_doubles           0x600108b1   Thumb Code     0  fpinit.o(x$fpl$fpinit)
    armPllConfig_BOARD_BootClockRUN          0x600108b4   Data           8  clock_config.o(.rodata.armPllConfig_BOARD_BootClockRUN)
    mask_tab                                 0x60010984   Data          56  drv_gpio.o(.rodata.mask_tab)
    __fsym_pin_name                          0x600109bc   Data           4  pin.o(.rodata.name)
    __fsym_pin_desc                          0x600109c0   Data          13  pin.o(.rodata.name)
    __fsym_help_name                         0x600109cd   Data           5  msh.o(.rodata.name)
    __fsym_help_desc                         0x600109d2   Data          22  msh.o(.rodata.name)
    __fsym_ps_name                           0x600109e8   Data           3  msh.o(.rodata.name)
    __fsym_ps_desc                           0x600109eb   Data          28  msh.o(.rodata.name)
    __fsym_free_name                         0x60010a07   Data           5  msh.o(.rodata.name)
    __fsym_free_desc                         0x60010a0c   Data          37  msh.o(.rodata.name)
    __fsym_clear_name                        0x60010a31   Data           6  cmd.o(.rodata.name)
    __fsym_clear_desc                        0x60010a37   Data          26  cmd.o(.rodata.name)
    __fsym_version_name                      0x60010a51   Data           8  cmd.o(.rodata.name)
    __fsym_version_desc                      0x60010a59   Data          35  cmd.o(.rodata.name)
    __fsym_list_name                         0x60010a7c   Data           5  cmd.o(.rodata.name)
    __fsym_list_desc                         0x60010a81   Data          13  cmd.o(.rodata.name)
    __fsym_backtrace_name                    0x60010a8e   Data          10  kservice.o(.rodata.name)
    __fsym_backtrace_desc                    0x60010a98   Data          28  kservice.o(.rodata.name)
    reg_offset                               0x60010ad8   Data         512  drv_gpio.o(.rodata.reg_offset)
    __rt_init_rti_start                      0x60012de8   Data           4  components.o(.rti_fn.0)
    __rt_init_rti_board_start                0x60012dec   Data           4  components.o(.rti_fn.0.end)
    __rt_init_rt_hw_pin_init                 0x60012df0   Data           4  drv_gpio.o(.rti_fn.1)
    __rt_init_rt_hw_uart_init                0x60012df4   Data           4  drv_uart.o(.rti_fn.1)
    __rt_init_rti_board_end                  0x60012df8   Data           4  components.o(.rti_fn.1.end)
    __rt_init_finsh_system_init              0x60012dfc   Data           4  shell.o(.rti_fn.6)
    __rt_init_rti_end                        0x60012e00   Data           4  components.o(.rti_fn.6.end)
    FSymTab$$Base                            0x60012e04   Number         0  pin.o(FSymTab)
    __fsym_pin                               0x60012e04   Data          16  pin.o(FSymTab)
    __fsym_help                              0x60012e14   Data          16  msh.o(FSymTab)
    __fsym_ps                                0x60012e24   Data          16  msh.o(FSymTab)
    __fsym_free                              0x60012e34   Data          16  msh.o(FSymTab)
    __fsym_clear                             0x60012e44   Data          16  cmd.o(FSymTab)
    __fsym_version                           0x60012e54   Data          16  cmd.o(FSymTab)
    __fsym_list                              0x60012e64   Data          16  cmd.o(FSymTab)
    __fsym_backtrace                         0x60012e74   Data          16  kservice.o(FSymTab)
    FSymTab$$Limit                           0x60012e84   Number         0  kservice.o(FSymTab)
    Region$$Table$$Base                      0x60012e84   Number         0  anon$$obj.o(Region$$Table)
    Region$$Table$$Limit                     0x60012ea4   Number         0  anon$$obj.o(Region$$Table)
    __ctype                                  0x60012eb1   Data           0  lc_ctype_c.o(locale$$data)



==============================================================================

Memory Map of the image

  Image Entry point : 0x60002631

  Load Region LR_m_rom_config (Base: 0x60000000, Size: 0x00000200, Max: 0x00001000, ABSOLUTE)

    Execution Region RW_m_config_text (Exec base: 0x60000000, Load base: 0x60000000, Size: 0x00000200, Max: 0x00001000, ABSOLUTE)

    Exec Addr    Load Addr    Size         Type   Attr      Idx    E Section Name        Object

    0x60000000   0x60000000   0x00000200   Data   RO         2248    .boot_hdr.conf      evkbimxrt1050_flexspi_nor_config.o



  Load Region LR_m_rom_ivt (Base: 0x60001000, Size: 0x00000030, Max: 0x00001000, ABSOLUTE)

    Execution Region RW_m_ivt_text (Exec base: 0x60001000, Load base: 0x60001000, Size: 0x00000030, Max: 0x00001000, ABSOLUTE)

    Exec Addr    Load Addr    Size         Type   Attr      Idx    E Section Name        Object

    0x60001000   0x60001000   0x00000020   Data   RO         2255    .boot_hdr.ivt       fsl_flexspi_nor_boot.o
    0x60001020   0x60001020   0x00000010   Data   RO         2254    .boot_hdr.boot_data  fsl_flexspi_nor_boot.o



  Load Region LR_m_text (Base: 0x60002000, Size: 0x00011c20, Max: 0x61fffc00, ABSOLUTE, COMPRESSED[0x000110f8])

    Execution Region RTT_HEAP (Exec base: 0x00000800, Load base: 0x600130f8, Size: 0x0001e5d4, Max: 0x0001e5d4, ABSOLUTE)

    Exec Addr    Load Addr    Size         Type   Attr      Idx    E Section Name        Object

    0x00000800        -       0x0001e5d4   Zero   RW            3    RTT_HEAP.bss        anon$$obj.o


    Execution Region RW_m_data (Exec base: 0x20000000, Load base: 0x60012fb8, Size: 0x0000122c, Max: 0x00020000, ABSOLUTE, COMPRESSED[0x00000140])

    Exec Addr    Load Addr    Size         Type   Attr      Idx    E Section Name        Object

    0x20000000   COMPRESSED   0x00000004   Data   RW         1815    .data.SystemCoreClock  system_mimxrt1052.o
    0x20000004   COMPRESSED   0x000000f0   Data   RW         1621    .data._object_container  object.o
    0x200000f4   COMPRESSED   0x00000008   Data   RW         1170    .data._rt_thread_defunct  idle.o
    0x200000fc   COMPRESSED   0x00000084   Data   RW         1068    .data.cmd_list_msh_options  cmd.o
    0x20000180   COMPRESSED   0x00000a00   Data   RW          854    .data.hdr_tab       drv_gpio.o
    0x20000b80   COMPRESSED   0x00000078   Data   RW         1492    .data.rt_errno_strs  kservice.o
    0x20000bf8   COMPRESSED   0x0000006c   Data   RW          905    .data.uarts         drv_uart.o
    0x20000c64   COMPRESSED   0x00000004   PAD
    0x20000c68        -       0x00000060   Zero   RW         2329    .bss                c_w.l(libspace.o)
    0x20000cc8        -       0x00000004   Zero   RW         1493    .bss.__rt_errno     kservice.o
    0x20000ccc        -       0x00000004   Zero   RW         1494    .bss._console_device  kservice.o
    0x20000cd0        -       0x00000004   Zero   RW         1795    .bss._hard_spinlock  timer.o
    0x20000cd4        -       0x00000044   Zero   RW          629    .bss._hw_pin        pin.o
    0x20000d18        -       0x00000004   Zero   RW         1168    .bss._idle_inited   idle.o
    0x20000d1c        -       0x00000030   Zero   RW         1504    .bss._lock          kservice.o
    0x20000d4c        -       0x00000004   Zero   RW          681    .bss._serial_check_buffer_size.already_output  serial.o
    0x20000d50        -       0x00000004   Zero   RW         1169    .bss._spinlock      idle.o
    0x20000d54        -       0x00000004   Zero   RW          949    .bss._syscall_table_begin  shell.o
    0x20000d58        -       0x00000004   Zero   RW          950    .bss._syscall_table_end  shell.o
    0x20000d5c        -       0x00000008   Zero   RW         1797    .bss._timer_list    timer.o
    0x20000d64        -       0x00000081   Zero   RW          952    .bss.finsh_get_prompt.finsh_prompt  shell.o
    0x20000de5   COMPRESSED   0x00000003   PAD
    0x20000de8        -       0x00000004   Zero   RW          951    .bss.finsh_prompt_custom  shell.o
    0x20000dec        -       0x00000004   Zero   RW         2068    .bss.g_rtcXtalFreq  fsl_clock.o
    0x20000df0        -       0x00000004   Zero   RW         2067    .bss.g_xtalFreq     fsl_clock.o
    0x20000df4        -       0x00000010   Zero   RW         1167    .bss.idle_hook_list  idle.o
    0x20000e04        -       0x0000009c   Zero   RW         1172    .bss.idle_thread    idle.o
    0x20000ea0        -       0x00000100   Zero   RW         1173    .bss.idle_thread_stack  idle.o
    0x20000fa0        -       0x00000004   Zero   RW         1501    .bss.rt_assert_hook  kservice.o
    0x20000fa4        -       0x00000001   Zero   RW         1670    .bss.rt_current_priority  scheduler_up.o
    0x20000fa5   COMPRESSED   0x00000003   PAD
    0x20000fa8        -       0x00000004   Zero   RW         1664    .bss.rt_current_thread  scheduler_up.o
    0x20000fac        -       0x00000004   Zero   RW          297    .bss.rt_exception_hook  cpuport.o
    0x20000fb0        -       0x00000004   Zero   RW         1499    .bss.rt_free_hook   kservice.o
    0x20000fb4        -       0x00000004   Zero   RW         1371    .bss.rt_interrupt_enter_hook  irq.o
    0x20000fb8        -       0x00000004   Zero   RW          299    .bss.rt_interrupt_from_thread  cpuport.o
    0x20000fbc        -       0x00000004   Zero   RW         1372    .bss.rt_interrupt_leave_hook  irq.o
    0x20000fc0        -       0x00000004   Zero   RW         1373    .bss.rt_interrupt_nest  irq.o
    0x20000fc4        -       0x00000004   Zero   RW          300    .bss.rt_interrupt_to_thread  cpuport.o
    0x20000fc8        -       0x00000080   Zero   RW         1495    .bss.rt_kprintf.rt_log_buf  kservice.o
    0x20001048        -       0x00000004   Zero   RW         1498    .bss.rt_malloc_hook  kservice.o
    0x2000104c        -       0x00000004   Zero   RW         1616    .bss.rt_object_attach_hook  object.o
    0x20001050        -       0x00000004   Zero   RW         1617    .bss.rt_object_detach_hook  object.o
    0x20001054        -       0x00000004   Zero   RW         1620    .bss.rt_object_put_hook  object.o
    0x20001058        -       0x00000004   Zero   RW         1619    .bss.rt_object_take_hook  object.o
    0x2000105c        -       0x00000004   Zero   RW         1618    .bss.rt_object_trytake_hook  object.o
    0x20001060        -       0x00000004   Zero   RW         1665    .bss.rt_scheduler_hook  scheduler_up.o
    0x20001064        -       0x00000002   Zero   RW         1667    .bss.rt_scheduler_lock_nest  scheduler_up.o
    0x20001066   COMPRESSED   0x00000002   PAD
    0x20001068        -       0x00000004   Zero   RW         1666    .bss.rt_scheduler_switch_hook  scheduler_up.o
    0x2000106c        -       0x00000004   Zero   RW         1741    .bss.rt_thread_inited_hook  thread.o
    0x20001070        -       0x00000100   Zero   RW         1668    .bss.rt_thread_priority_table  scheduler_up.o
    0x20001170        -       0x00000004   Zero   RW         1669    .bss.rt_thread_ready_priority_group  scheduler_up.o
    0x20001174        -       0x00000004   Zero   RW         1740    .bss.rt_thread_resume_hook  thread.o
    0x20001178        -       0x00000004   Zero   RW         1739    .bss.rt_thread_suspend_hook  thread.o
    0x2000117c        -       0x00000004   Zero   RW          301    .bss.rt_thread_switch_interrupt_flag  cpuport.o
    0x20001180        -       0x00000004   Zero   RW         1101    .bss.rt_tick        clock.o
    0x20001184        -       0x00000004   Zero   RW         1100    .bss.rt_tick_hook   clock.o
    0x20001188        -       0x00000004   Zero   RW         1792    .bss.rt_timer_enter_hook  timer.o
    0x2000118c        -       0x00000004   Zero   RW         1793    .bss.rt_timer_exit_hook  timer.o
    0x20001190        -       0x00000004   Zero   RW         1796    .bss.rt_timer_start.random_nr  timer.o
    0x20001194        -       0x00000024   Zero   RW         1969    .bss.s_lpuartHandle  fsl_lpuart.o
    0x200011b8        -       0x00000004   Zero   RW         1970    .bss.s_lpuartIsr    fsl_lpuart.o
    0x200011bc        -       0x00000004   Zero   RW          953    .bss.shell          shell.o
    0x200011c0        -       0x0000006c   Zero   RW         1500    .bss.system_heap    kservice.o


    Execution Region ARM_LIB_HEAP (Exec base: 0x2000122c, Load base: 0x600130f8, Size: 0x00000400, Max: 0x00000400, ABSOLUTE)

    Exec Addr    Load Addr    Size         Type   Attr      Idx    E Section Name        Object

    0x2000122c        -       0x00000400   Zero   RW            1    ARM_LIB_HEAP.bss    anon$$obj.o


    Execution Region ARM_LIB_STACK (Exec base: 0x2001fc00, Load base: 0x600130f8, Size: 0x00000400, Max: 0x00000400, ABSOLUTE)

    Exec Addr    Load Addr    Size         Type   Attr      Idx    E Section Name        Object

    0x2001fc00        -       0x00000400   Zero   RW            2    ARM_LIB_STACK.bss   anon$$obj.o


    Execution Region RW_m_ncache (Exec base: 0x20200000, Load base: 0x600130f8, Size: 0x00000000, Max: 0x00000000, ABSOLUTE)

    **** No section assigned to this execution region ****


    Execution Region RW_m_ncache_unused (Exec base: 0x20200000, Load base: 0x600130f8, Size: 0x00040000, Max: 0x00040000, ABSOLUTE)

    Exec Addr    Load Addr    Size         Type   Attr      Idx    E Section Name        Object

    0x20200000        -       0x00040000   Zero   RW            4    RW_m_ncache_unused.bss  anon$$obj.o


    Execution Region VECTOR_ROM (Exec base: 0x60002000, Load base: 0x60002000, Size: 0x00000400, Max: 0x00000400, ABSOLUTE, FIXED)

    Exec Addr    Load Addr    Size         Type   Attr      Idx    E Section Name        Object

    0x60002000   0x60002000   0x00000400   Data   RO         2140    .isr_vector         startup_mimxrt1052.o


    Execution Region ER_m_text (Exec base: 0x60002400, Load base: 0x60002400, Size: 0x00010bb4, Max: 0x01ffdc00, ABSOLUTE)

    Exec Addr    Load Addr    Size         Type   Attr      Idx    E Section Name        Object

    0x60002400   0x60002400   0x00000008   Code   RO         2296  * !!!main             c_w.l(__main.o)
    0x60002408   0x60002408   0x00000034   Code   RO         2505    !!!scatter          c_w.l(__scatter.o)
    0x6000243c   0x6000243c   0x0000005a   Code   RO         2503    !!dczerorl2         c_w.l(__dczerorl2.o)
    0x60002496   0x60002496   0x00000002   PAD
    0x60002498   0x60002498   0x0000001c   Code   RO         2507    !!handler_zi        c_w.l(__scatter_zi.o)
    0x600024b4   0x600024b4   0x00000002   Code   RO         2429    .ARM.Collect$$libinit$$00000000  c_w.l(libinit.o)
    0x600024b6   0x600024b6   0x00000004   Code   RO         2361    .ARM.Collect$$libinit$$00000001  c_w.l(libinit2.o)
    0x600024ba   0x600024ba   0x00000000   Code   RO         2364    .ARM.Collect$$libinit$$00000004  c_w.l(libinit2.o)
    0x600024ba   0x600024ba   0x00000000   Code   RO         2366    .ARM.Collect$$libinit$$00000006  c_w.l(libinit2.o)
    0x600024ba   0x600024ba   0x00000000   Code   RO         2369    .ARM.Collect$$libinit$$0000000C  c_w.l(libinit2.o)
    0x600024ba   0x600024ba   0x00000000   Code   RO         2371    .ARM.Collect$$libinit$$0000000E  c_w.l(libinit2.o)
    0x600024ba   0x600024ba   0x00000000   Code   RO         2373    .ARM.Collect$$libinit$$00000010  c_w.l(libinit2.o)
    0x600024ba   0x600024ba   0x00000006   Code   RO         2374    .ARM.Collect$$libinit$$00000011  c_w.l(libinit2.o)
    0x600024c0   0x600024c0   0x00000000   Code   RO         2376    .ARM.Collect$$libinit$$00000013  c_w.l(libinit2.o)
    0x600024c0   0x600024c0   0x0000000c   Code   RO         2377    .ARM.Collect$$libinit$$00000014  c_w.l(libinit2.o)
    0x600024cc   0x600024cc   0x00000000   Code   RO         2378    .ARM.Collect$$libinit$$00000015  c_w.l(libinit2.o)
    0x600024cc   0x600024cc   0x00000000   Code   RO         2380    .ARM.Collect$$libinit$$00000017  c_w.l(libinit2.o)
    0x600024cc   0x600024cc   0x00000000   Code   RO         2382    .ARM.Collect$$libinit$$00000019  c_w.l(libinit2.o)
    0x600024cc   0x600024cc   0x00000000   Code   RO         2384    .ARM.Collect$$libinit$$0000001B  c_w.l(libinit2.o)
    0x600024cc   0x600024cc   0x00000000   Code   RO         2386    .ARM.Collect$$libinit$$0000001D  c_w.l(libinit2.o)
    0x600024cc   0x600024cc   0x00000000   Code   RO         2388    .ARM.Collect$$libinit$$0000001F  c_w.l(libinit2.o)
    0x600024cc   0x600024cc   0x00000000   Code   RO         2390    .ARM.Collect$$libinit$$00000021  c_w.l(libinit2.o)
    0x600024cc   0x600024cc   0x00000000   Code   RO         2392    .ARM.Collect$$libinit$$00000023  c_w.l(libinit2.o)
    0x600024cc   0x600024cc   0x00000000   Code   RO         2394    .ARM.Collect$$libinit$$00000025  c_w.l(libinit2.o)
    0x600024cc   0x600024cc   0x00000000   Code   RO         2396    .ARM.Collect$$libinit$$00000027  c_w.l(libinit2.o)
    0x600024cc   0x600024cc   0x00000000   Code   RO         2400    .ARM.Collect$$libinit$$0000002E  c_w.l(libinit2.o)
    0x600024cc   0x600024cc   0x00000000   Code   RO         2402    .ARM.Collect$$libinit$$00000030  c_w.l(libinit2.o)
    0x600024cc   0x600024cc   0x00000000   Code   RO         2404    .ARM.Collect$$libinit$$00000032  c_w.l(libinit2.o)
    0x600024cc   0x600024cc   0x00000000   Code   RO         2406    .ARM.Collect$$libinit$$00000034  c_w.l(libinit2.o)
    0x600024cc   0x600024cc   0x00000002   Code   RO         2407    .ARM.Collect$$libinit$$00000035  c_w.l(libinit2.o)
    0x600024ce   0x600024ce   0x00000002   Code   RO         2484    .ARM.Collect$$libshutdown$$00000000  c_w.l(libshutdown.o)
    0x600024d0   0x600024d0   0x00000000   Code   RO         2486    .ARM.Collect$$libshutdown$$00000002  c_w.l(libshutdown2.o)
    0x600024d0   0x600024d0   0x00000000   Code   RO         2488    .ARM.Collect$$libshutdown$$00000004  c_w.l(libshutdown2.o)
    0x600024d0   0x600024d0   0x00000000   Code   RO         2491    .ARM.Collect$$libshutdown$$00000007  c_w.l(libshutdown2.o)
    0x600024d0   0x600024d0   0x00000000   Code   RO         2494    .ARM.Collect$$libshutdown$$0000000A  c_w.l(libshutdown2.o)
    0x600024d0   0x600024d0   0x00000000   Code   RO         2496    .ARM.Collect$$libshutdown$$0000000C  c_w.l(libshutdown2.o)
    0x600024d0   0x600024d0   0x00000000   Code   RO         2499    .ARM.Collect$$libshutdown$$0000000F  c_w.l(libshutdown2.o)
    0x600024d0   0x600024d0   0x00000002   Code   RO         2500    .ARM.Collect$$libshutdown$$00000010  c_w.l(libshutdown2.o)
    0x600024d2   0x600024d2   0x00000000   Code   RO         2300    .ARM.Collect$$rtentry$$00000000  c_w.l(__rtentry.o)
    0x600024d2   0x600024d2   0x00000000   Code   RO         2332    .ARM.Collect$$rtentry$$00000002  c_w.l(__rtentry2.o)
    0x600024d2   0x600024d2   0x00000004   Code   RO         2346    .ARM.Collect$$rtentry$$00000007  c_w.l(__rtentry7.o)
    0x600024d6   0x600024d6   0x00000000   Code   RO         2334    .ARM.Collect$$rtentry$$00000009  c_w.l(__rtentry2.o)
    0x600024d6   0x600024d6   0x00000004   Code   RO         2335    .ARM.Collect$$rtentry$$0000000A  c_w.l(__rtentry2.o)
    0x600024da   0x600024da   0x00000000   Code   RO         2337    .ARM.Collect$$rtentry$$0000000C  c_w.l(__rtentry2.o)
    0x600024da   0x600024da   0x00000008   Code   RO         2338    .ARM.Collect$$rtentry$$0000000D  c_w.l(__rtentry2.o)
    0x600024e2   0x600024e2   0x00000002   PAD
    0x600024e4   0x600024e4   0x00000004   Code   RO         2347    .ARM.Collect$$rtentry$$00002718  c_w.l(__rtentry7.o)
    0x600024e8   0x600024e8   0x00000002   Code   RO         2436    .ARM.Collect$$rtexit$$00000000  c_w.l(rtexit.o)
    0x600024ea   0x600024ea   0x00000000   Code   RO         2454    .ARM.Collect$$rtexit$$00000002  c_w.l(rtexit2.o)
    0x600024ea   0x600024ea   0x00000004   Code   RO         2455    .ARM.Collect$$rtexit$$00000003  c_w.l(rtexit2.o)
    0x600024ee   0x600024ee   0x00000006   Code   RO         2456    .ARM.Collect$$rtexit$$00000004  c_w.l(rtexit2.o)
    0x600024f4   0x600024f4   0x0000013c   Code   RO          234    .text               context_rvds.o
    0x60002630   0x60002630   0x000001cc   Code   RO         2139  * .text               startup_mimxrt1052.o
    0x600027fc   0x600027fc   0x00000002   Code   RO         2262    .text               c_w.l(use_no_semi_2.o)
    0x600027fe   0x600027fe   0x00000002   PAD
    0x60002800   0x60002800   0x00000010   Code   RO         2264    .text               c_w.l(rt_ctype_table.o)
    0x60002810   0x60002810   0x0000001a   Code   RO         2270    .text               c_w.l(atoi.o)
    0x6000282a   0x6000282a   0x00000072   Code   RO         2272    .text               c_w.l(strtoul.o)
    0x6000289c   0x6000289c   0x00000080   Code   RO         2274    .text               c_w.l(assert.o)
    0x6000291c   0x6000291c   0x00000014   Code   RO         2276    .text               c_w.l(strchr.o)
    0x60002930   0x60002930   0x00000058   Code   RO         2278    .text               c_w.l(memcmp.o)
    0x60002988   0x60002988   0x00000048   Code   RO         2280    .text               c_w.l(strcpy.o)
    0x600029d0   0x600029d0   0x0000003e   Code   RO         2284    .text               c_w.l(strlen.o)
    0x60002a0e   0x60002a0e   0x00000096   Code   RO         2286    .text               c_w.l(strncmp.o)
    0x60002aa4   0x60002aa4   0x00000018   Code   RO         2288    .text               c_w.l(strcat.o)
    0x60002abc   0x60002abc   0x00000016   Code   RO         2290    .text               c_w.l(memset.o)
    0x60002ad2   0x60002ad2   0x00000056   Code   RO         2292    .text               c_w.l(strncpy.o)
    0x60002b28   0x60002b28   0x0000007c   Code   RO         2294    .text               c_w.l(strcmpv7m_pel.o)
    0x60002ba4   0x60002ba4   0x00000002   Code   RO         2298    .text               c_w.l(use_no_semi.o)
    0x60002ba6   0x60002ba6   0x00000002   PAD
    0x60002ba8   0x60002ba8   0x00000008   Code   RO         2308    .text               c_w.l(rt_locale_intlibspace.o)
    0x60002bb0   0x60002bb0   0x00000008   Code   RO         2313    .text               c_w.l(rt_errno_addr_intlibspace.o)
    0x60002bb8   0x60002bb8   0x0000009e   Code   RO         2315    .text               c_w.l(_strtoul.o)
    0x60002c56   0x60002c56   0x00000070   Code   RO         2317    .text               c_w.l(strtol.o)
    0x60002cc6   0x60002cc6   0x00000016   Code   RO         2322    .text               c_w.l(abort.o)
    0x60002cdc   0x60002cdc   0x00000014   Code   RO         2324    .text               c_w.l(assert_puts.o)
    0x60002cf0   0x60002cf0   0x00000044   Code   RO         2326    .text               c_w.l(rt_memclr.o)
    0x60002d34   0x60002d34   0x0000001c   Code   RO         2353    .text               c_w.l(_chval.o)
    0x60002d50   0x60002d50   0x0000000e   Code   RO         2355    .text               c_w.l(defsig_abrt_outer.o)
    0x60002d5e   0x60002d5e   0x0000004e   Code   RO         2359    .text               c_w.l(rt_memclr_w.o)
    0x60002dac   0x60002dac   0x00000012   Code   RO         2412    .text               c_w.l(exit.o)
    0x60002dbe   0x60002dbe   0x0000000a   Code   RO         2414    .text               c_w.l(defsig_exit.o)
    0x60002dc8   0x60002dc8   0x00000030   Code   RO         2416    .text               c_w.l(defsig_abrt_inner.o)
    0x60002df8   0x60002df8   0x00000032   Code   RO         2440    .text               c_w.l(defsig_general.o)
    0x60002e2a   0x60002e2a   0x00000006   PAD
    0x60002e30   0x60002e30   0x0000000a   Code   RO         1121    .text.$Sub$$main    components.o
    0x60002e3a   0x60002e3a   0x00000006   PAD
    0x60002e40   0x60002e40   0x0000002a   Code   RO          749    .text.ARM_MPU_Disable  board.o
    0x60002e6a   0x60002e6a   0x00000006   PAD
    0x60002e70   0x60002e70   0x00000030   Code   RO          751    .text.ARM_MPU_Enable  board.o
    0x60002ea0   0x60002ea0   0x0000066e   Code   RO          691    .text.BOARD_BootClockRUN  clock_config.o
    0x6000350e   0x6000350e   0x00000002   PAD
    0x60003510   0x60003510   0x000001d6   Code   RO          743    .text.BOARD_ConfigMPU  board.o
    0x600036e6   0x600036e6   0x00000002   PAD
    0x600036e8   0x600036e8   0x000002ca   Code   RO          725    .text.BOARD_InitPins  pin_mux.o
    0x600039b2   0x600039b2   0x00000006   PAD
    0x600039b8   0x600039b8   0x0000006a   Code   RO          709    .text.CLOCK_ControlGate  clock_config.o
    0x60003a22   0x60003a22   0x00000006   PAD
    0x60003a28   0x60003a28   0x0000006a   Code   RO          733    .text.CLOCK_ControlGate  pin_mux.o
    0x60003a92   0x60003a92   0x00000006   PAD
    0x60003a98   0x60003a98   0x0000006a   Code   RO          831    .text.CLOCK_ControlGate  drv_gpio.o
    0x60003b02   0x60003b02   0x00000006   PAD
    0x60003b08   0x60003b08   0x0000006a   Code   RO         1872    .text.CLOCK_ControlGate  fsl_gpio.o
    0x60003b72   0x60003b72   0x00000006   PAD
    0x60003b78   0x60003b78   0x0000006a   Code   RO         1962    .text.CLOCK_ControlGate  fsl_lpuart.o
    0x60003be2   0x60003be2   0x00000006   PAD
    0x60003be8   0x60003be8   0x00000010   Code   RO         2037    .text.CLOCK_DeinitAudioPll  fsl_clock.o
    0x60003bf8   0x60003bf8   0x00000010   Code   RO         2045    .text.CLOCK_DeinitEnetPll  fsl_clock.o
    0x60003c08   0x60003c08   0x0000000e   Code   RO         2033    .text.CLOCK_DeinitUsb2Pll  fsl_clock.o
    0x60003c16   0x60003c16   0x00000002   PAD
    0x60003c18   0x60003c18   0x00000016   Code   RO          701    .text.CLOCK_DisableClock  clock_config.o
    0x60003c2e   0x60003c2e   0x00000002   PAD
    0x60003c30   0x60003c30   0x00000016   Code   RO          727    .text.CLOCK_EnableClock  pin_mux.o
    0x60003c46   0x60003c46   0x00000002   PAD
    0x60003c48   0x60003c48   0x00000016   Code   RO          825    .text.CLOCK_EnableClock  drv_gpio.o
    0x60003c5e   0x60003c5e   0x00000002   PAD
    0x60003c60   0x60003c60   0x00000016   Code   RO         1862    .text.CLOCK_EnableClock  fsl_gpio.o
    0x60003c76   0x60003c76   0x00000002   PAD
    0x60003c78   0x60003c78   0x00000016   Code   RO         1890    .text.CLOCK_EnableClock  fsl_lpuart.o
    0x60003c8e   0x60003c8e   0x00000002   PAD
    0x60003c90   0x60003c90   0x00000028   Code   RO          871    .text.CLOCK_GetDiv  drv_uart.o
    0x60003cb8   0x60003cb8   0x00000028   Code   RO          869    .text.CLOCK_GetMux  drv_uart.o
    0x60003ce0   0x60003ce0   0x00000034   Code   RO          873    .text.CLOCK_GetOscFreq  drv_uart.o
    0x60003d14   0x60003d14   0x00000004   PAD
    0x60003d18   0x60003d18   0x00000034   Code   RO         2003    .text.CLOCK_GetOscFreq  fsl_clock.o
    0x60003d4c   0x60003d4c   0x00000004   PAD
    0x60003d50   0x60003d50   0x00000034   Code   RO         2049    .text.CLOCK_GetPllBypassRefClk  fsl_clock.o
    0x60003d84   0x60003d84   0x00000004   PAD
    0x60003d88   0x60003d88   0x0000035c   Code   RO         2009    .text.CLOCK_GetPllFreq  fsl_clock.o
    0x600040e4   0x600040e4   0x00000004   PAD
    0x600040e8   0x600040e8   0x00000062   Code   RO         2021    .text.CLOCK_InitArmPll  fsl_clock.o
    0x6000414a   0x6000414a   0x00000006   PAD
    0x60004150   0x60004150   0x00000082   Code   RO         1979    .text.CLOCK_InitExternalClk  fsl_clock.o
    0x600041d2   0x600041d2   0x00000006   PAD
    0x600041d8   0x600041d8   0x00000012   Code   RO         1985    .text.CLOCK_InitRcOsc24M  fsl_clock.o
    0x600041ea   0x600041ea   0x00000006   PAD
    0x600041f0   0x600041f0   0x0000001a   Code   RO         2051    .text.CLOCK_IsPllBypassed  fsl_clock.o
    0x6000420a   0x6000420a   0x00000006   PAD
    0x60004210   0x60004210   0x00000022   Code   RO         2047    .text.CLOCK_IsPllEnabled  fsl_clock.o
    0x60004232   0x60004232   0x00000006   PAD
    0x60004238   0x60004238   0x0000008a   Code   RO          699    .text.CLOCK_SetDiv  clock_config.o
    0x600042c2   0x600042c2   0x00000006   PAD
    0x600042c8   0x600042c8   0x0000008a   Code   RO          697    .text.CLOCK_SetMux  clock_config.o
    0x60004352   0x60004352   0x00000006   PAD
    0x60004358   0x60004358   0x00000040   Code   RO          703    .text.CLOCK_SetPllBypass  clock_config.o
    0x60004398   0x60004398   0x00000014   Code   RO          693    .text.CLOCK_SetRtcXtalFreq  clock_config.o
    0x600043ac   0x600043ac   0x00000004   PAD
    0x600043b0   0x600043b0   0x00000014   Code   RO          695    .text.CLOCK_SetXtalFreq  clock_config.o
    0x600043c4   0x600043c4   0x00000004   PAD
    0x600043c8   0x600043c8   0x0000002e   Code   RO         1983    .text.CLOCK_SwitchOsc  fsl_clock.o
    0x600043f6   0x600043f6   0x00000002   PAD
    0x600043f8   0x600043f8   0x0000002c   Code   RO          887    .text.DisableIRQ    drv_uart.o
    0x60004424   0x60004424   0x00000004   PAD
    0x60004428   0x60004428   0x0000002c   Code   RO          843    .text.EnableIRQ     drv_gpio.o
    0x60004454   0x60004454   0x00000004   PAD
    0x60004458   0x60004458   0x0000002c   Code   RO          895    .text.EnableIRQ     drv_uart.o
    0x60004484   0x60004484   0x00000004   PAD
    0x60004488   0x60004488   0x0000001c   Code   RO          783    .text.GPIO1_Combined_0_15_IRQHandler  drv_gpio.o
    0x600044a4   0x600044a4   0x00000004   PAD
    0x600044a8   0x600044a8   0x0000001c   Code   RO          787    .text.GPIO1_Combined_16_31_IRQHandler  drv_gpio.o
    0x600044c4   0x600044c4   0x00000004   PAD
    0x600044c8   0x600044c8   0x0000001c   Code   RO          789    .text.GPIO2_Combined_0_15_IRQHandler  drv_gpio.o
    0x600044e4   0x600044e4   0x00000004   PAD
    0x600044e8   0x600044e8   0x0000001c   Code   RO          791    .text.GPIO2_Combined_16_31_IRQHandler  drv_gpio.o
    0x60004504   0x60004504   0x00000004   PAD
    0x60004508   0x60004508   0x0000001a   Code   RO          793    .text.GPIO3_Combined_0_15_IRQHandler  drv_gpio.o
    0x60004522   0x60004522   0x00000006   PAD
    0x60004528   0x60004528   0x0000001a   Code   RO          795    .text.GPIO3_Combined_16_31_IRQHandler  drv_gpio.o
    0x60004542   0x60004542   0x00000006   PAD
    0x60004548   0x60004548   0x0000001c   Code   RO          797    .text.GPIO4_Combined_0_15_IRQHandler  drv_gpio.o
    0x60004564   0x60004564   0x00000004   PAD
    0x60004568   0x60004568   0x0000001c   Code   RO          799    .text.GPIO4_Combined_16_31_IRQHandler  drv_gpio.o
    0x60004584   0x60004584   0x00000004   PAD
    0x60004588   0x60004588   0x0000001a   Code   RO          801    .text.GPIO5_Combined_0_15_IRQHandler  drv_gpio.o
    0x600045a2   0x600045a2   0x00000006   PAD
    0x600045a8   0x600045a8   0x0000001a   Code   RO          803    .text.GPIO5_Combined_16_31_IRQHandler  drv_gpio.o
    0x600045c2   0x600045c2   0x00000006   PAD
    0x600045c8   0x600045c8   0x0000005a   Code   RO         1864    .text.GPIO_GetInstance  fsl_gpio.o
    0x60004622   0x60004622   0x00000006   PAD
    0x60004628   0x60004628   0x0000007a   Code   RO         1860    .text.GPIO_PinInit  fsl_gpio.o
    0x600046a2   0x600046a2   0x00000006   PAD
    0x600046a8   0x600046a8   0x00000036   Code   RO          833    .text.GPIO_PinReadPadStatus  drv_gpio.o
    0x600046de   0x600046de   0x00000002   PAD
    0x600046e0   0x600046e0   0x000000ca   Code   RO         1870    .text.GPIO_PinSetInterruptConfig  fsl_gpio.o
    0x600047aa   0x600047aa   0x00000006   PAD
    0x600047b0   0x600047b0   0x0000005a   Code   RO         1866    .text.GPIO_PinWrite  fsl_gpio.o
    0x6000480a   0x6000480a   0x00000006   PAD
    0x60004810   0x60004810   0x00000010   Code   RO          809    .text.GPIO_PortClearInterruptFlags  drv_gpio.o
    0x60004820   0x60004820   0x00000014   Code   RO          845    .text.GPIO_PortDisableInterrupts  drv_gpio.o
    0x60004834   0x60004834   0x00000004   PAD
    0x60004838   0x60004838   0x00000014   Code   RO          835    .text.GPIO_PortEnableInterrupts  drv_gpio.o
    0x6000484c   0x6000484c   0x00000004   PAD
    0x60004850   0x60004850   0x0000000c   Code   RO          807    .text.GPIO_PortGetInterruptFlags  drv_gpio.o
    0x6000485c   0x6000485c   0x00000004   PAD
    0x60004860   0x60004860   0x0000001c   Code   RO         1868    .text.GPIO_SetPinInterruptConfig  fsl_gpio.o
    0x6000487c   0x6000487c   0x00000004   PAD
    0x60004880   0x60004880   0x00000070   Code   RO          867    .text.GetUartSrcFreq  drv_uart.o
    0x600048f0   0x600048f0   0x0000003a   Code   RO          707    .text.IOMUXC_MQSConfig  clock_config.o
    0x6000492a   0x6000492a   0x00000006   PAD
    0x60004930   0x60004930   0x00000024   Code   RO          731    .text.IOMUXC_SetPinConfig  pin_mux.o
    0x60004954   0x60004954   0x00000004   PAD
    0x60004958   0x60004958   0x00000024   Code   RO          829    .text.IOMUXC_SetPinConfig  drv_gpio.o
    0x6000497c   0x6000497c   0x00000004   PAD
    0x60004980   0x60004980   0x00000038   Code   RO          729    .text.IOMUXC_SetPinMux  pin_mux.o
    0x600049b8   0x600049b8   0x00000038   Code   RO          827    .text.IOMUXC_SetPinMux  drv_gpio.o
    0x600049f0   0x600049f0   0x0000006a   Code   RO          705    .text.IOMUXC_SetSaiMClkClockSource  clock_config.o
    0x60004a5a   0x60004a5a   0x00000006   PAD
    0x60004a60   0x60004a60   0x00000022   Code   RO         1946    .text.LPUART1_DriverIRQHandler  fsl_lpuart.o
    0x60004a82   0x60004a82   0x00000006   PAD
    0x60004a88   0x60004a88   0x00000018   Code   RO          863    .text.LPUART1_IRQHandler  drv_uart.o
    0x60004aa0   0x60004aa0   0x00000022   Code   RO         1948    .text.LPUART2_DriverIRQHandler  fsl_lpuart.o
    0x60004ac2   0x60004ac2   0x00000006   PAD
    0x60004ac8   0x60004ac8   0x00000022   Code   RO         1950    .text.LPUART3_DriverIRQHandler  fsl_lpuart.o
    0x60004aea   0x60004aea   0x00000006   PAD
    0x60004af0   0x60004af0   0x00000020   Code   RO         1952    .text.LPUART4_DriverIRQHandler  fsl_lpuart.o
    0x60004b10   0x60004b10   0x00000022   Code   RO         1954    .text.LPUART5_DriverIRQHandler  fsl_lpuart.o
    0x60004b32   0x60004b32   0x00000006   PAD
    0x60004b38   0x60004b38   0x00000022   Code   RO         1956    .text.LPUART6_DriverIRQHandler  fsl_lpuart.o
    0x60004b5a   0x60004b5a   0x00000006   PAD
    0x60004b60   0x60004b60   0x00000022   Code   RO         1958    .text.LPUART7_DriverIRQHandler  fsl_lpuart.o
    0x60004b82   0x60004b82   0x00000006   PAD
    0x60004b88   0x60004b88   0x00000020   Code   RO         1960    .text.LPUART8_DriverIRQHandler  fsl_lpuart.o
    0x60004ba8   0x60004ba8   0x000000a4   Code   RO         1910    .text.LPUART_ClearStatusFlags  fsl_lpuart.o
    0x60004c4c   0x60004c4c   0x00000004   PAD
    0x60004c50   0x60004c50   0x00000042   Code   RO         1902    .text.LPUART_EnableInterrupts  fsl_lpuart.o
    0x60004c92   0x60004c92   0x00000006   PAD
    0x60004c98   0x60004c98   0x00000078   Code   RO         1898    .text.LPUART_GetDefaultConfig  fsl_lpuart.o
    0x60004d10   0x60004d10   0x0000005a   Code   RO         1884    .text.LPUART_GetInstance  fsl_lpuart.o
    0x60004d6a   0x60004d6a   0x00000006   PAD
    0x60004d70   0x60004d70   0x00000020   Code   RO         1908    .text.LPUART_GetStatusFlags  fsl_lpuart.o
    0x60004d90   0x60004d90   0x00000364   Code   RO         1888    .text.LPUART_Init   fsl_lpuart.o
    0x600050f4   0x600050f4   0x00000004   PAD
    0x600050f8   0x600050f8   0x00000080   Code   RO          903    .text.LPUART_ReadByte  drv_uart.o
    0x60005178   0x60005178   0x0000001c   Code   RO         1892    .text.LPUART_SoftwareReset  fsl_lpuart.o
    0x60005194   0x60005194   0x00000004   PAD
    0x60005198   0x60005198   0x00000014   Code   RO          901    .text.LPUART_WriteByte  drv_uart.o
    0x600051ac   0x600051ac   0x00000004   PAD
    0x600051b0   0x600051b0   0x0000006c   Code   RO          839    .text.NVIC_EncodePriority  drv_gpio.o
    0x6000521c   0x6000521c   0x00000004   PAD
    0x60005220   0x60005220   0x0000006c   Code   RO          891    .text.NVIC_EncodePriority  drv_uart.o
    0x6000528c   0x6000528c   0x00000004   PAD
    0x60005290   0x60005290   0x00000082   Code   RO          747    .text.SCB_DisableDCache  board.o
    0x60005312   0x60005312   0x00000006   PAD
    0x60005318   0x60005318   0x0000002e   Code   RO          745    .text.SCB_DisableICache  board.o
    0x60005346   0x60005346   0x00000002   PAD
    0x60005348   0x60005348   0x00000082   Code   RO          753    .text.SCB_EnableDCache  board.o
    0x600053ca   0x600053ca   0x00000006   PAD
    0x600053d0   0x600053d0   0x00000082   Code   RO         1809    .text.SCB_EnableDCache  system_mimxrt1052.o
    0x60005452   0x60005452   0x00000006   PAD
    0x60005458   0x60005458   0x00000036   Code   RO          755    .text.SCB_EnableICache  board.o
    0x6000548e   0x6000548e   0x00000002   PAD
    0x60005490   0x60005490   0x00000036   Code   RO         1807    .text.SCB_EnableICache  system_mimxrt1052.o
    0x600054c6   0x600054c6   0x00000002   PAD
    0x600054c8   0x600054c8   0x00000052   Code   RO          763    .text.SysTick_Config  board.o
    0x6000551a   0x6000551a   0x00000006   PAD
    0x60005520   0x60005520   0x00000010   Code   RO          757    .text.SysTick_Handler  board.o
    0x60005530   0x60005530   0x00000108   Code   RO         1805    .text.SystemInit    system_mimxrt1052.o
    0x60005638   0x60005638   0x00000002   Code   RO         1811    .text.SystemInitHook  system_mimxrt1052.o
    0x6000563a   0x6000563a   0x00000006   PAD
    0x60005640   0x60005640   0x00000038   Code   RO          897    .text.__NVIC_DisableIRQ  drv_uart.o
    0x60005678   0x60005678   0x00000030   Code   RO          847    .text.__NVIC_EnableIRQ  drv_gpio.o
    0x600056a8   0x600056a8   0x00000030   Code   RO          899    .text.__NVIC_EnableIRQ  drv_uart.o
    0x600056d8   0x600056d8   0x00000010   Code   RO          841    .text.__NVIC_GetPriorityGrouping  drv_gpio.o
    0x600056e8   0x600056e8   0x00000010   Code   RO          893    .text.__NVIC_GetPriorityGrouping  drv_uart.o
    0x600056f8   0x600056f8   0x00000042   Code   RO          765    .text.__NVIC_SetPriority  board.o
    0x6000573a   0x6000573a   0x00000006   PAD
    0x60005740   0x60005740   0x00000042   Code   RO          837    .text.__NVIC_SetPriority  drv_gpio.o
    0x60005782   0x60005782   0x00000006   PAD
    0x60005788   0x60005788   0x00000042   Code   RO          889    .text.__NVIC_SetPriority  drv_uart.o
    0x600057ca   0x600057ca   0x00000006   PAD
    0x600057d0   0x600057d0   0x0000003c   Code   RO          761    .text.__NVIC_SetPriorityGrouping  board.o
    0x6000580c   0x6000580c   0x00000004   PAD
    0x60005810   0x60005810   0x0000001c   Code   RO          289    .text.__rt_ffs      cpuport.o
    0x6000582c   0x6000582c   0x00000004   PAD
    0x60005830   0x60005830   0x0000004e   Code   RO           78    .text.__rt_libc_exit  cstdlib.o
    0x6000587e   0x6000587e   0x00000002   PAD
    0x60005880   0x60005880   0x0000002c   Code   RO         1471    .text._heap_lock    kservice.o
    0x600058ac   0x600058ac   0x00000004   PAD
    0x600058b0   0x600058b0   0x0000001a   Code   RO         1469    .text._heap_lock_init  kservice.o
    0x600058ca   0x600058ca   0x00000006   PAD
    0x600058d0   0x600058d0   0x00000040   Code   RO         1473    .text._heap_unlock  kservice.o
    0x60005910   0x60005910   0x00000022   Code   RO         1209    .text._ipc_list_resume  ipc.o
    0x60005932   0x60005932   0x00000006   PAD
    0x60005938   0x60005938   0x000000e6   Code   RO         1339    .text._ipc_list_suspend  ipc.o
    0x60005a1e   0x60005a1e   0x00000002   PAD
    0x60005a20   0x60005a20   0x00000014   Code   RO         1183    .text._ipc_object_init  ipc.o
    0x60005a34   0x60005a34   0x00000004   PAD
    0x60005a38   0x60005a38   0x0000008e   Code   RO         1526    .text._memheap_alloc  memheap.o
    0x60005ac6   0x60005ac6   0x00000002   PAD
    0x60005ac8   0x60005ac8   0x00000010   Code   RO         1528    .text._memheap_free  memheap.o
    0x60005ad8   0x60005ad8   0x000000f8   Code   RO          971    .text._msh_exec_cmd  msh.o
    0x60005bd0   0x60005bd0   0x00000036   Code   RO         1343    .text._mutex_update_priority  ipc.o
    0x60005c06   0x60005c06   0x00000002   PAD
    0x60005c08   0x60005c08   0x0000009e   Code   RO          615    .text._pin_cmd      pin.o
    0x60005ca6   0x60005ca6   0x00000002   PAD
    0x60005ca8   0x60005ca8   0x00000010   Code   RO          627    .text._pin_cmd_conv  pin.o
    0x60005cb8   0x60005cb8   0x00000058   Code   RO          619    .text._pin_cmd_get  pin.o
    0x60005d10   0x60005d10   0x000000fa   Code   RO          621    .text._pin_cmd_mode  pin.o
    0x60005e0a   0x60005e0a   0x00000006   PAD
    0x60005e10   0x60005e10   0x00000088   Code   RO          617    .text._pin_cmd_print_usage  pin.o
    0x60005e98   0x60005e98   0x00000092   Code   RO          623    .text._pin_cmd_read  pin.o
    0x60005f2a   0x60005f2a   0x00000006   PAD
    0x60005f30   0x60005f30   0x000000d2   Code   RO          625    .text._pin_cmd_write  pin.o
    0x60006002   0x60006002   0x00000006   PAD
    0x60006008   0x60006008   0x0000005a   Code   RO          599    .text._pin_control  pin.o
    0x60006062   0x60006062   0x00000006   PAD
    0x60006068   0x60006068   0x00000064   Code   RO          595    .text._pin_read     pin.o
    0x600060cc   0x600060cc   0x00000004   PAD
    0x600060d0   0x600060d0   0x00000062   Code   RO          597    .text._pin_write    pin.o
    0x60006132   0x60006132   0x00000006   PAD
    0x60006138   0x60006138   0x000003ac   Code   RO         1237    .text._rt_mutex_take  ipc.o
    0x600064e4   0x600064e4   0x00000004   PAD
    0x600064e8   0x600064e8   0x00000244   Code   RO         1197    .text._rt_sem_take  ipc.o
    0x6000672c   0x6000672c   0x00000004   PAD
    0x60006730   0x60006730   0x00000036   Code   RO         1640    .text._scheduler_get_highest_priority_thread  scheduler_up.o
    0x60006766   0x60006766   0x00000002   PAD
    0x60006768   0x60006768   0x00000090   Code   RO         1648    .text._scheduler_stack_check  scheduler_up.o
    0x600067f8   0x600067f8   0x00000048   Code   RO          658    .text._serial_check_buffer_size  serial.o
    0x60006840   0x60006840   0x000001d8   Code   RO          666    .text._serial_dma_rx  serial.o
    0x60006a18   0x60006a18   0x00000082   Code   RO          674    .text._serial_dma_tx  serial.o
    0x60006a9a   0x60006a9a   0x00000006   PAD
    0x60006aa0   0x60006aa0   0x000000a0   Code   RO          678    .text._serial_fifo_calc_recved_len  serial.o
    0x60006b40   0x60006b40   0x000000f8   Code   RO          664    .text._serial_int_rx  serial.o
    0x60006c38   0x60006c38   0x000000ca   Code   RO          672    .text._serial_int_tx  serial.o
    0x60006d02   0x60006d02   0x00000006   PAD
    0x60006d08   0x60006d08   0x0000007e   Code   RO          668    .text._serial_poll_rx  serial.o
    0x60006d86   0x60006d86   0x00000002   PAD
    0x60006d88   0x60006d88   0x0000007e   Code   RO          676    .text._serial_poll_tx  serial.o
    0x60006e06   0x60006e06   0x00000002   PAD
    0x60006e08   0x60006e08   0x00000010   Code   RO           48    .text._sys_exit     syscalls.o
    0x60006e18   0x60006e18   0x00000058   Code   RO         1731    .text._thread_exit  thread.o
    0x60006e70   0x60006e70   0x00000084   Code   RO         1223    .text._thread_get_mutex_priority  ipc.o
    0x60006ef4   0x60006ef4   0x00000004   PAD
    0x60006ef8   0x60006ef8   0x00000144   Code   RO         1687    .text._thread_init  thread.o
    0x6000703c   0x6000703c   0x00000004   PAD
    0x60007040   0x60007040   0x000000a6   Code   RO         1733    .text._thread_timeout  thread.o
    0x600070e6   0x600070e6   0x00000002   PAD
    0x600070e8   0x600070e8   0x000000e0   Code   RO         1225    .text._thread_update_priority  ipc.o
    0x600071c8   0x600071c8   0x00000068   Code   RO         1756    .text._timer_init   timer.o
    0x60007230   0x60007230   0x00000030   Code   RO         1762    .text._timer_remove  timer.o
    0x60007260   0x60007260   0x0000001a   Code   RO           46    .text._ttywrch      syscalls.o
    0x6000727a   0x6000727a   0x00000006   PAD
    0x60007280   0x60007280   0x000000fc   Code   RO          291    .text.bus_fault_track  cpuport.o
    0x6000737c   0x6000737c   0x00000004   PAD
    0x60007380   0x60007380   0x00000012   Code   RO         1022    .text.clear         cmd.o
    0x60007392   0x60007392   0x00000006   PAD
    0x60007398   0x60007398   0x000000b0   Code   RO         1461    .text.cmd_backtrace  kservice.o
    0x60007448   0x60007448   0x00000012   Code   RO          967    .text.cmd_free      msh.o
    0x6000745a   0x6000745a   0x00000006   PAD
    0x60007460   0x60007460   0x000000b0   Code   RO         1060    .text.cmd_list      cmd.o
    0x60007510   0x60007510   0x00000012   Code   RO          965    .text.cmd_ps        msh.o
    0x60007522   0x60007522   0x00000006   PAD
    0x60007528   0x60007528   0x00000028   Code   RO         1489    .text.divide        kservice.o
    0x60007550   0x60007550   0x0000008a   Code   RO          919    .text.finsh_get_prompt  shell.o
    0x600075da   0x600075da   0x00000006   PAD
    0x600075e0   0x600075e0   0x000000ba   Code   RO          925    .text.finsh_getchar  shell.o
    0x6000769a   0x6000769a   0x00000006   PAD
    0x600076a0   0x600076a0   0x00000042   Code   RO          929    .text.finsh_rx_ind  shell.o
    0x600076e2   0x600076e2   0x00000006   PAD
    0x600076e8   0x600076e8   0x000000f0   Code   RO          927    .text.finsh_set_device  shell.o
    0x600077d8   0x600077d8   0x00000052   Code   RO          923    .text.finsh_set_prompt_mode  shell.o
    0x6000782a   0x6000782a   0x00000006   PAD
    0x60007830   0x60007830   0x00000022   Code   RO          945    .text.finsh_system_function_init  shell.o
    0x60007852   0x60007852   0x00000006   PAD
    0x60007858   0x60007858   0x000000b4   Code   RO          947    .text.finsh_system_init  shell.o
    0x6000790c   0x6000790c   0x00000004   PAD
    0x60007910   0x60007910   0x000005f0   Code   RO          937    .text.finsh_thread_entry  shell.o
    0x60007f00   0x60007f00   0x00000092   Code   RO          285    .text.hard_fault_track  cpuport.o
    0x60007f92   0x60007f92   0x00000006   PAD
    0x60007f98   0x60007f98   0x00000042   Code   RO         1159    .text.idle_thread_entry  idle.o
    0x60007fda   0x60007fda   0x00000006   PAD
    0x60007fe0   0x60007fe0   0x000000ea   Code   RO          879    .text.imxrt_configure  drv_uart.o
    0x600080ca   0x600080ca   0x00000006   PAD
    0x600080d0   0x600080d0   0x00000088   Code   RO          881    .text.imxrt_control  drv_uart.o
    0x60008158   0x60008158   0x00000054   Code   RO          885    .text.imxrt_getc    drv_uart.o
    0x600081ac   0x600081ac   0x00000004   PAD
    0x600081b0   0x600081b0   0x000000a4   Code   RO          785    .text.imxrt_isr     drv_gpio.o
    0x60008254   0x60008254   0x00000004   PAD
    0x60008258   0x60008258   0x00000104   Code   RO          817    .text.imxrt_pin_attach_irq  drv_gpio.o
    0x6000835c   0x6000835c   0x00000004   PAD
    0x60008360   0x60008360   0x000000b0   Code   RO          819    .text.imxrt_pin_detach_irq  drv_gpio.o
    0x60008410   0x60008410   0x000000c8   Code   RO          823    .text.imxrt_pin_get  drv_gpio.o
    0x600084d8   0x600084d8   0x00000182   Code   RO          821    .text.imxrt_pin_irq_enable  drv_gpio.o
    0x6000865a   0x6000865a   0x00000006   PAD
    0x60008660   0x60008660   0x000001d2   Code   RO          811    .text.imxrt_pin_mode  drv_gpio.o
    0x60008832   0x60008832   0x00000006   PAD
    0x60008838   0x60008838   0x00000074   Code   RO          815    .text.imxrt_pin_read  drv_gpio.o
    0x600088ac   0x600088ac   0x00000004   PAD
    0x600088b0   0x600088b0   0x0000006a   Code   RO          813    .text.imxrt_pin_write  drv_gpio.o
    0x6000891a   0x6000891a   0x00000006   PAD
    0x60008920   0x60008920   0x00000056   Code   RO          883    .text.imxrt_putc    drv_uart.o
    0x60008976   0x60008976   0x00000002   PAD
    0x60008978   0x60008978   0x00000122   Code   RO         1058    .text.list_device   cmd.o
    0x60008a9a   0x60008a9a   0x00000006   PAD
    0x60008aa0   0x60008aa0   0x00000134   Code   RO         1044    .text.list_event    cmd.o
    0x60008bd4   0x60008bd4   0x00000004   PAD
    0x60008bd8   0x60008bd8   0x00000042   Code   RO         1028    .text.list_find_init  cmd.o
    0x60008c1a   0x60008c1a   0x00000006   PAD
    0x60008c20   0x60008c20   0x000000e0   Code   RO         1032    .text.list_get_next  cmd.o
    0x60008d00   0x60008d00   0x00000164   Code   RO         1048    .text.list_mailbox  cmd.o
    0x60008e64   0x60008e64   0x00000004   PAD
    0x60008e68   0x60008e68   0x000000ee   Code   RO         1052    .text.list_memheap  cmd.o
    0x60008f56   0x60008f56   0x00000002   PAD
    0x60008f58   0x60008f58   0x00000168   Code   RO         1054    .text.list_mempool  cmd.o
    0x600090c0   0x600090c0   0x0000014c   Code   RO         1050    .text.list_msgqueue  cmd.o
    0x6000920c   0x6000920c   0x00000004   PAD
    0x60009210   0x60009210   0x0000017e   Code   RO         1046    .text.list_mutex    cmd.o
    0x6000938e   0x6000938e   0x00000002   PAD
    0x60009390   0x60009390   0x0000014c   Code   RO         1036    .text.list_sem      cmd.o
    0x600094dc   0x600094dc   0x00000004   PAD
    0x600094e0   0x600094e0   0x00000218   Code   RO         1026    .text.list_thread   cmd.o
    0x600096f8   0x600096f8   0x00000148   Code   RO         1056    .text.list_timer    cmd.o
    0x60009840   0x60009840   0x00000032   Code   RO            6    .text.main          main.o
    0x60009872   0x60009872   0x00000006   PAD
    0x60009878   0x60009878   0x00000012   Code   RO         1125    .text.main_thread_entry  components.o
    0x6000988a   0x6000988a   0x00000006   PAD
    0x60009890   0x60009890   0x000000dc   Code   RO          293    .text.mem_manage_fault_track  cpuport.o
    0x6000996c   0x6000996c   0x00000004   PAD
    0x60009970   0x60009970   0x000000c0   Code   RO          973    .text.msh_auto_complete  msh.o
    0x60009a30   0x60009a30   0x00000068   Code   RO          989    .text.msh_cmd_opt_id_get  msh.o
    0x60009a98   0x60009a98   0x000000ce   Code   RO          969    .text.msh_exec      msh.o
    0x60009b66   0x60009b66   0x00000002   PAD
    0x60009b68   0x60009b68   0x00000058   Code   RO          979    .text.msh_get_argc  msh.o
    0x60009bc0   0x60009bc0   0x00000060   Code   RO          983    .text.msh_get_cmd   msh.o
    0x60009c20   0x60009c20   0x00000080   Code   RO          981    .text.msh_get_cmd_opt  msh.o
    0x60009ca0   0x60009ca0   0x00000062   Code   RO          963    .text.msh_help      msh.o
    0x60009d02   0x60009d02   0x00000006   PAD
    0x60009d08   0x60009d08   0x00000078   Code   RO         1007    .text.msh_isint     msh_parse.o
    0x60009d80   0x60009d80   0x00000092   Code   RO          977    .text.msh_opt_auto_complete  msh.o
    0x60009e12   0x60009e12   0x00000006   PAD
    0x60009e18   0x60009e18   0x000000a8   Code   RO          987    .text.msh_opt_complete  msh.o
    0x60009ec0   0x60009ec0   0x00000040   Code   RO          985    .text.msh_opt_help  msh.o
    0x60009f00   0x60009f00   0x0000004c   Code   RO          991    .text.msh_opt_list_dump  msh.o
    0x60009f4c   0x60009f4c   0x00000004   PAD
    0x60009f50   0x60009f50   0x000001de   Code   RO          993    .text.msh_split     msh.o
    0x6000a12e   0x6000a12e   0x00000002   PAD
    0x6000a130   0x6000a130   0x00000024   Code   RO         1030    .text.object_split  cmd.o
    0x6000a154   0x6000a154   0x00000004   PAD
    0x6000a158   0x6000a158   0x000003d4   Code   RO         1439    .text.print_number  kservice.o
    0x6000a52c   0x6000a52c   0x00000004   PAD
    0x6000a530   0x6000a530   0x00000052   Code   RO         1127    .text.rt_application_init  components.o
    0x6000a582   0x6000a582   0x00000006   PAD
    0x6000a588   0x6000a588   0x0000005a   Code   RO         1389    .text.rt_assert_handler  kservice.o
    0x6000a5e2   0x6000a5e2   0x00000006   PAD
    0x6000a5e8   0x6000a5e8   0x00000038   Code   RO         1455    .text.rt_backtrace  kservice.o
    0x6000a620   0x6000a620   0x0000005a   Code   RO         1457    .text.rt_backtrace_frame  kservice.o
    0x6000a67a   0x6000a67a   0x00000006   PAD
    0x6000a680   0x6000a680   0x00000036   Code   RO         1459    .text.rt_backtrace_thread  kservice.o
    0x6000a6b6   0x6000a6b6   0x00000002   PAD
    0x6000a6b8   0x6000a6b8   0x00000030   Code   RO         1477    .text.rt_calloc     kservice.o
    0x6000a6e8   0x6000a6e8   0x0000007a   Code   RO          355    .text.rt_completion_done  completion.o
    0x6000a762   0x6000a762   0x00000006   PAD
    0x6000a768   0x6000a768   0x0000004e   Code   RO          343    .text.rt_completion_init  completion.o
    0x6000a7b6   0x6000a7b6   0x00000002   PAD
    0x6000a7b8   0x6000a7b8   0x000001f8   Code   RO          349    .text.rt_completion_wait  completion.o
    0x6000a9b0   0x6000a9b0   0x00000034   Code   RO         1117    .text.rt_components_board_init  components.o
    0x6000a9e4   0x6000a9e4   0x00000004   PAD
    0x6000a9e8   0x6000a9e8   0x00000034   Code   RO         1119    .text.rt_components_init  components.o
    0x6000aa1c   0x6000aa1c   0x00000004   PAD
    0x6000aa20   0x6000aa20   0x0000000c   Code   RO         1447    .text.rt_console_get_device  kservice.o
    0x6000aa2c   0x6000aa2c   0x00000004   PAD
    0x6000aa30   0x6000aa30   0x00000070   Code   RO         1449    .text.rt_console_set_device  kservice.o
    0x6000aaa0   0x6000aaa0   0x0000000c   Code   RO         1662    .text.rt_critical_level  scheduler_up.o
    0x6000aaac   0x6000aaac   0x00000004   PAD
    0x6000aab0   0x6000aab0   0x00000080   Code   RO          385    .text.rt_data_queue_deinit  dataqueue.o
    0x6000ab30   0x6000ab30   0x000000d8   Code   RO          365    .text.rt_data_queue_init  dataqueue.o
    0x6000ac08   0x6000ac08   0x000000d2   Code   RO          379    .text.rt_data_queue_len  dataqueue.o
    0x6000acda   0x6000acda   0x00000006   PAD
    0x6000ace0   0x6000ace0   0x000000b2   Code   RO          381    .text.rt_data_queue_peek  dataqueue.o
    0x6000ad92   0x6000ad92   0x00000006   PAD
    0x6000ad98   0x6000ad98   0x0000030a   Code   RO          377    .text.rt_data_queue_pop  dataqueue.o
    0x6000b0a2   0x6000b0a2   0x00000006   PAD
    0x6000b0a8   0x6000b0a8   0x0000029a   Code   RO          369    .text.rt_data_queue_push  dataqueue.o
    0x6000b342   0x6000b342   0x00000006   PAD
    0x6000b348   0x6000b348   0x00000112   Code   RO          383    .text.rt_data_queue_reset  dataqueue.o
    0x6000b45a   0x6000b45a   0x00000006   PAD
    0x6000b460   0x6000b460   0x00000074   Code   RO         1165    .text.rt_defunct_execute  idle.o
    0x6000b4d4   0x6000b4d4   0x00000004   PAD
    0x6000b4d8   0x6000b4d8   0x000000aa   Code   RO          323    .text.rt_device_close  device.o
    0x6000b582   0x6000b582   0x00000006   PAD
    0x6000b588   0x6000b588   0x00000012   Code   RO          311    .text.rt_device_find  device.o
    0x6000b59a   0x6000b59a   0x00000006   PAD
    0x6000b5a0   0x6000b5a0   0x0000016c   Code   RO          321    .text.rt_device_open  device.o
    0x6000b70c   0x6000b70c   0x00000004   PAD
    0x6000b710   0x6000b710   0x00000058   Code   RO          593    .text.rt_device_pin_register  pin.o
    0x6000b768   0x6000b768   0x00000096   Code   RO          325    .text.rt_device_read  device.o
    0x6000b7fe   0x6000b7fe   0x00000002   PAD
    0x6000b800   0x6000b800   0x00000052   Code   RO          309    .text.rt_device_register  device.o
    0x6000b852   0x6000b852   0x00000006   PAD
    0x6000b858   0x6000b858   0x0000005a   Code   RO          331    .text.rt_device_set_rx_indicate  device.o
    0x6000b8b2   0x6000b8b2   0x00000006   PAD
    0x6000b8b8   0x6000b8b8   0x00000096   Code   RO          327    .text.rt_device_write  device.o
    0x6000b94e   0x6000b94e   0x00000002   PAD
    0x6000b950   0x6000b950   0x00000010   Code   RO          662    .text.rt_dma_calc_recved_len  serial.o
    0x6000b960   0x6000b960   0x000000c0   Code   RO          670    .text.rt_dma_recv_update_get_index  serial.o
    0x6000ba20   0x6000ba20   0x00000114   Code   RO          660    .text.rt_dma_recv_update_put_index  serial.o
    0x6000bb34   0x6000bb34   0x00000004   PAD
    0x6000bb38   0x6000bb38   0x00000022   Code   RO         1658    .text.rt_enter_critical  scheduler_up.o
    0x6000bb5a   0x6000bb5a   0x00000006   PAD
    0x6000bb60   0x6000bb60   0x00000056   Code   RO         1660    .text.rt_exit_critical  scheduler_up.o
    0x6000bbb6   0x6000bbb6   0x00000002   PAD
    0x6000bbb8   0x6000bbb8   0x00000048   Code   RO         1479    .text.rt_free       kservice.o
    0x6000bc00   0x6000bc00   0x00000040   Code   RO         1391    .text.rt_hw_backtrace_frame_get  kservice.o
    0x6000bc40   0x6000bc40   0x00000040   Code   RO         1393    .text.rt_hw_backtrace_frame_unwind  kservice.o
    0x6000bc80   0x6000bc80   0x00000056   Code   RO          759    .text.rt_hw_board_init  board.o
    0x6000bcd6   0x6000bcd6   0x00000002   PAD
    0x6000bcd8   0x6000bcd8   0x00000008   Code   RO         1451    .text.rt_hw_console_output  kservice.o
    0x6000bce0   0x6000bce0   0x00000190   Code   RO          283    .text.rt_hw_hard_fault_exception  cpuport.o
    0x6000be70   0x6000be70   0x00000004   Code   RO         1369    .text.rt_hw_interrupt_is_disabled  irq.o
    0x6000be74   0x6000be74   0x00000004   PAD
    0x6000be78   0x6000be78   0x00000024   Code   RO          805    .text.rt_hw_pin_init  drv_gpio.o
    0x6000be9c   0x6000be9c   0x00000004   PAD
    0x6000bea0   0x6000bea0   0x0000028c   Code   RO          654    .text.rt_hw_serial_isr  serial.o
    0x6000c12c   0x6000c12c   0x00000004   PAD
    0x6000c130   0x6000c130   0x000000a4   Code   RO          640    .text.rt_hw_serial_register  serial.o
    0x6000c1d4   0x6000c1d4   0x00000004   PAD
    0x6000c1d8   0x6000c1d8   0x00000080   Code   RO          279    .text.rt_hw_stack_init  cpuport.o
    0x6000c258   0x6000c258   0x00000086   Code   RO          875    .text.rt_hw_uart_init  drv_uart.o
    0x6000c2de   0x6000c2de   0x00000002   PAD
    0x6000c2e0   0x6000c2e0   0x00000032   Code   RO         1357    .text.rt_interrupt_enter  irq.o
    0x6000c312   0x6000c312   0x00000006   PAD
    0x6000c318   0x6000c318   0x00000012   Code   RO         1365    .text.rt_interrupt_get_nest  irq.o
    0x6000c32a   0x6000c32a   0x00000006   PAD
    0x6000c330   0x6000c330   0x00000032   Code   RO         1361    .text.rt_interrupt_leave  irq.o
    0x6000c362   0x6000c362   0x00000006   PAD
    0x6000c368   0x6000c368   0x0000007c   Code   RO         1383    .text.rt_kprintf    kservice.o
    0x6000c3e4   0x6000c3e4   0x00000004   PAD
    0x6000c3e8   0x6000c3e8   0x00000010   Code   RO          347    .text.rt_list_init  completion.o
    0x6000c3f8   0x6000c3f8   0x00000010   Code   RO          367    .text.rt_list_init  dataqueue.o
    0x6000c408   0x6000c408   0x00000010   Code   RO         1215    .text.rt_list_init  ipc.o
    0x6000c418   0x6000c418   0x00000010   Code   RO         1636    .text.rt_list_init  scheduler_up.o
    0x6000c428   0x6000c428   0x00000010   Code   RO         1729    .text.rt_list_init  thread.o
    0x6000c438   0x6000c438   0x00000010   Code   RO         1778    .text.rt_list_init  timer.o
    0x6000c448   0x6000c448   0x00000026   Code   RO         1151    .text.rt_list_insert_after  idle.o
    0x6000c46e   0x6000c46e   0x00000002   PAD
    0x6000c470   0x6000c470   0x00000026   Code   RO         1247    .text.rt_list_insert_after  ipc.o
    0x6000c496   0x6000c496   0x00000002   PAD
    0x6000c498   0x6000c498   0x00000026   Code   RO         1594    .text.rt_list_insert_after  object.o
    0x6000c4be   0x6000c4be   0x00000002   PAD
    0x6000c4c0   0x6000c4c0   0x00000026   Code   RO         1652    .text.rt_list_insert_after  scheduler_up.o
    0x6000c4e6   0x6000c4e6   0x00000002   PAD
    0x6000c4e8   0x6000c4e8   0x00000026   Code   RO         1770    .text.rt_list_insert_after  timer.o
    0x6000c50e   0x6000c50e   0x00000002   PAD
    0x6000c510   0x6000c510   0x00000026   Code   RO          353    .text.rt_list_insert_before  completion.o
    0x6000c536   0x6000c536   0x00000002   PAD
    0x6000c538   0x6000c538   0x00000026   Code   RO          373    .text.rt_list_insert_before  dataqueue.o
    0x6000c55e   0x6000c55e   0x00000002   PAD
    0x6000c560   0x6000c560   0x00000026   Code   RO         1341    .text.rt_list_insert_before  ipc.o
    0x6000c586   0x6000c586   0x00000002   PAD
    0x6000c588   0x6000c588   0x00000026   Code   RO         1650    .text.rt_list_insert_before  scheduler_up.o
    0x6000c5ae   0x6000c5ae   0x00000002   PAD
    0x6000c5b0   0x6000c5b0   0x00000014   Code   RO          351    .text.rt_list_isempty  completion.o
    0x6000c5c4   0x6000c5c4   0x00000004   PAD
    0x6000c5c8   0x6000c5c8   0x00000014   Code   RO          375    .text.rt_list_isempty  dataqueue.o
    0x6000c5dc   0x6000c5dc   0x00000004   PAD
    0x6000c5e0   0x6000c5e0   0x00000014   Code   RO         1038    .text.rt_list_isempty  cmd.o
    0x6000c5f4   0x6000c5f4   0x00000004   PAD
    0x6000c5f8   0x6000c5f8   0x00000014   Code   RO         1207    .text.rt_list_isempty  ipc.o
    0x6000c60c   0x6000c60c   0x00000004   PAD
    0x6000c610   0x6000c610   0x00000014   Code   RO         1656    .text.rt_list_isempty  scheduler_up.o
    0x6000c624   0x6000c624   0x00000004   PAD
    0x6000c628   0x6000c628   0x00000014   Code   RO         1780    .text.rt_list_isempty  timer.o
    0x6000c63c   0x6000c63c   0x00000004   PAD
    0x6000c640   0x6000c640   0x0000002e   Code   RO         1040    .text.rt_list_len   cmd.o
    0x6000c66e   0x6000c66e   0x00000002   PAD
    0x6000c670   0x6000c670   0x00000020   Code   RO         1155    .text.rt_list_remove  idle.o
    0x6000c690   0x6000c690   0x00000020   Code   RO         1219    .text.rt_list_remove  ipc.o
    0x6000c6b0   0x6000c6b0   0x00000020   Code   RO         1598    .text.rt_list_remove  object.o
    0x6000c6d0   0x6000c6d0   0x00000020   Code   RO         1654    .text.rt_list_remove  scheduler_up.o
    0x6000c6f0   0x6000c6f0   0x00000020   Code   RO         1723    .text.rt_list_remove  thread.o
    0x6000c710   0x6000c710   0x00000020   Code   RO         1782    .text.rt_list_remove  timer.o
    0x6000c730   0x6000c730   0x0000004c   Code   RO         1431    .text.rt_malloc     kservice.o
    0x6000c77c   0x6000c77c   0x00000004   PAD
    0x6000c780   0x6000c780   0x000000da   Code   RO         1407    .text.rt_memcpy     kservice.o
    0x6000c85a   0x6000c85a   0x00000006   PAD
    0x6000c860   0x6000c860   0x0000022e   Code   RO         1516    .text.rt_memheap_alloc  memheap.o
    0x6000ca8e   0x6000ca8e   0x00000002   PAD
    0x6000ca90   0x6000ca90   0x000001de   Code   RO         1520    .text.rt_memheap_free  memheap.o
    0x6000cc6e   0x6000cc6e   0x00000002   PAD
    0x6000cc70   0x6000cc70   0x00000126   Code   RO         1512    .text.rt_memheap_init  memheap.o
    0x6000cd96   0x6000cd96   0x00000002   PAD
    0x6000cd98   0x6000cd98   0x00000082   Code   RO         1409    .text.rt_memmove    kservice.o
    0x6000ce1a   0x6000ce1a   0x00000006   PAD
    0x6000ce20   0x6000ce20   0x000000d0   Code   RO         1405    .text.rt_memset     kservice.o
    0x6000cef0   0x6000cef0   0x000000ec   Code   RO         1221    .text.rt_mutex_drop_thread  ipc.o
    0x6000cfdc   0x6000cfdc   0x00000004   PAD
    0x6000cfe0   0x6000cfe0   0x00000068   Code   RO         1213    .text.rt_mutex_init  ipc.o
    0x6000d048   0x6000d048   0x00000214   Code   RO         1245    .text.rt_mutex_release  ipc.o
    0x6000d25c   0x6000d25c   0x00000004   PAD
    0x6000d260   0x6000d260   0x00000016   Code   RO         1235    .text.rt_mutex_take  ipc.o
    0x6000d276   0x6000d276   0x00000002   PAD
    0x6000d278   0x6000d278   0x000000f4   Code   RO         1600    .text.rt_object_allocate  object.o
    0x6000d36c   0x6000d36c   0x00000004   PAD
    0x6000d370   0x6000d370   0x000000c4   Code   RO         1602    .text.rt_object_delete  object.o
    0x6000d434   0x6000d434   0x00000004   PAD
    0x6000d438   0x6000d438   0x00000098   Code   RO         1596    .text.rt_object_detach  object.o
    0x6000d4d0   0x6000d4d0   0x000000c6   Code   RO         1608    .text.rt_object_find  object.o
    0x6000d596   0x6000d596   0x00000002   PAD
    0x6000d598   0x6000d598   0x00000068   Code   RO         1584    .text.rt_object_get_information  object.o
    0x6000d600   0x6000d600   0x00000032   Code   RO         1606    .text.rt_object_get_type  object.o
    0x6000d632   0x6000d632   0x00000006   PAD
    0x6000d638   0x6000d638   0x000000f2   Code   RO         1592    .text.rt_object_init  object.o
    0x6000d72a   0x6000d72a   0x00000006   PAD
    0x6000d730   0x6000d730   0x00000044   Code   RO         1604    .text.rt_object_is_systemobject  object.o
    0x6000d774   0x6000d774   0x00000004   PAD
    0x6000d778   0x6000d778   0x0000005e   Code   RO          613    .text.rt_pin_get    pin.o
    0x6000d7d6   0x6000d7d6   0x00000002   PAD
    0x6000d7d8   0x6000d7d8   0x00000048   Code   RO          607    .text.rt_pin_mode   pin.o
    0x6000d820   0x6000d820   0x00000040   Code   RO          611    .text.rt_pin_read   pin.o
    0x6000d860   0x6000d860   0x00000048   Code   RO          609    .text.rt_pin_write  pin.o
    0x6000d8a8   0x6000d8a8   0x000001e2   Code   RO         1644    .text.rt_schedule   scheduler_up.o
    0x6000da8a   0x6000da8a   0x00000006   PAD
    0x6000da90   0x6000da90   0x000000c0   Code   RO         1646    .text.rt_schedule_insert_thread  scheduler_up.o
    0x6000db50   0x6000db50   0x0000006c   Code   RO         1642    .text.rt_schedule_remove_thread  scheduler_up.o
    0x6000dbbc   0x6000dbbc   0x00000004   PAD
    0x6000dbc0   0x6000dbc0   0x000000a6   Code   RO         1181    .text.rt_sem_init   ipc.o
    0x6000dc66   0x6000dc66   0x00000002   PAD
    0x6000dc68   0x6000dc68   0x000000e6   Code   RO         1205    .text.rt_sem_release  ipc.o
    0x6000dd4e   0x6000dd4e   0x00000002   PAD
    0x6000dd50   0x6000dd50   0x00000016   Code   RO         1195    .text.rt_sem_take   ipc.o
    0x6000dd66   0x6000dd66   0x00000002   PAD
    0x6000dd68   0x6000dd68   0x00000210   Code   RO          646    .text.rt_serial_close  serial.o
    0x6000df78   0x6000df78   0x00000110   Code   RO          652    .text.rt_serial_control  serial.o
    0x6000e088   0x6000e088   0x00000062   Code   RO          642    .text.rt_serial_init  serial.o
    0x6000e0ea   0x6000e0ea   0x00000006   PAD
    0x6000e0f0   0x6000e0f0   0x000003d0   Code   RO          644    .text.rt_serial_open  serial.o
    0x6000e4c0   0x6000e4c0   0x00000086   Code   RO          648    .text.rt_serial_read  serial.o
    0x6000e546   0x6000e546   0x00000002   PAD
    0x6000e548   0x6000e548   0x00000084   Code   RO          650    .text.rt_serial_write  serial.o
    0x6000e5cc   0x6000e5cc   0x00000004   PAD
    0x6000e5d0   0x6000e5d0   0x00000046   Code   RO         1401    .text.rt_set_errno  kservice.o
    0x6000e616   0x6000e616   0x00000002   PAD
    0x6000e618   0x6000e618   0x00000054   Code   RO         1433    .text.rt_show_version  kservice.o
    0x6000e66c   0x6000e66c   0x00000004   PAD
    0x6000e670   0x6000e670   0x00000030   Code   RO         1441    .text.rt_snprintf   kservice.o
    0x6000e6a0   0x6000e6a0   0x0000002a   Code   RO         1088    .text.rt_soft_atomic_add  clock.o
    0x6000e6ca   0x6000e6ca   0x00000006   PAD
    0x6000e6d0   0x6000e6d0   0x0000002a   Code   RO         1359    .text.rt_soft_atomic_add  irq.o
    0x6000e6fa   0x6000e6fa   0x00000006   PAD
    0x6000e700   0x6000e700   0x0000002a   Code   RO         1735    .text.rt_soft_atomic_add  thread.o
    0x6000e72a   0x6000e72a   0x00000006   PAD
    0x6000e730   0x6000e730   0x00000044   Code   RO         1094    .text.rt_soft_atomic_compare_exchange_strong  clock.o
    0x6000e774   0x6000e774   0x00000004   PAD
    0x6000e778   0x6000e778   0x0000001e   Code   RO         1080    .text.rt_soft_atomic_load  clock.o
    0x6000e796   0x6000e796   0x00000002   PAD
    0x6000e798   0x6000e798   0x0000001e   Code   RO         1147    .text.rt_soft_atomic_load  idle.o
    0x6000e7b6   0x6000e7b6   0x00000002   PAD
    0x6000e7b8   0x6000e7b8   0x0000001e   Code   RO         1367    .text.rt_soft_atomic_load  irq.o
    0x6000e7d6   0x6000e7d6   0x00000002   PAD
    0x6000e7d8   0x6000e7d8   0x0000001e   Code   RO         1161    .text.rt_soft_atomic_store  idle.o
    0x6000e7f6   0x6000e7f6   0x00000002   PAD
    0x6000e7f8   0x6000e7f8   0x0000001e   Code   RO         1705    .text.rt_soft_atomic_store  thread.o
    0x6000e816   0x6000e816   0x00000002   PAD
    0x6000e818   0x6000e818   0x0000002a   Code   RO         1092    .text.rt_soft_atomic_sub  clock.o
    0x6000e842   0x6000e842   0x00000006   PAD
    0x6000e848   0x6000e848   0x0000002a   Code   RO         1363    .text.rt_soft_atomic_sub  irq.o
    0x6000e872   0x6000e872   0x00000006   PAD
    0x6000e878   0x6000e878   0x0000002a   Code   RO         1737    .text.rt_soft_atomic_sub  thread.o
    0x6000e8a2   0x6000e8a2   0x00000006   PAD
    0x6000e8a8   0x6000e8a8   0x0000000e   Code   RO          345    .text.rt_spin_lock_irqsave  completion.o
    0x6000e8b6   0x6000e8b6   0x00000002   PAD
    0x6000e8b8   0x6000e8b8   0x0000000e   Code   RO          371    .text.rt_spin_lock_irqsave  dataqueue.o
    0x6000e8c6   0x6000e8c6   0x00000002   PAD
    0x6000e8c8   0x6000e8c8   0x0000000e   Code   RO          656    .text.rt_spin_lock_irqsave  serial.o
    0x6000e8d6   0x6000e8d6   0x00000002   PAD
    0x6000e8d8   0x6000e8d8   0x0000000e   Code   RO         1034    .text.rt_spin_lock_irqsave  cmd.o
    0x6000e8e6   0x6000e8e6   0x00000002   PAD
    0x6000e8e8   0x6000e8e8   0x0000000e   Code   RO         1090    .text.rt_spin_lock_irqsave  clock.o
    0x6000e8f6   0x6000e8f6   0x00000002   PAD
    0x6000e8f8   0x6000e8f8   0x0000000e   Code   RO         1149    .text.rt_spin_lock_irqsave  idle.o
    0x6000e906   0x6000e906   0x00000002   PAD
    0x6000e908   0x6000e908   0x0000000e   Code   RO         1187    .text.rt_spin_lock_irqsave  ipc.o
    0x6000e916   0x6000e916   0x00000002   PAD
    0x6000e918   0x6000e918   0x0000000e   Code   RO         1588    .text.rt_spin_lock_irqsave  object.o
    0x6000e926   0x6000e926   0x00000002   PAD
    0x6000e928   0x6000e928   0x0000000e   Code   RO         1697    .text.rt_spin_lock_irqsave  thread.o
    0x6000e936   0x6000e936   0x00000002   PAD
    0x6000e938   0x6000e938   0x0000000e   Code   RO         1760    .text.rt_spin_lock_irqsave  timer.o
    0x6000e946   0x6000e946   0x00000002   PAD
    0x6000e948   0x6000e948   0x00000056   Code   RO         1425    .text.rt_strcmp     kservice.o
    0x6000e99e   0x6000e99e   0x00000002   PAD
    0x6000e9a0   0x6000e9a0   0x0000006e   Code   RO         1397    .text.rt_strerror   kservice.o
    0x6000ea0e   0x6000ea0e   0x00000002   PAD
    0x6000ea10   0x6000ea10   0x0000002c   Code   RO         1415    .text.rt_strlen     kservice.o
    0x6000ea3c   0x6000ea3c   0x00000004   PAD
    0x6000ea40   0x6000ea40   0x00000050   Code   RO         1423    .text.rt_strncmp    kservice.o
    0x6000ea90   0x6000ea90   0x0000005e   Code   RO         1419    .text.rt_strncpy    kservice.o
    0x6000eaee   0x6000eaee   0x00000002   PAD
    0x6000eaf0   0x6000eaf0   0x00000060   Code   RO         1467    .text.rt_system_heap_init  kservice.o
    0x6000eb50   0x6000eb50   0x00000048   Code   RO         1634    .text.rt_system_scheduler_init  scheduler_up.o
    0x6000eb98   0x6000eb98   0x00000032   Code   RO         1638    .text.rt_system_scheduler_start  scheduler_up.o
    0x6000ebca   0x6000ebca   0x00000006   PAD
    0x6000ebd0   0x6000ebd0   0x00000034   Code   RO         1788    .text.rt_system_timer_init  timer.o
    0x6000ec04   0x6000ec04   0x00000004   PAD
    0x6000ec08   0x6000ec08   0x00000002   Code   RO         1790    .text.rt_system_timer_thread_init  timer.o
    0x6000ec0a   0x6000ec0a   0x00000006   PAD
    0x6000ec10   0x6000ec10   0x00000130   Code   RO         1717    .text.rt_thread_control  thread.o
    0x6000ed40   0x6000ed40   0x0000007e   Code   RO         1699    .text.rt_thread_create  thread.o
    0x6000edbe   0x6000edbe   0x00000002   PAD
    0x6000edc0   0x6000edc0   0x00000040   Code   RO         1153    .text.rt_thread_defunct_dequeue  idle.o
    0x6000ee00   0x6000ee00   0x00000046   Code   RO         1145    .text.rt_thread_defunct_enqueue  idle.o
    0x6000ee46   0x6000ee46   0x00000002   PAD
    0x6000ee48   0x6000ee48   0x00000010   Code   RO         1711    .text.rt_thread_delay  thread.o
    0x6000ee58   0x6000ee58   0x000000fc   Code   RO         1701    .text.rt_thread_delete  thread.o
    0x6000ef54   0x6000ef54   0x00000004   PAD
    0x6000ef58   0x6000ef58   0x000000fc   Code   RO         1695    .text.rt_thread_detach  thread.o
    0x6000f054   0x6000f054   0x00000004   PAD
    0x6000f058   0x6000f058   0x0000009e   Code   RO         1157    .text.rt_thread_idle_init  idle.o
    0x6000f0f6   0x6000f0f6   0x00000002   PAD
    0x6000f0f8   0x6000f0f8   0x00000098   Code   RO         1685    .text.rt_thread_init  thread.o
    0x6000f190   0x6000f190   0x00000018   Code   RO         1715    .text.rt_thread_mdelay  thread.o
    0x6000f1a8   0x6000f1a8   0x000000bc   Code   RO         1693    .text.rt_thread_resume  thread.o
    0x6000f264   0x6000f264   0x00000004   PAD
    0x6000f268   0x6000f268   0x0000000c   Code   RO         1689    .text.rt_thread_self  thread.o
    0x6000f274   0x6000f274   0x00000004   PAD
    0x6000f278   0x6000f278   0x00000090   Code   RO         1719    .text.rt_thread_set_suspend_state  thread.o
    0x6000f308   0x6000f308   0x000001c4   Code   RO         1707    .text.rt_thread_sleep  thread.o
    0x6000f4cc   0x6000f4cc   0x00000004   PAD
    0x6000f4d0   0x6000f4d0   0x000000a0   Code   RO         1691    .text.rt_thread_startup  thread.o
    0x6000f570   0x6000f570   0x0000014a   Code   RO         1709    .text.rt_thread_suspend_with_flag  thread.o
    0x6000f6ba   0x6000f6ba   0x00000006   PAD
    0x6000f6c0   0x6000f6c0   0x00000064   Code   RO         1096    .text.rt_tick_from_millisecond  clock.o
    0x6000f724   0x6000f724   0x00000004   PAD
    0x6000f728   0x6000f728   0x00000010   Code   RO         1078    .text.rt_tick_get   clock.o
    0x6000f738   0x6000f738   0x000000be   Code   RO         1086    .text.rt_tick_increase  clock.o
    0x6000f7f6   0x6000f7f6   0x00000002   PAD
    0x6000f7f8   0x6000f7f8   0x0000013a   Code   RO         1776    .text.rt_timer_check  timer.o
    0x6000f932   0x6000f932   0x00000006   PAD
    0x6000f938   0x6000f938   0x0000010e   Code   RO         1774    .text.rt_timer_control  timer.o
    0x6000fa46   0x6000fa46   0x00000002   PAD
    0x6000fa48   0x6000fa48   0x000000a8   Code   RO         1758    .text.rt_timer_detach  timer.o
    0x6000faf0   0x6000faf0   0x000000a4   Code   RO         1754    .text.rt_timer_init  timer.o
    0x6000fb94   0x6000fb94   0x00000004   PAD
    0x6000fb98   0x6000fb98   0x000001c2   Code   RO         1768    .text.rt_timer_start  timer.o
    0x6000fd5a   0x6000fd5a   0x00000006   PAD
    0x6000fd60   0x6000fd60   0x000000c2   Code   RO         1772    .text.rt_timer_stop  timer.o
    0x6000fe22   0x6000fe22   0x00000006   PAD
    0x6000fe28   0x6000fe28   0x00000614   Code   RO         1435    .text.rt_vsnprintf  kservice.o
    0x6001043c   0x6001043c   0x00000004   PAD
    0x60010440   0x60010440   0x00000004   Code   RO         1113    .text.rti_board_end  components.o
    0x60010444   0x60010444   0x00000004   PAD
    0x60010448   0x60010448   0x00000004   Code   RO         1111    .text.rti_board_start  components.o
    0x6001044c   0x6001044c   0x00000004   PAD
    0x60010450   0x60010450   0x00000004   Code   RO         1115    .text.rti_end       components.o
    0x60010454   0x60010454   0x00000004   PAD
    0x60010458   0x60010458   0x00000004   Code   RO         1109    .text.rti_start     components.o
    0x6001045c   0x6001045c   0x00000004   PAD
    0x60010460   0x60010460   0x0000002a   Code   RO         1123    .text.rtthread_startup  components.o
    0x6001048a   0x6001048a   0x00000006   PAD
    0x60010490   0x60010490   0x00000036   Code   RO          941    .text.shell_auto_complete  shell.o
    0x600104c6   0x600104c6   0x00000002   PAD
    0x600104c8   0x600104c8   0x00000030   Code   RO          939    .text.shell_handle_history  shell.o
    0x600104f8   0x600104f8   0x0000010c   Code   RO          943    .text.shell_push_history  shell.o
    0x60010604   0x60010604   0x00000004   PAD
    0x60010608   0x60010608   0x00000056   Code   RO         1042    .text.show_wait_queue  cmd.o
    0x6001065e   0x6001065e   0x00000002   PAD
    0x60010660   0x60010660   0x0000003c   Code   RO         1437    .text.skip_atoi     kservice.o
    0x6001069c   0x6001069c   0x00000004   PAD
    0x600106a0   0x600106a0   0x00000060   Code   RO          975    .text.str_common    msh.o
    0x60010700   0x60010700   0x00000002   Code   RO          877    .text.uart_get_dma_config  drv_uart.o
    0x60010702   0x60010702   0x00000006   PAD
    0x60010708   0x60010708   0x00000064   Code   RO          865    .text.uart_isr      drv_uart.o
    0x6001076c   0x6001076c   0x00000004   PAD
    0x60010770   0x60010770   0x000000f0   Code   RO          295    .text.usage_fault_track  cpuport.o
    0x60010860   0x60010860   0x0000000a   Code   RO         1024    .text.version       cmd.o
    0x6001086a   0x6001086a   0x00000002   PAD
    0x6001086c   0x6001086c   0x0000002c   Code   RO         2320    locale$$code        c_w.l(lc_ctype_c.o)
    0x60010898   0x60010898   0x0000001a   Code   RO         2430    x$fpl$fpinit        fz_wv.l(fpinit.o)
    0x600108b2   0x600108b2   0x00000002   PAD
    0x600108b4   0x600108b4   0x00000008   Data   RO          711    .rodata.armPllConfig_BOARD_BootClockRUN  clock_config.o
    0x600108bc   0x600108bc   0x0000007c   Data   RO         1066    .rodata.device_type_str  cmd.o
    0x60010938   0x60010938   0x0000001c   Data   RO          852    .rodata.imxrt_pin_ops  drv_gpio.o
    0x60010954   0x60010954   0x00000014   Data   RO          907    .rodata.imxrt_uart_ops  drv_uart.o
    0x60010968   0x60010968   0x0000001a   Data   RO          855    .rodata.irq_tab     drv_gpio.o
    0x60010982   0x60010982   0x00000002   PAD
    0x60010984   0x60010984   0x00000038   Data   RO          849    .rodata.mask_tab    drv_gpio.o
    0x600109bc   0x600109bc   0x00000011   Data   RO          631    .rodata.name        pin.o
    0x600109cd   0x600109cd   0x00000064   Data   RO          996    .rodata.name        msh.o
    0x60010a31   0x60010a31   0x0000005d   Data   RO         1062    .rodata.name        cmd.o
    0x60010a8e   0x60010a8e   0x00000026   Data   RO         1496    .rodata.name        kservice.o
    0x60010ab4   0x60010ab4   0x00000011   Data   RO         1503    .rodata.print_number.large_digits  kservice.o
    0x60010ac5   0x60010ac5   0x00000011   Data   RO         1502    .rodata.print_number.small_digits  kservice.o
    0x60010ad6   0x60010ad6   0x00000002   PAD
    0x60010ad8   0x60010ad8   0x00000200   Data   RO          850    .rodata.reg_offset  drv_gpio.o
    0x60010cd8   0x60010cd8   0x00000018   Data   RO         1876    .rodata.s_gpioBases  fsl_gpio.o
    0x60010cf0   0x60010cf0   0x0000000c   Data   RO         1874    .rodata.s_gpioClock  fsl_gpio.o
    0x60010cfc   0x60010cfc   0x00000024   Data   RO         1966    .rodata.s_lpuartBases  fsl_lpuart.o
    0x60010d20   0x60010d20   0x00000012   Data   RO         1968    .rodata.s_lpuartClock  fsl_lpuart.o
    0x60010d32   0x60010d32   0x00000003   Data   RO           59    .rodata.str1.1      syscalls.o
    0x60010d35   0x60010d35   0x0000002a   Data   RO           90    .rodata.str1.1      cstdlib.o
    0x60010d5f   0x60010d5f   0x0000023d   Data   RO          298    .rodata.str1.1      cpuport.o
    0x60010f9c   0x60010f9c   0x00000103   Data   RO          335    .rodata.str1.1      device.o
    0x6001109f   0x6001109f   0x0000012b   Data   RO          357    .rodata.str1.1      completion.o
    0x600111ca   0x600111ca   0x000000e4   Data   RO          387    .rodata.str1.1      dataqueue.o
    0x600112ae   0x600112ae   0x000002a4   Data   RO          630    .rodata.str1.1      pin.o
    0x60011552   0x60011552   0x000002a0   Data   RO          680    .rodata.str1.1      serial.o
    0x600117f2   0x600117f2   0x0000005d   Data   RO          715    .rodata.str1.1      clock_config.o
    0x6001184f   0x6001184f   0x0000004e   Data   RO          767    .rodata.str1.1      board.o
    0x6001189d   0x6001189d   0x00000040   Data   RO          851    .rodata.str1.1      drv_gpio.o
    0x600118dd   0x600118dd   0x0000005c   Data   RO          909    .rodata.str1.1      drv_uart.o
    0x60011939   0x60011939   0x000000b1   Data   RO          954    .rodata.str1.1      shell.o
    0x600119ea   0x600119ea   0x00000078   Data   RO          995    .rodata.str1.1      msh.o
    0x60011a62   0x60011a62   0x0000077b   Data   RO         1065    .rodata.str1.1      cmd.o
    0x600121dd   0x600121dd   0x00000028   Data   RO         1133    .rodata.str1.1      components.o
    0x60012205   0x60012205   0x00000008   Data   RO         1171    .rodata.str1.1      idle.o
    0x6001220d   0x6001220d   0x00000181   Data   RO         1345    .rodata.str1.1      ipc.o
    0x6001238e   0x6001238e   0x0000030b   Data   RO         1491    .rodata.str1.1      kservice.o
    0x60012699   0x60012699   0x00000112   Data   RO         1532    .rodata.str1.1      memheap.o
    0x600127ab   0x600127ab   0x000000c9   Data   RO         1622    .rodata.str1.1      object.o
    0x60012874   0x60012874   0x0000009a   Data   RO         1671    .rodata.str1.1      scheduler_up.o
    0x6001290e   0x6001290e   0x00000237   Data   RO         1742    .rodata.str1.1      thread.o
    0x60012b45   0x60012b45   0x00000113   Data   RO         1794    .rodata.str1.1      timer.o
    0x60012c58   0x60012c58   0x00000056   Data   RO         1875    .rodata.str1.1      fsl_gpio.o
    0x60012cae   0x60012cae   0x000000f4   Data   RO         1967    .rodata.str1.1      fsl_lpuart.o
    0x60012da2   0x60012da2   0x00000043   Data   RO         2065    .rodata.str1.1      fsl_clock.o
    0x60012de5   0x60012de5   0x00000003   PAD
    0x60012de8   0x60012de8   0x00000004   Data   RO         1129    .rti_fn.0           components.o
    0x60012dec   0x60012dec   0x00000004   Data   RO         1130    .rti_fn.0.end       components.o
    0x60012df0   0x60012df0   0x00000004   Data   RO          853    .rti_fn.1           drv_gpio.o
    0x60012df4   0x60012df4   0x00000004   Data   RO          908    .rti_fn.1           drv_uart.o
    0x60012df8   0x60012df8   0x00000004   Data   RO         1131    .rti_fn.1.end       components.o
    0x60012dfc   0x60012dfc   0x00000004   Data   RO          955    .rti_fn.6           shell.o
    0x60012e00   0x60012e00   0x00000004   Data   RO         1132    .rti_fn.6.end       components.o
    0x60012e04   0x60012e04   0x00000010   Data   RO          632    FSymTab             pin.o
    0x60012e14   0x60012e14   0x00000010   Data   RO          997    FSymTab             msh.o
    0x60012e24   0x60012e24   0x00000010   Data   RO          998    FSymTab             msh.o
    0x60012e34   0x60012e34   0x00000010   Data   RO          999    FSymTab             msh.o
    0x60012e44   0x60012e44   0x00000010   Data   RO         1063    FSymTab             cmd.o
    0x60012e54   0x60012e54   0x00000010   Data   RO         1064    FSymTab             cmd.o
    0x60012e64   0x60012e64   0x00000010   Data   RO         1067    FSymTab             cmd.o
    0x60012e74   0x60012e74   0x00000010   Data   RO         1497    FSymTab             kservice.o
    0x60012e84   0x60012e84   0x00000020   Data   RO         2502    Region$$Table       anon$$obj.o
    0x60012ea4   0x60012ea4   0x00000110   Data   RO         2319    locale$$data        c_w.l(lc_ctype_c.o)


==============================================================================

Image component sizes


      Code (inc. data)   RO Data    RW Data    ZI Data      Debug   Object Name

      1230          0         78          0          0       8230   board.o
       502          0          0          0          8       4154   clock.o
      2318          0        101          0          0      12262   clock_config.o
      4158         10       2180        132          0      15973   cmd.o
       792          0        299          0          0       4117   completion.o
       272          0         56          0          0       3366   components.o
       316         28          0          0          0        812   context_rvds.o
      1414          0        573          0         16       4562   cpuport.o
        78          0         42          0          0       3565   cstdlib.o
      2538          0        228          0          0       6757   dataqueue.o
      1024          0        259          0          0       6312   device.o
      2806         12        690       2560          0      20049   drv_gpio.o
      1574          0        116        108          0      19573   drv_uart.o
         0          0        512          0          0       2418   evkbimxrt1050_flexspi_nor_config.o
      1362          0         67          0          8      16966   fsl_clock.o
         0          0         48          0          0        799   fsl_flexspi_nor_boot.o
       660          6        122          0          0       6610   fsl_gpio.o
      1764          0        298          0         40      23760   fsl_lpuart.o
       618          0          8          8        436       4984   idle.o
      3684          0        385          0          0      27456   ipc.o
       236          0          0          0         12       2025   irq.o
      5084        172        867        120        304      20309   kservice.o
        50          0          0          0          0        363   main.o
      1488          0        274          0          0       7849   memheap.o
      2224          0        268          0          0       6358   msh.o
       120          0          0          0          0       1242   msh_parse.o
      1338          0        201        240         20       7409   object.o
      1682          0        709          0         68       8345   pin.o
       934          0          0          0          0       5142   pin_mux.o
      1378          0        154          0        275       5935   scheduler_up.o
      4990         14        672          0          4      12950   serial.o
      2816          0        181          0        145       9493   shell.o
       460        224       1024          0          0       2180   startup_mimxrt1052.o
        42          0          3          0          0       5136   syscalls.o
       450          0          0          4          0       5973   system_mimxrt1052.o
      3166          0        567          0         12      10482   thread.o
      1886         10        275          0         24       7080   timer.o

    ----------------------------------------------------------------------
     56644        476      11296       3172     389948     310996   Object Totals
         0          0         32          0     388564          0   (incl. Generated)
      1190          0          7          0         12          0   (incl. Padding)

    ----------------------------------------------------------------------

      Code (inc. data)   RO Data    RW Data    ZI Data      Debug   Library Member Name

        90          0          0          0          0          0   __dczerorl2.o
         8          0          0          0          0         68   __main.o
         0          0          0          0          0          0   __rtentry.o
        12          0          0          0          0          0   __rtentry2.o
         8          4          0          0          0          0   __rtentry7.o
        52          8          0          0          0          0   __scatter.o
        28          0          0          0          0          0   __scatter_zi.o
        28          0          0          0          0         68   _chval.o
       158          0          0          0          0         92   _strtoul.o
        22          0          0          0          0         80   abort.o
       128         42          0          0          0         76   assert.o
        20          0          0          0          0         76   assert_puts.o
        26          0          0          0          0         80   atoi.o
        48         34          0          0          0         76   defsig_abrt_inner.o
        14          0          0          0          0         80   defsig_abrt_outer.o
        10          0          0          0          0         68   defsig_exit.o
        50          0          0          0          0         88   defsig_general.o
        18          0          0          0          0         80   exit.o
        44         10        272          0          0         76   lc_ctype_c.o
         2          0          0          0          0          0   libinit.o
        24          0          0          0          0          0   libinit2.o
         2          0          0          0          0          0   libshutdown.o
         2          0          0          0          0          0   libshutdown2.o
         0          0          0          0         96          0   libspace.o
        88          0          0          0          0         76   memcmp.o
        22          0          0          0          0         76   memset.o
        16          4          0          0          0         76   rt_ctype_table.o
         8          4          0          0          0         68   rt_errno_addr_intlibspace.o
         8          4          0          0          0         68   rt_locale_intlibspace.o
        68          0          0          0          0         68   rt_memclr.o
        78          0          0          0          0         80   rt_memclr_w.o
         2          0          0          0          0          0   rtexit.o
        10          0          0          0          0          0   rtexit2.o
        24          0          0          0          0         68   strcat.o
        20          0          0          0          0         68   strchr.o
       124          0          0          0          0         88   strcmpv7m_pel.o
        72          0          0          0          0         80   strcpy.o
        62          0          0          0          0         76   strlen.o
       150          0          0          0          0         80   strncmp.o
        86          0          0          0          0         76   strncpy.o
       112          0          0          0          0         88   strtol.o
       114          0          0          0          0         92   strtoul.o
         2          0          0          0          0         68   use_no_semi.o
         2          0          0          0          0         68   use_no_semi_2.o
        26          0          0          0          0        116   fpinit.o

    ----------------------------------------------------------------------
      1904        110        272          0         96       2488   Library Totals
        16          0          0          0          0          0   (incl. Padding)

    ----------------------------------------------------------------------

      Code (inc. data)   RO Data    RW Data    ZI Data      Debug   Library Name

      1862        110        272          0         96       2372   c_w.l
        26          0          0          0          0        116   fz_wv.l

    ----------------------------------------------------------------------
      1904        110        272          0         96       2488   Library Totals

    ----------------------------------------------------------------------

==============================================================================


      Code (inc. data)   RO Data    RW Data    ZI Data      Debug   

     58548        586      11568       3172     390044     311440   Grand Totals
     58548        586      11568        320     390044     311440   ELF Image Totals (compressed)
     58548        586      11568        320          0          0   ROM Totals

==============================================================================

    Total RO  Size (Code + RO Data)                70116 (  68.47kB)
    Total RW  Size (RW Data + ZI Data)            393216 ( 384.00kB)
    Total ROM Size (Code + RO Data + RW Data)      70436 (  68.79kB)

==============================================================================

