<html>
<body>
<pre>
<h1>µVision Build Log</h1>
<h2>Tool Versions:</h2>
IDE-Version: ¦ÌVision V5.38.0.0
Copyright (C) 2022 ARM Ltd and ARM Germany GmbH. All rights reserved.
License Information: bright pan, µÃµ½, LIC=HN0AE-506ES-30QNC-74ADV-5DIAC-AGKJ6
 
Tool Versions:
Toolchain:       MDK-ARM Plus  Version: 5.38.0.0
Toolchain Path:  C:\Keil_v5\ARM\ARMCLANG\Bin
C Compiler:      ArmClang.exe V6.19
Assembler:       Armasm.exe V6.19
Linker/Locator:  ArmLink.exe V6.19
Library Manager: ArmAr.exe V6.19
Hex Converter:   FromElf.exe V6.19
CPU DLL:         SARMCM3.DLL V5.38.0.0
Dialog DLL:      DCM.DLL V1.17.5.0
Target DLL:      Segger\JL2CM3.dll V2.99.42.0
Dialog DLL:      TCM.DLL V1.56.4.0
 
<h2>Project:</h2>
D:\test\project.uvprojx
Project File Date:  12/02/2023

<h2>Output:</h2>
*** Using Compiler 'V6.19', folder: 'C:\Keil_v5\ARM\ARMCLANG\Bin'
Rebuild target 'rtthread'
compiling main.c...
compiling cstring.c...
compiling cctype.c...
compiling syscalls.c...
compiling syscall_mem.c...
compiling cstdlib.c...
compiling ctime.c...
compiling cunistd.c...
compiling cwchar.c...
compiling div0.c...
compiling showmem.c...
compiling cpuport.c...
compiling cpu_cache.c...
assembling context_rvds.S...
compiling device.c...
compiling completion.c...
compiling pipe.c...
compiling dataqueue.c...
compiling ringblk_buf.c...
compiling ringbuffer.c...
compiling waitqueue.c...
compiling pin.c...
compiling workqueue.c...
compiling serial.c...
compiling clock_config.c...
compiling pin_mux.c...
compiling board.c...
compiling drv_common.c...
compiling shell.c...
compiling msh_parse.c...
compiling msh.c...
compiling drv_gpio.c...
compiling drv_uart.c...
compiling clock.c...
compiling cmd.c...
compiling components.c...
compiling idle.c...
compiling irq.c...
compiling kservice.c...
compiling memheap.c...
compiling mempool.c...
compiling ipc.c...
compiling object.c...
compiling scheduler_up.c...
compiling thread.c...
compiling timer.c...
compiling system_MIMXRT1052.c...
compiling generic_list.c...
compiling fsl_gpio.c...
compiling fsl_xbarb.c...
compiling fsl_lpuart.c...
compiling fsl_clock.c...
compiling fsl_cache.c...
assembling startup_MIMXRT1052.s...
compiling fsl_common.c...
compiling fsl_xbara.c...
compiling evkbimxrt1050_flexspi_nor_config.c...
compiling fsl_flexspi_nor_boot.c...
compiling fsl_os_abstraction_rtthread.c...
linking...
C:\Users\brigh\AppData\Local\Temp\p589c-3(65): warning: L6312W: Empty Execution region description for region RW_m_ncache
.\board\linker_scripts\MIMXRT1052xxxxx_flexspi_nor.scf(40): warning: L6314W: No section matches pattern *(.boot_hdr.dcd_data).
.\board\linker_scripts\MIMXRT1052xxxxx_flexspi_nor.scf(55): warning: L6314W: No section matches pattern *(NonCacheable.init).
.\board\linker_scripts\MIMXRT1052xxxxx_flexspi_nor.scf(56): warning: L6314W: No section matches pattern *(NonCacheable).
Program Size: Code=58548 RO-data=11568 RW-data=3172 ZI-data=390044  
Finished: 0 information, 4 warning and 0 error messages.
FromELF: creating hex file...
After Build - User command #1: fromelf --bin .\build\keil\Obj\rtthread.axf --output rtthread.bin
Error: Q0147E: Failed to create Directory rtthread.bin\RW_m_config_text: File exists
Finished: 0 information, 0 warning and 1 error messages.
".\build\keil\Obj\rtthread.axf" - 0 Error(s), 4 Warning(s).

<h2>Software Packages used:</h2>

Package Vendor: NXP
                https://mcuxpresso.nxp.com/cmsis_pack/repo/NXP.MIMXRT1052_DFP.17.0.0.pack
                NXP.MIMXRT1052_DFP.17.0.0
                Device Family Pack for MIMXRT1052

<h2>Collection of Component include folders:</h2>
  C:/Users/brigh/AppData/Local/Arm/Packs/NXP/MIMXRT1052_DFP/17.0.0/devices/MIMXRT1052

<h2>Collection of Component Files used:</h2>
Build Time Elapsed:  00:00:03
</pre>
</body>
</html>
